Archive member included because of file (symbol)

libraries\core.a(WInterrupts.c.o)
                              obj\Release\main.o (attachInterrupt)
libraries\core.a(wiring.c.o)  obj\Release\main.o (delay)
libraries\core.a(wiring_analog.c.o)
                              obj\Release\main.o (analogWrite)
libraries\core.a(wiring_digital.c.o)
                              obj\Release\main.o (pinMode)
libraries\core.a(wiring_pulse.c.o)
                              obj\Release\main.o (pulseIn)
libraries\core.a(HardwareSerial.cpp.o)
                              obj\Release\main.o (Serial)
libraries\core.a(IPAddress.cpp.o)
                              obj\Release\main.o (IPAddress::IPAddress(unsigned char, unsigned char, unsigned char, unsigned char))
libraries\core.a(Print.cpp.o)
                              obj\Release\libraries\Wire.o (Print::write(unsigned char const*, unsigned int))
libraries\core.a(WString.cpp.o)
                              libraries\core.a(Print.cpp.o) (String::operator[](unsigned int) const)
libraries\core.a(malloc.c.o)  libraries\core.a(WString.cpp.o) (free)
libraries\core.a(realloc.c.o)
                              libraries\core.a(WString.cpp.o) (realloc)
d:/programme/winavr/bin/../lib/gcc/avr/4.3.3/avr6\libgcc.a(_mulsi3.o)
                              libraries\core.a(wiring_pulse.c.o) (__mulsi3)
d:/programme/winavr/bin/../lib/gcc/avr/4.3.3/avr6\libgcc.a(_udivmodhi4.o)
                              obj\Release\main.o (__udivmodhi4)
d:/programme/winavr/bin/../lib/gcc/avr/4.3.3/avr6\libgcc.a(_udivmodsi4.o)
                              libraries\core.a(HardwareSerial.cpp.o) (__udivmodsi4)
d:/programme/winavr/bin/../lib/gcc/avr/4.3.3/avr6\libgcc.a(_exit.o)
                              d:/programme/winavr/bin/../lib/gcc/avr/4.3.3/../../../../avr/lib/avr6/crtm2560.o (exit)
d:/programme/winavr/bin/../lib/gcc/avr/4.3.3/avr6\libgcc.a(_clear_bss.o)
                              obj\Release\libraries\twi.o (__do_clear_bss)
d:/programme/winavr/bin/../lib/gcc/avr/4.3.3/avr6\libgcc.a(_ctors.o)
                              obj\Release\libraries\Wire.o (__do_global_ctors)
d:/programme/winavr/bin/../lib/gcc/avr/4.3.3/avr6\libgcc.a(_fixunssfsi.o)
                              libraries\core.a(Print.cpp.o) (__fixunssfsi)
d:/programme/winavr/bin/../lib/gcc/avr/4.3.3/avr6\libgcc.a(_addsub_sf.o)
                              libraries\core.a(Print.cpp.o) (__subsf3)
d:/programme/winavr/bin/../lib/gcc/avr/4.3.3/avr6\libgcc.a(_mul_sf.o)
                              obj\Release\main.o (__mulsf3)
d:/programme/winavr/bin/../lib/gcc/avr/4.3.3/avr6\libgcc.a(_div_sf.o)
                              libraries\core.a(Print.cpp.o) (__divsf3)
d:/programme/winavr/bin/../lib/gcc/avr/4.3.3/avr6\libgcc.a(_gt_sf.o)
                              libraries\core.a(Print.cpp.o) (__gtsf2)
d:/programme/winavr/bin/../lib/gcc/avr/4.3.3/avr6\libgcc.a(_ge_sf.o)
                              d:/programme/winavr/bin/../lib/gcc/avr/4.3.3/avr6\libgcc.a(_fixunssfsi.o) (__gesf2)
d:/programme/winavr/bin/../lib/gcc/avr/4.3.3/avr6\libgcc.a(_lt_sf.o)
                              libraries\core.a(Print.cpp.o) (__ltsf2)
d:/programme/winavr/bin/../lib/gcc/avr/4.3.3/avr6\libgcc.a(_le_sf.o)
                              libraries\core.a(Print.cpp.o) (__lesf2)
d:/programme/winavr/bin/../lib/gcc/avr/4.3.3/avr6\libgcc.a(_unord_sf.o)
                              libraries\core.a(Print.cpp.o) (__unordsf2)
d:/programme/winavr/bin/../lib/gcc/avr/4.3.3/avr6\libgcc.a(_si_to_sf.o)
                              obj\Release\main.o (__floatsisf)
d:/programme/winavr/bin/../lib/gcc/avr/4.3.3/avr6\libgcc.a(_sf_to_si.o)
                              obj\Release\main.o (__fixsfsi)
d:/programme/winavr/bin/../lib/gcc/avr/4.3.3/avr6\libgcc.a(_thenan_sf.o)
                              d:/programme/winavr/bin/../lib/gcc/avr/4.3.3/avr6\libgcc.a(_addsub_sf.o) (__thenan_sf)
d:/programme/winavr/bin/../lib/gcc/avr/4.3.3/avr6\libgcc.a(_usi_to_sf.o)
                              libraries\core.a(Print.cpp.o) (__floatunsisf)
d:/programme/winavr/bin/../lib/gcc/avr/4.3.3/avr6\libgcc.a(_prologue.o)
                              d:/programme/winavr/bin/../lib/gcc/avr/4.3.3/avr6\libgcc.a(_addsub_sf.o) (__prologue_saves__)
d:/programme/winavr/bin/../lib/gcc/avr/4.3.3/avr6\libgcc.a(_epilogue.o)
                              d:/programme/winavr/bin/../lib/gcc/avr/4.3.3/avr6\libgcc.a(_addsub_sf.o) (__epilogue_restores__)
d:/programme/winavr/bin/../lib/gcc/avr/4.3.3/avr6\libgcc.a(_tablejump.o)
                              d:/programme/winavr/bin/../lib/gcc/avr/4.3.3/avr6\libgcc.a(_ctors.o) (__tablejump__)
d:/programme/winavr/bin/../lib/gcc/avr/4.3.3/avr6\libgcc.a(_clzsi2.o)
                              d:/programme/winavr/bin/../lib/gcc/avr/4.3.3/avr6\libgcc.a(_si_to_sf.o) (__clzsi2)
d:/programme/winavr/bin/../lib/gcc/avr/4.3.3/avr6\libgcc.a(_pack_sf.o)
                              d:/programme/winavr/bin/../lib/gcc/avr/4.3.3/avr6\libgcc.a(_addsub_sf.o) (__pack_f)
[...]
Memory Configuration

Name             Origin             Length             Attributes
text             0x00000000         0x00100000         xr
data             0x00800200         0x0000fe00         rw !x
eeprom           0x00810000         0x00010000         rw !x
fuse             0x00820000         0x00000400         rw !x
lock             0x00830000         0x00000400         rw !x
signature        0x00840000         0x00000400         rw !x
*default*        0x00000000         0xffffffff

Linker script and memory map

Address of section .data set to 0x800200
LOAD d:/programme/winavr/bin/../lib/gcc/avr/4.3.3/../../../../avr/lib/avr6/crtm2560.o
LOAD obj\Release\fuse.o
LOAD obj\Release\libraries\twi.o
LOAD obj\Release\libraries\Wire.o
LOAD obj\Release\main.o
LOAD libraries\core.a
LOAD d:/programme/winavr/bin/../lib/gcc/avr/4.3.3/avr6\libgcc.a
LOAD d:/programme/winavr/bin/../lib/gcc/avr/4.3.3/../../../../avr/lib/avr6\libm.a
LOAD d:/programme/winavr/bin/../lib/gcc/avr/4.3.3/avr6\libgcc.a
LOAD d:/programme/winavr/bin/../lib/gcc/avr/4.3.3/../../../../avr/lib/avr6\libc.a
LOAD d:/programme/winavr/bin/../lib/gcc/avr/4.3.3/avr6\libgcc.a

.hash
 *(.hash)

.dynsym
 *(.dynsym)

.dynstr
 *(.dynstr)

.gnu.version
 *(.gnu.version)

.gnu.version_d
 *(.gnu.version_d)

.gnu.version_r
 *(.gnu.version_r)

.rel.init
 *(.rel.init)

.rela.init
 *(.rela.init)

.rel.text
 *(.rel.text)
 *(.rel.text.*)
 *(.rel.gnu.linkonce.t*)

.rela.text
 *(.rela.text)
 *(.rela.text.*)
 *(.rela.gnu.linkonce.t*)

.rel.fini
 *(.rel.fini)

.rela.fini
 *(.rela.fini)

.rel.rodata
 *(.rel.rodata)
 *(.rel.rodata.*)
 *(.rel.gnu.linkonce.r*)

.rela.rodata
 *(.rela.rodata)
 *(.rela.rodata.*)
 *(.rela.gnu.linkonce.r*)

.rel.data
 *(.rel.data)
 *(.rel.data.*)
 *(.rel.gnu.linkonce.d*)

.rela.data
 *(.rela.data)
 *(.rela.data.*)
 *(.rela.gnu.linkonce.d*)

.rel.ctors
 *(.rel.ctors)

.rela.ctors
 *(.rela.ctors)

.rel.dtors
 *(.rel.dtors)

.rela.dtors
 *(.rela.dtors)

.rel.got
 *(.rel.got)

.rela.got
 *(.rela.got)

.rel.bss
 *(.rel.bss)

.rela.bss
 *(.rela.bss)

.rel.plt
 *(.rel.plt)

.rela.plt
 *(.rela.plt)

.text           0x00000000     0x60ec
 *(.vectors)
 .vectors       0x00000000       0xe4 d:/programme/winavr/bin/../lib/gcc/avr/4.3.3/../../../../avr/lib/avr6/crtm2560.o
                0x00000000                __vectors
                0x00000000                __vector_default
 *(.vectors)
 *(.progmem.gcc*)
 *(.progmem*)
 .progmem.data  0x000000e4      0x120 libraries\core.a(wiring_digital.c.o)
                0x000000e4                port_to_mode_PGM
                0x00000132                digital_pin_to_port_PGM
                0x00000178                digital_pin_to_bit_mask_PGM
                0x000000fe                port_to_output_PGM
                0x00000118                port_to_input_PGM
                0x000001be                digital_pin_to_timer_PGM
                0x00000204                . = ALIGN (0x2)
                0x00000204                __trampolines_start = .
 *(.trampolines)
 .trampolines   0x00000204        0x0 linker stubs
 *(.trampolines*)
                0x00000204                __trampolines_end = .
 *(.jumptables)
 *(.jumptables*)
 *(.lowtext)
 *(.lowtext*)
                0x00000204                __ctors_start = .
 *(.ctors)
 .ctors         0x00000204        0x2 obj\Release\libraries\Wire.o
 .ctors         0x00000206        0x2 obj\Release\main.o
 .ctors         0x00000208        0x2 libraries\core.a(HardwareSerial.cpp.o)
 .ctors         0x0000020a        0x2 libraries\core.a(IPAddress.cpp.o)
                0x0000020c                __ctors_end = .
                0x0000020c                __dtors_start = .
 *(.dtors)
                0x0000020c                __dtors_end = .
 SORT(*)(.ctors)
 SORT(*)(.dtors)
 *(.init0)
 .init0         0x0000020c        0x0 d:/programme/winavr/bin/../lib/gcc/avr/4.3.3/../../../../avr/lib/avr6/crtm2560.o
                0x0000020c                __init
 *(.init0)
 *(.init1)
 *(.init1)
 *(.init2)
 .init2         0x0000020c       0x10 d:/programme/winavr/bin/../lib/gcc/avr/4.3.3/../../../../avr/lib/avr6/crtm2560.o
 *(.init2)
 *(.init3)
 *(.init3)
 *(.init4)
 .init4         0x0000021c       0x1a d:/programme/winavr/bin/../lib/gcc/avr/4.3.3/../../../../avr/lib/avr6/crtm2560.o
                0x0000021c                __do_copy_data
 .init4         0x00000236       0x10 d:/programme/winavr/bin/../lib/gcc/avr/4.3.3/avr6\libgcc.a(_clear_bss.o)
                0x00000236                __do_clear_bss
 *(.init4)
 *(.init5)
 *(.init5)
 *(.init6)
 .init6         0x00000246       0x16 d:/programme/winavr/bin/../lib/gcc/avr/4.3.3/avr6\libgcc.a(_ctors.o)
                0x00000246                __do_global_ctors
 *(.init6)
 *(.init7)
 *(.init7)
 *(.init8)
 *(.init8)
 *(.init9)
 .init9         0x0000025c        0x8 d:/programme/winavr/bin/../lib/gcc/avr/4.3.3/../../../../avr/lib/avr6/crtm2560.o
 *(.init9)
 *(.text)
 .text          0x00000264        0x4 d:/programme/winavr/bin/../lib/gcc/avr/4.3.3/../../../../avr/lib/avr6/crtm2560.o
                0x00000264                __vector_38
                0x00000264                __vector_22
                0x00000264                __vector_28
                0x00000264                __vector_32
                0x00000264                __vector_34
                0x00000264                __vector_24
                0x00000264                __vector_12
                0x00000264                __vector_46
                0x00000264                __bad_interrupt
                0x00000264                __vector_31
                0x00000264                __vector_35
                0x00000264                __vector_30
                0x00000264                __vector_45
                0x00000264                __vector_11
                0x00000264                __vector_13
                0x00000264                __vector_17
                0x00000264                __vector_19
                0x00000264                __vector_56
                0x00000264                __vector_49
                0x00000264                __vector_41
                0x00000264                __vector_43
                0x00000264                __vector_27
                0x00000264                __vector_33
                0x00000264                __vector_47
                0x00000264                __vector_44
                0x00000264                __vector_9
                0x00000264                __vector_21
                0x00000264                __vector_15
                0x00000264                __vector_29
                0x00000264                __vector_40
                0x00000264                __vector_48
                0x00000264                __vector_14
                0x00000264                __vector_53
                0x00000264                __vector_10
                0x00000264                __vector_50
                0x00000264                __vector_16
                0x00000264                __vector_18
                0x00000264                __vector_20
                0x00000264                __vector_42
 .text          0x00000268        0x0 obj\Release\fuse.o
 .text          0x00000268      0x524 obj\Release\libraries\twi.o
                0x000003ac                twi_transmit
                0x0000041a                twi_releaseBus
                0x000003e2                twi_attachSlaveRxEvent
                0x00000750                twi_init
                0x00000426                __vector_39
                0x00000302                twi_writeTo
                0x000003ec                twi_attachSlaveTxEvent
                0x00000270                twi_readFrom
                0x000003f6                twi_reply
                0x00000406                twi_stop
                0x00000268                twi_setAddress
 .text          0x0000078c      0x2d0 obj\Release\libraries\Wire.o
                0x00000a10                TwoWire::requestFrom(unsigned char, unsigned char)
                0x000007cc                TwoWire::beginTransmission(unsigned char)
                0x0000078c                TwoWire::TwoWire()
                0x000007ac                TwoWire::TwoWire()
                0x000009ba                TwoWire::endTransmission(unsigned char)
                0x00000806                TwoWire::read()
                0x00000a56                TwoWire::begin(int)
                0x000007f4                TwoWire::available()
                0x000009e8                TwoWire::requestFrom(unsigned char, unsigned char, unsigned char)
                0x000008c0                TwoWire::onRequest(void (*)())
                0x00000a2e                TwoWire::begin(unsigned char)
                0x00000854                TwoWire::onReceiveService(unsigned char*, int)
                0x000009e0                TwoWire::endTransmission()
                0x000008b6                TwoWire::onReceive(void (*)(int))
                0x00000a08                TwoWire::requestFrom(int, int)
                0x000007e0                TwoWire::beginTransmission(int)
                0x0000089e                TwoWire::onRequestService()
                0x0000095a                TwoWire::write(unsigned char)
                0x00000830                TwoWire::peek()
                0x00000852                TwoWire::flush()
                0x000008f8                TwoWire::write(unsigned char const*, unsigned int)
                0x00000a18                TwoWire::begin()
                0x00000a02                TwoWire::requestFrom(int, int, int)
 .text          0x00000a5c      0xa78 obj\Release\main.o
                0x00000a5e                rotateR()
                0x00000d5e                rechts(int, bool)
                0x00000cc4                onTouch()
                0x00000d2e                links(int, bool)
                0x0000103a                followLine()
                0x00000f38                rotateMoto(int, int, int, int, bool)
                0x00000c6a                ultraschall(unsigned char, unsigned char, bool*, unsigned char)
                0x00000a5c                __cxa_pure_virtual
                0x00000fd6                main
                0x00000a9c                readFrom(int, int*)
                0x00000cd6                anySensor()
                0x00000b5e                writeTo(int, unsigned char)
                0x00000b92                setup
                0x00000a72                rotateL()
                0x00000dc8                turn(int, bool, int, bool)
                0x00000d8e                onFwd(int, int, bool)
                0x0000149c                serialWrite(int)
                0x00000e8e                fahreCm(int, int, bool, int, bool)
 .text          0x000014d4        0x0 libraries\core.a(WInterrupts.c.o)
 .text          0x000014d4        0x0 libraries\core.a(wiring.c.o)
 .text          0x000014d4        0x0 libraries\core.a(wiring_analog.c.o)
 .text          0x000014d4        0x0 libraries\core.a(wiring_digital.c.o)
 .text          0x000014d4        0x0 libraries\core.a(wiring_pulse.c.o)
 .text          0x000014d4        0x0 libraries\core.a(HardwareSerial.cpp.o)
 .text          0x000014d4        0x0 libraries\core.a(IPAddress.cpp.o)
 .text          0x000014d4        0x0 libraries\core.a(Print.cpp.o)
 .text          0x000014d4        0x0 libraries\core.a(WString.cpp.o)
 .text          0x000014d4        0x0 libraries\core.a(malloc.c.o)
 .text          0x000014d4        0x0 libraries\core.a(realloc.c.o)
 .text          0x000014d4        0x0 d:/programme/winavr/bin/../lib/gcc/avr/4.3.3/avr6\libgcc.a(_mulsi3.o)
 .text          0x000014d4        0x0 d:/programme/winavr/bin/../lib/gcc/avr/4.3.3/avr6\libgcc.a(_udivmodhi4.o)
 .text          0x000014d4        0x0 d:/programme/winavr/bin/../lib/gcc/avr/4.3.3/avr6\libgcc.a(_udivmodsi4.o)
 .text          0x000014d4        0x0 d:/programme/winavr/bin/../lib/gcc/avr/4.3.3/avr6\libgcc.a(_exit.o)
 .text          0x000014d4        0x0 d:/programme/winavr/bin/../lib/gcc/avr/4.3.3/avr6\libgcc.a(_clear_bss.o)
 .text          0x000014d4        0x0 d:/programme/winavr/bin/../lib/gcc/avr/4.3.3/avr6\libgcc.a(_ctors.o)
 .text          0x000014d4       0x58 d:/programme/winavr/bin/../lib/gcc/avr/4.3.3/avr6\libgcc.a(_fixunssfsi.o)
                0x000014d4                __fixunssfsi
 .text          0x0000152c      0x354 d:/programme/winavr/bin/../lib/gcc/avr/4.3.3/avr6\libgcc.a(_addsub_sf.o)
                0x000017c4                __subsf3
                0x00001826                __addsf3
 .text          0x00001880      0x1f4 d:/programme/winavr/bin/../lib/gcc/avr/4.3.3/avr6\libgcc.a(_mul_sf.o)
                0x00001880                __mulsf3
 .text          0x00001a74      0x158 d:/programme/winavr/bin/../lib/gcc/avr/4.3.3/avr6\libgcc.a(_div_sf.o)
                0x00001a74                __divsf3
 .text          0x00001bcc       0x60 d:/programme/winavr/bin/../lib/gcc/avr/4.3.3/avr6\libgcc.a(_gt_sf.o)
                0x00001bcc                __gtsf2
 .text          0x00001c2c       0x60 d:/programme/winavr/bin/../lib/gcc/avr/4.3.3/avr6\libgcc.a(_ge_sf.o)
                0x00001c2c                __gesf2
 .text          0x00001c8c       0x60 d:/programme/winavr/bin/../lib/gcc/avr/4.3.3/avr6\libgcc.a(_lt_sf.o)
                0x00001c8c                __ltsf2
 .text          0x00001cec       0x60 d:/programme/winavr/bin/../lib/gcc/avr/4.3.3/avr6\libgcc.a(_le_sf.o)
                0x00001cec                __lesf2
 .text          0x00001d4c       0x56 d:/programme/winavr/bin/../lib/gcc/avr/4.3.3/avr6\libgcc.a(_unord_sf.o)
                0x00001d4c                __unordsf2
 .text          0x00001da2       0xbc d:/programme/winavr/bin/../lib/gcc/avr/4.3.3/avr6\libgcc.a(_si_to_sf.o)
                0x00001da2                __floatsisf
 .text          0x00001e5e       0xa8 d:/programme/winavr/bin/../lib/gcc/avr/4.3.3/avr6\libgcc.a(_sf_to_si.o)
                0x00001e5e                __fixsfsi
 .text          0x00001f06        0x0 d:/programme/winavr/bin/../lib/gcc/avr/4.3.3/avr6\libgcc.a(_thenan_sf.o)
 .text          0x00001f06       0xf2 d:/programme/winavr/bin/../lib/gcc/avr/4.3.3/avr6\libgcc.a(_usi_to_sf.o)
                0x00001f06                __floatunsisf
 .text          0x00001ff8        0x0 d:/programme/winavr/bin/../lib/gcc/avr/4.3.3/avr6\libgcc.a(_prologue.o)
 .text          0x00001ff8        0x0 d:/programme/winavr/bin/../lib/gcc/avr/4.3.3/avr6\libgcc.a(_epilogue.o)
 .text          0x00001ff8        0x0 d:/programme/winavr/bin/../lib/gcc/avr/4.3.3/avr6\libgcc.a(_tablejump.o)
 .text          0x00001ff8       0x9e d:/programme/winavr/bin/../lib/gcc/avr/4.3.3/avr6\libgcc.a(_clzsi2.o)
                0x00001ff8                __clzsi2
 .text          0x00002096      0x1aa d:/programme/winavr/bin/../lib/gcc/avr/4.3.3/avr6\libgcc.a(_pack_sf.o)
                0x00002096                __pack_f
 .text          0x00002240       0xf0 d:/programme/winavr/bin/../lib/gcc/avr/4.3.3/avr6\libgcc.a(_unpack_sf.o)
                0x00002240                __unpack_f
 .text          0x00002330       0xb2 d:/programme/winavr/bin/../lib/gcc/avr/4.3.3/avr6\libgcc.a(_fpcmp_parts_sf.o)
                0x00002330                __fpcmp_parts_f
 .text          0x000023e2        0x0 d:/programme/winavr/bin/../lib/gcc/avr/4.3.3/avr6\libgcc.a(_clz.o)
 .text          0x000023e2        0x0 d:/programme/winavr/bin/../lib/gcc/avr/4.3.3/../../../../avr/lib/avr6\libc.a(atol.o)
 .text          0x000023e2        0x0 d:/programme/winavr/bin/../lib/gcc/avr/4.3.3/../../../../avr/lib/avr6\libc.a(isspace.o)
 .text          0x000023e2        0x0 d:/programme/winavr/bin/../lib/gcc/avr/4.3.3/../../../../avr/lib/avr6\libc.a(tolower.o)
 .text          0x000023e2        0x0 d:/programme/winavr/bin/../lib/gcc/avr/4.3.3/../../../../avr/lib/avr6\libc.a(toupper.o)
 .text          0x000023e2        0x0 d:/programme/winavr/bin/../lib/gcc/avr/4.3.3/../../../../avr/lib/avr6\libc.a(memcmp.o)
 .text          0x000023e2        0x0 d:/programme/winavr/bin/../lib/gcc/avr/4.3.3/../../../../avr/lib/avr6\libc.a(memcpy.o)
 .text          0x000023e2        0x0 d:/programme/winavr/bin/../lib/gcc/avr/4.3.3/../../../../avr/lib/avr6\libc.a(memmove.o)
 .text          0x000023e2        0x0 d:/programme/winavr/bin/../lib/gcc/avr/4.3.3/../../../../avr/lib/avr6\libc.a(strchr.o)
 .text          0x000023e2        0x0 d:/programme/winavr/bin/../lib/gcc/avr/4.3.3/../../../../avr/lib/avr6\libc.a(strcmp.o)
 .text          0x000023e2        0x0 d:/programme/winavr/bin/../lib/gcc/avr/4.3.3/../../../../avr/lib/avr6\libc.a(strcpy.o)
 .text          0x000023e2        0x0 d:/programme/winavr/bin/../lib/gcc/avr/4.3.3/../../../../avr/lib/avr6\libc.a(strncmp.o)
 .text          0x000023e2        0x0 d:/programme/winavr/bin/../lib/gcc/avr/4.3.3/../../../../avr/lib/avr6\libc.a(strncpy.o)
 .text          0x000023e2        0x0 d:/programme/winavr/bin/../lib/gcc/avr/4.3.3/../../../../avr/lib/avr6\libc.a(strrchr.o)
 .text          0x000023e2        0x0 d:/programme/winavr/bin/../lib/gcc/avr/4.3.3/../../../../avr/lib/avr6\libc.a(strstr.o)
 .text          0x000023e2        0x0 d:/programme/winavr/bin/../lib/gcc/avr/4.3.3/../../../../avr/lib/avr6\libc.a(itoa.o)
 .text          0x000023e2        0x0 d:/programme/winavr/bin/../lib/gcc/avr/4.3.3/../../../../avr/lib/avr6\libc.a(ltoa.o)
 .text          0x000023e2        0x0 d:/programme/winavr/bin/../lib/gcc/avr/4.3.3/../../../../avr/lib/avr6\libc.a(mulsi10.o)
 .text          0x000023e2        0x0 d:/programme/winavr/bin/../lib/gcc/avr/4.3.3/../../../../avr/lib/avr6\libc.a(ultoa.o)
 .text          0x000023e2        0x0 d:/programme/winavr/bin/../lib/gcc/avr/4.3.3/../../../../avr/lib/avr6\libc.a(utoa.o)
 .text          0x000023e2        0x0 d:/programme/winavr/bin/../lib/gcc/avr/4.3.3/../../../../avr/lib/avr6\libc.a(cty_isfalse.o)
 .text          0x000023e2        0x0 d:/programme/winavr/bin/../lib/gcc/avr/4.3.3/../../../../avr/lib/avr6\libc.a(strrev.o)
                0x000023e2                . = ALIGN (0x2)
 *(.text.*)
 .text.attachInterrupt
                0x000023e2       0xf8 libraries\core.a(WInterrupts.c.o)
                0x000023e2                attachInterrupt
 .text.detachInterrupt
                0x000024da       0x58 libraries\core.a(WInterrupts.c.o)
                0x000024da                detachInterrupt
 .text.__vector_1
                0x00002532       0x62 libraries\core.a(WInterrupts.c.o)
                0x00002532                __vector_1
 .text.__vector_2
                0x00002594       0x62 libraries\core.a(WInterrupts.c.o)
                0x00002594                __vector_2
 .text.__vector_3
                0x000025f6       0x62 libraries\core.a(WInterrupts.c.o)
                0x000025f6                __vector_3
 .text.__vector_4
                0x00002658       0x62 libraries\core.a(WInterrupts.c.o)
                0x00002658                __vector_4
 .text.__vector_5
                0x000026ba       0x62 libraries\core.a(WInterrupts.c.o)
                0x000026ba                __vector_5
 .text.__vector_6
                0x0000271c       0x62 libraries\core.a(WInterrupts.c.o)
                0x0000271c                __vector_6
 .text.__vector_7
                0x0000277e       0x62 libraries\core.a(WInterrupts.c.o)
                0x0000277e                __vector_7
 .text.__vector_8
                0x000027e0       0x62 libraries\core.a(WInterrupts.c.o)
                0x000027e0                __vector_8
 .text.__vector_23
                0x00002842       0x90 libraries\core.a(wiring.c.o)
                0x00002842                __vector_23
 .text.millis   0x000028d2       0x1c libraries\core.a(wiring.c.o)
                0x000028d2                millis
 .text.micros   0x000028ee       0x4c libraries\core.a(wiring.c.o)
                0x000028ee                micros
 .text.delay    0x0000293a       0xb2 libraries\core.a(wiring.c.o)
                0x0000293a                delay
 .text.delayMicroseconds
                0x000029ec       0x14 libraries\core.a(wiring.c.o)
                0x000029ec                delayMicroseconds
 .text.init     0x00002a00       0xc4 libraries\core.a(wiring.c.o)
                0x00002a00                init
 .text.analogReference
                0x00002ac4        0x6 libraries\core.a(wiring_analog.c.o)
                0x00002ac4                analogReference
 .text.analogRead
                0x00002aca       0x68 libraries\core.a(wiring_analog.c.o)
                0x00002aca                analogRead
 .text.analogWrite
                0x00002b32      0x1c0 libraries\core.a(wiring_analog.c.o)
                0x00002b32                analogWrite
 .text.pinMode  0x00002cf2       0x7e libraries\core.a(wiring_digital.c.o)
                0x00002cf2                pinMode
 .text.turnOffPWM
                0x00002d70       0xe8 libraries\core.a(wiring_digital.c.o)
 .text.digitalWrite
                0x00002e58       0x66 libraries\core.a(wiring_digital.c.o)
                0x00002e58                digitalWrite
 .text.digitalRead
                0x00002ebe       0x60 libraries\core.a(wiring_digital.c.o)
                0x00002ebe                digitalRead
 .text.pulseIn  0x00002f1e      0x138 libraries\core.a(wiring_pulse.c.o)
                0x00002f1e                pulseIn
 .text._Z11serialEventv
                0x00003056        0x2 libraries\core.a(HardwareSerial.cpp.o)
                0x00003056                serialEvent()
 .text.__vector_25
                0x00003058       0x7e libraries\core.a(HardwareSerial.cpp.o)
                0x00003058                __vector_25
 .text._Z12serialEvent1v
                0x000030d6        0x2 libraries\core.a(HardwareSerial.cpp.o)
                0x000030d6                serialEvent1()
 .text.__vector_36
                0x000030d8       0x7e libraries\core.a(HardwareSerial.cpp.o)
                0x000030d8                __vector_36
 .text._Z12serialEvent2v
                0x00003156        0x2 libraries\core.a(HardwareSerial.cpp.o)
                0x00003156                serialEvent2()
 .text.__vector_51
                0x00003158       0x7e libraries\core.a(HardwareSerial.cpp.o)
                0x00003158                __vector_51
 .text._Z12serialEvent3v
                0x000031d6        0x2 libraries\core.a(HardwareSerial.cpp.o)
                0x000031d6                serialEvent3()
 .text.__vector_54
                0x000031d8       0x7e libraries\core.a(HardwareSerial.cpp.o)
                0x000031d8                __vector_54
 .text._Z14serialEventRunv
                0x00003256       0x92 libraries\core.a(HardwareSerial.cpp.o)
                0x00003256                serialEventRun()
 .text.__vector_26
                0x000032e8       0x7e libraries\core.a(HardwareSerial.cpp.o)
                0x000032e8                __vector_26
 .text.__vector_37
                0x00003366       0x7e libraries\core.a(HardwareSerial.cpp.o)
                0x00003366                __vector_37
 .text.__vector_52
                0x000033e4       0x7e libraries\core.a(HardwareSerial.cpp.o)
                0x000033e4                __vector_52
 .text.__vector_55
                0x00003462       0x7e libraries\core.a(HardwareSerial.cpp.o)
                0x00003462                __vector_55
 .text._ZN14HardwareSerialC2EP11ring_bufferS1_PVhS3_S3_S3_S3_S3_hhhhh
                0x000034e0       0x88 libraries\core.a(HardwareSerial.cpp.o)
                0x000034e0                HardwareSerial::HardwareSerial(ring_buffer*, ring_buffer*, unsigned char volatile*, unsigned char volatile*, unsigned char volatile*, unsigned char volatile*, unsigned char volatile*, unsigned char volatile*, unsigned char, unsigned char, unsigned char, unsigned char, unsigned char)
 .text._ZN14HardwareSerialC1EP11ring_bufferS1_PVhS3_S3_S3_S3_S3_hhhhh
                0x00003568       0x88 libraries\core.a(HardwareSerial.cpp.o)
                0x00003568                HardwareSerial::HardwareSerial(ring_buffer*, ring_buffer*, unsigned char volatile*, unsigned char volatile*, unsigned char volatile*, unsigned char volatile*, unsigned char volatile*, unsigned char volatile*, unsigned char, unsigned char, unsigned char, unsigned char, unsigned char)
 .text._ZN14HardwareSerial5beginEm
                0x000035f0      0x10e libraries\core.a(HardwareSerial.cpp.o)
                0x000035f0                HardwareSerial::begin(unsigned long)
 .text._ZN14HardwareSerial5beginEmh
                0x000036fe      0x118 libraries\core.a(HardwareSerial.cpp.o)
                0x000036fe                HardwareSerial::begin(unsigned long, unsigned char)
 .text._ZN14HardwareSerial3endEv
                0x00003816       0xcc libraries\core.a(HardwareSerial.cpp.o)
                0x00003816                HardwareSerial::end()
 .text._ZN14HardwareSerial9availableEv
                0x000038e2       0x22 libraries\core.a(HardwareSerial.cpp.o)
                0x000038e2                HardwareSerial::available()
 .text._ZN14HardwareSerial4peekEv
                0x00003904       0x40 libraries\core.a(HardwareSerial.cpp.o)
                0x00003904                HardwareSerial::peek()
 .text._ZN14HardwareSerial4readEv
                0x00003944       0x52 libraries\core.a(HardwareSerial.cpp.o)
                0x00003944                HardwareSerial::read()
 .text._ZN14HardwareSerial5flushEv
                0x00003996       0x20 libraries\core.a(HardwareSerial.cpp.o)
                0x00003996                HardwareSerial::flush()
 .text._ZN14HardwareSerial5writeEh
                0x000039b6       0x80 libraries\core.a(HardwareSerial.cpp.o)
                0x000039b6                HardwareSerial::write(unsigned char)
 .text._ZN14HardwareSerialcvbEv
                0x00003a36        0x4 libraries\core.a(HardwareSerial.cpp.o)
                0x00003a36                HardwareSerial::operator bool()
 .text._GLOBAL__I_rx_buffer
                0x00003a3a      0x26c libraries\core.a(HardwareSerial.cpp.o)
 .text._ZN9IPAddressC2Ehhhh
                0x00003ca6       0x18 libraries\core.a(IPAddress.cpp.o)
                0x00003ca6                IPAddress::IPAddress(unsigned char, unsigned char, unsigned char, unsigned char)
 .text._ZN9IPAddressC1Ehhhh
                0x00003cbe       0x18 libraries\core.a(IPAddress.cpp.o)
                0x00003cbe                IPAddress::IPAddress(unsigned char, unsigned char, unsigned char, unsigned char)
 .text._GLOBAL__I__ZN9IPAddressC2Ev
                0x00003cd6       0x1e libraries\core.a(IPAddress.cpp.o)
 .text._ZNK9IPAddress7printToER5Print
                0x00003cf4       0x84 libraries\core.a(IPAddress.cpp.o)
                0x00003cf4                IPAddress::printTo(Print&) const
 .text._ZN9IPAddresseqEPKh
                0x00003d78       0x1e libraries\core.a(IPAddress.cpp.o)
                0x00003d78                IPAddress::operator==(unsigned char const*)
 .text._ZN9IPAddressaSEm
                0x00003d96       0x24 libraries\core.a(IPAddress.cpp.o)
                0x00003d96                IPAddress::operator=(unsigned long)
 .text._ZN9IPAddressaSEPKh
                0x00003dba       0x1a libraries\core.a(IPAddress.cpp.o)
                0x00003dba                IPAddress::operator=(unsigned char const*)
 .text._ZN9IPAddressC1EPKh
                0x00003dd4       0x22 libraries\core.a(IPAddress.cpp.o)
                0x00003dd4                IPAddress::IPAddress(unsigned char const*)
 .text._ZN9IPAddressC2EPKh
                0x00003df6       0x22 libraries\core.a(IPAddress.cpp.o)
                0x00003df6                IPAddress::IPAddress(unsigned char const*)
 .text._ZN9IPAddressC1Em
                0x00003e18       0x2c libraries\core.a(IPAddress.cpp.o)
                0x00003e18                IPAddress::IPAddress(unsigned long)
 .text._ZN9IPAddressC2Em
                0x00003e44       0x2c libraries\core.a(IPAddress.cpp.o)
                0x00003e44                IPAddress::IPAddress(unsigned long)
 .text._ZN9IPAddressC1Ev
                0x00003e70       0x14 libraries\core.a(IPAddress.cpp.o)
                0x00003e70                IPAddress::IPAddress()
 .text._ZN9IPAddressC2Ev
                0x00003e84       0x14 libraries\core.a(IPAddress.cpp.o)
                0x00003e84                IPAddress::IPAddress()
 .text._ZN5Print5writeEPKhj
                0x00003e98       0x54 libraries\core.a(Print.cpp.o)
                0x00003e98                Print::write(unsigned char const*, unsigned int)
 .text._ZN5Print5printEPK19__FlashStringHelper
                0x00003eec       0x46 libraries\core.a(Print.cpp.o)
                0x00003eec                Print::print(__FlashStringHelper const*)
 .text._ZN5Print5printEc
                0x00003f32       0x10 libraries\core.a(Print.cpp.o)
                0x00003f32                Print::print(char)
 .text._ZN5Print5printERK9Printable
                0x00003f42       0x16 libraries\core.a(Print.cpp.o)
                0x00003f42                Print::print(Printable const&)
 .text._ZN5Print7printlnEv
                0x00003f58       0x40 libraries\core.a(Print.cpp.o)
                0x00003f58                Print::println()
 .text._ZN5Print7printlnEPK19__FlashStringHelper
                0x00003f98       0x28 libraries\core.a(Print.cpp.o)
                0x00003f98                Print::println(__FlashStringHelper const*)
 .text._ZN5Print7printlnEc
                0x00003fc0       0x30 libraries\core.a(Print.cpp.o)
                0x00003fc0                Print::println(char)
 .text._ZN5Print7printlnERK9Printable
                0x00003ff0       0x34 libraries\core.a(Print.cpp.o)
                0x00003ff0                Print::println(Printable const&)
 .text._ZN5Print5writeEPKc
                0x00004024       0x38 libraries\core.a(Print.cpp.o)
                0x00004024                Print::write(char const*)
 .text._ZN5Print11printNumberEmh
                0x0000405c       0xc8 libraries\core.a(Print.cpp.o)
                0x0000405c                Print::printNumber(unsigned long, unsigned char)
 .text._ZN5Print5printEmi
                0x00004124       0x1e libraries\core.a(Print.cpp.o)
                0x00004124                Print::print(unsigned long, int)
 .text._ZN5Print7printlnEmi
                0x00004142       0x28 libraries\core.a(Print.cpp.o)
                0x00004142                Print::println(unsigned long, int)
 .text._ZN5Print5printEji
                0x0000416a       0x22 libraries\core.a(Print.cpp.o)
                0x0000416a                Print::print(unsigned int, int)
 .text._ZN5Print7printlnEji
                0x0000418c       0x3a libraries\core.a(Print.cpp.o)
                0x0000418c                Print::println(unsigned int, int)
 .text._ZN5Print5printEhi
                0x000041c6       0x24 libraries\core.a(Print.cpp.o)
                0x000041c6                Print::print(unsigned char, int)
 .text._ZN5Print7printlnEhi
                0x000041ea       0x3c libraries\core.a(Print.cpp.o)
                0x000041ea                Print::println(unsigned char, int)
 .text._ZN5Print5printEli
                0x00004226       0x80 libraries\core.a(Print.cpp.o)
                0x00004226                Print::print(long, int)
 .text._ZN5Print7printlnEli
                0x000042a6       0x28 libraries\core.a(Print.cpp.o)
                0x000042a6                Print::println(long, int)
 .text._ZN5Print5printEii
                0x000042ce       0x26 libraries\core.a(Print.cpp.o)
                0x000042ce                Print::print(int, int)
 .text._ZN5Print7printlnEii
                0x000042f4       0x3e libraries\core.a(Print.cpp.o)
                0x000042f4                Print::println(int, int)
 .text._ZN5Print5printEPKc
                0x00004332        0x6 libraries\core.a(Print.cpp.o)
                0x00004332                Print::print(char const*)
 .text._ZN5Print10printFloatEdh
                0x00004338      0x1c8 libraries\core.a(Print.cpp.o)
                0x00004338                Print::printFloat(double, unsigned char)
 .text._ZN5Print5printEdi
                0x00004500        0x6 libraries\core.a(Print.cpp.o)
                0x00004500                Print::print(double, int)
 .text._ZN5Print7printlnEdi
                0x00004506       0x26 libraries\core.a(Print.cpp.o)
                0x00004506                Print::println(double, int)
 .text._ZN5Print7printlnEPKc
                0x0000452c       0x26 libraries\core.a(Print.cpp.o)
                0x0000452c                Print::println(char const*)
 .text._ZN5Print5printERK6String
                0x00004552       0x66 libraries\core.a(Print.cpp.o)
                0x00004552                Print::print(String const&)
 .text._ZN5Print7printlnERK6String
                0x000045b8       0x28 libraries\core.a(Print.cpp.o)
                0x000045b8                Print::println(String const&)
 .text._ZNK6String6charAtEj
                0x000045e0       0x22 libraries\core.a(WString.cpp.o)
                0x000045e0                String::charAt(unsigned int) const
 .text._ZN6String9setCharAtEjc
                0x00004602       0x1a libraries\core.a(WString.cpp.o)
                0x00004602                String::setCharAt(unsigned int, char)
 .text._ZN6StringixEj
                0x0000461c       0x2a libraries\core.a(WString.cpp.o)
                0x0000461c                String::operator[](unsigned int)
 .text._ZNK6StringixEj
                0x00004646       0x22 libraries\core.a(WString.cpp.o)
                0x00004646                String::operator[](unsigned int) const
 .text._ZN6String7replaceEcc
                0x00004668       0x1e libraries\core.a(WString.cpp.o)
                0x00004668                String::replace(char, char)
 .text._ZNK6String5toIntEv
                0x00004686       0x22 libraries\core.a(WString.cpp.o)
                0x00004686                String::toInt() const
 .text._ZN6String4trimEv
                0x000046a8       0xb6 libraries\core.a(WString.cpp.o)
                0x000046a8                String::trim()
 .text._ZN6String11toUpperCaseEv
                0x0000475e       0x28 libraries\core.a(WString.cpp.o)
                0x0000475e                String::toUpperCase()
 .text._ZN6String11toLowerCaseEv
                0x00004786       0x28 libraries\core.a(WString.cpp.o)
                0x00004786                String::toLowerCase()
 .text._ZNK6String16equalsIgnoreCaseERKS_
                0x000047ae       0x78 libraries\core.a(WString.cpp.o)
                0x000047ae                String::equalsIgnoreCase(String const&) const
 .text._ZNK6String11lastIndexOfERKS_j
                0x00004826       0x9c libraries\core.a(WString.cpp.o)
                0x00004826                String::lastIndexOf(String const&, unsigned int) const
 .text._ZNK6String11lastIndexOfERKS_
                0x000048c2       0x1c libraries\core.a(WString.cpp.o)
                0x000048c2                String::lastIndexOf(String const&) const
 .text._ZNK6String7indexOfERKS_j
                0x000048de       0x3c libraries\core.a(WString.cpp.o)
                0x000048de                String::indexOf(String const&, unsigned int) const
 .text._ZNK6String7indexOfERKS_
                0x0000491a        0xa libraries\core.a(WString.cpp.o)
                0x0000491a                String::indexOf(String const&) const
 .text._ZNK6String11lastIndexOfEcj
                0x00004924       0x6e libraries\core.a(WString.cpp.o)
                0x00004924                String::lastIndexOf(char, unsigned int) const
 .text._ZNK6String11lastIndexOfEc
                0x00004992       0x10 libraries\core.a(WString.cpp.o)
                0x00004992                String::lastIndexOf(char) const
 .text._ZNK6String7indexOfEcj
                0x000049a2       0x3c libraries\core.a(WString.cpp.o)
                0x000049a2                String::indexOf(char, unsigned int) const
 .text._ZNK6String7indexOfEc
                0x000049de        0xa libraries\core.a(WString.cpp.o)
                0x000049de                String::indexOf(char) const
 .text._ZNK6String8getBytesEPhjj
                0x000049e8       0x5a libraries\core.a(WString.cpp.o)
                0x000049e8                String::getBytes(unsigned char*, unsigned int, unsigned int) const
 .text._ZNK6String8endsWithERKS_
                0x00004a42       0x44 libraries\core.a(WString.cpp.o)
                0x00004a42                String::endsWith(String const&) const
 .text._ZNK6String6equalsEPKc
                0x00004a86       0x46 libraries\core.a(WString.cpp.o)
                0x00004a86                String::equals(char const*) const
 .text._ZNK6String9compareToERKS_
                0x00004acc       0x66 libraries\core.a(WString.cpp.o)
                0x00004acc                String::compareTo(String const&) const
 .text._ZNK6StringgeERKS_
                0x00004b32       0x10 libraries\core.a(WString.cpp.o)
                0x00004b32                String::operator>=(String const&) const
 .text._ZNK6StringleERKS_
                0x00004b42       0x12 libraries\core.a(WString.cpp.o)
                0x00004b42                String::operator<=(String const&) const
 .text._ZNK6StringgtERKS_
                0x00004b54       0x12 libraries\core.a(WString.cpp.o)
                0x00004b54                String::operator>(String const&) const
 .text._ZNK6StringltERKS_
                0x00004b66        0xe libraries\core.a(WString.cpp.o)
                0x00004b66                String::operator<(String const&) const
 .text._ZNK6String6equalsERKS_
                0x00004b74       0x2c libraries\core.a(WString.cpp.o)
                0x00004b74                String::equals(String const&) const
 .text._ZNK6String10startsWithERKS_j
                0x00004ba0       0x46 libraries\core.a(WString.cpp.o)
                0x00004ba0                String::startsWith(String const&, unsigned int) const
 .text._ZNK6String10startsWithERKS_
                0x00004be6       0x26 libraries\core.a(WString.cpp.o)
                0x00004be6                String::startsWith(String const&) const
 .text._ZN6String12changeBufferEj
                0x00004c0c       0x34 libraries\core.a(WString.cpp.o)
                0x00004c0c                String::changeBuffer(unsigned int)
 .text._ZN6String7replaceERKS_S1_
                0x00004c40      0x20a libraries\core.a(WString.cpp.o)
                0x00004c40                String::replace(String const&, String const&)
 .text._ZN6String7reserveEj
                0x00004e4a       0x38 libraries\core.a(WString.cpp.o)
                0x00004e4a                String::reserve(unsigned int)
 .text._ZN6String6concatEPKcj
                0x00004e82       0x5a libraries\core.a(WString.cpp.o)
                0x00004e82                String::concat(char const*, unsigned int)
 .text._ZN6String6concatEm
                0x00004edc       0x64 libraries\core.a(WString.cpp.o)
                0x00004edc                String::concat(unsigned long)
 .text._ZN6String6concatEl
                0x00004f40       0x64 libraries\core.a(WString.cpp.o)
                0x00004f40                String::concat(long)
 .text._ZN6String6concatEj
                0x00004fa4       0x5a libraries\core.a(WString.cpp.o)
                0x00004fa4                String::concat(unsigned int)
 .text._ZN6String6concatEi
                0x00004ffe       0x62 libraries\core.a(WString.cpp.o)
                0x00004ffe                String::concat(int)
 .text._ZN6String6concatEh
                0x00005060       0x58 libraries\core.a(WString.cpp.o)
                0x00005060                String::concat(unsigned char)
 .text._ZN6String6concatEc
                0x000050b8       0x28 libraries\core.a(WString.cpp.o)
                0x000050b8                String::concat(char)
 .text._ZN6String6concatEPKc
                0x000050e0       0x20 libraries\core.a(WString.cpp.o)
                0x000050e0                String::concat(char const*)
 .text._ZN6String6concatERKS_
                0x00005100       0x10 libraries\core.a(WString.cpp.o)
                0x00005100                String::concat(String const&)
 .text._ZN6String10invalidateEv
                0x00005110       0x24 libraries\core.a(WString.cpp.o)
                0x00005110                String::invalidate()
 .text._ZplRK15StringSumHelperm
                0x00005134       0x22 libraries\core.a(WString.cpp.o)
                0x00005134                operator+(StringSumHelper const&, unsigned long)
 .text._ZplRK15StringSumHelperl
                0x00005156       0x22 libraries\core.a(WString.cpp.o)
                0x00005156                operator+(StringSumHelper const&, long)
 .text._ZplRK15StringSumHelperj
                0x00005178       0x22 libraries\core.a(WString.cpp.o)
                0x00005178                operator+(StringSumHelper const&, unsigned int)
 .text._ZplRK15StringSumHelperi
                0x0000519a       0x22 libraries\core.a(WString.cpp.o)
                0x0000519a                operator+(StringSumHelper const&, int)
 .text._ZplRK15StringSumHelperh
                0x000051bc       0x22 libraries\core.a(WString.cpp.o)
                0x000051bc                operator+(StringSumHelper const&, unsigned char)
 .text._ZplRK15StringSumHelperc
                0x000051de       0x22 libraries\core.a(WString.cpp.o)
                0x000051de                operator+(StringSumHelper const&, char)
 .text._ZplRK15StringSumHelperPKc
                0x00005200       0x38 libraries\core.a(WString.cpp.o)
                0x00005200                operator+(StringSumHelper const&, char const*)
 .text._ZplRK15StringSumHelperRK6String
                0x00005238       0x2c libraries\core.a(WString.cpp.o)
                0x00005238                operator+(StringSumHelper const&, String const&)
 .text._ZN6String4copyEPKcj
                0x00005264       0x42 libraries\core.a(WString.cpp.o)
                0x00005264                String::copy(char const*, unsigned int)
 .text._ZN6StringC1EPKc
                0x000052a6       0x34 libraries\core.a(WString.cpp.o)
                0x000052a6                String::String(char const*)
 .text._ZN6StringC2EPKc
                0x000052da       0x34 libraries\core.a(WString.cpp.o)
                0x000052da                String::String(char const*)
 .text._ZN6StringaSEPKc
                0x0000530e       0x32 libraries\core.a(WString.cpp.o)
                0x0000530e                String::operator=(char const*)
 .text._ZN6StringC1Emh
                0x00005340       0x64 libraries\core.a(WString.cpp.o)
                0x00005340                String::String(unsigned long, unsigned char)
 .text._ZN6StringC2Emh
                0x000053a4       0x64 libraries\core.a(WString.cpp.o)
                0x000053a4                String::String(unsigned long, unsigned char)
 .text._ZN6StringC1Elh
                0x00005408       0x64 libraries\core.a(WString.cpp.o)
                0x00005408                String::String(long, unsigned char)
 .text._ZN6StringC2Elh
                0x0000546c       0x64 libraries\core.a(WString.cpp.o)
                0x0000546c                String::String(long, unsigned char)
 .text._ZN6StringC1Ejh
                0x000054d0       0x62 libraries\core.a(WString.cpp.o)
                0x000054d0                String::String(unsigned int, unsigned char)
 .text._ZN6StringC2Ejh
                0x00005532       0x62 libraries\core.a(WString.cpp.o)
                0x00005532                String::String(unsigned int, unsigned char)
 .text._ZN6StringC1Eih
                0x00005594       0x62 libraries\core.a(WString.cpp.o)
                0x00005594                String::String(int, unsigned char)
 .text._ZN6StringC2Eih
                0x000055f6       0x62 libraries\core.a(WString.cpp.o)
                0x000055f6                String::String(int, unsigned char)
 .text._ZN6StringC1Ehh
                0x00005658       0x64 libraries\core.a(WString.cpp.o)
                0x00005658                String::String(unsigned char, unsigned char)
 .text._ZN6StringC2Ehh
                0x000056bc       0x64 libraries\core.a(WString.cpp.o)
                0x000056bc                String::String(unsigned char, unsigned char)
 .text._ZN6StringC1Ec
                0x00005720       0x34 libraries\core.a(WString.cpp.o)
                0x00005720                String::String(char)
 .text._ZN6StringC2Ec
                0x00005754       0x34 libraries\core.a(WString.cpp.o)
                0x00005754                String::String(char)
 .text._ZNK6String9substringEjj
                0x00005788       0x8e libraries\core.a(WString.cpp.o)
                0x00005788                String::substring(unsigned int, unsigned int) const
 .text._ZNK6String9substringEj
                0x00005816       0x18 libraries\core.a(WString.cpp.o)
                0x00005816                String::substring(unsigned int) const
 .text._ZN6StringaSERKS_
                0x0000582e       0x2e libraries\core.a(WString.cpp.o)
                0x0000582e                String::operator=(String const&)
 .text._ZN6StringC1ERKS_
                0x0000585c       0x16 libraries\core.a(WString.cpp.o)
                0x0000585c                String::String(String const&)
 .text._ZN6StringC2ERKS_
                0x00005872       0x16 libraries\core.a(WString.cpp.o)
                0x00005872                String::String(String const&)
 .text._ZN6StringD1Ev
                0x00005888        0xc libraries\core.a(WString.cpp.o)
                0x00005888                String::~String()
 .text._ZN6StringD2Ev
                0x00005894        0xc libraries\core.a(WString.cpp.o)
                0x00005894                String::~String()
 .text.avr-libc
                0x000058a0      0x26a libraries\core.a(malloc.c.o)
                0x000058a0                malloc
                0x000059da                free
 .text.avr-libc
                0x00005b0a      0x1c2 libraries\core.a(realloc.c.o)
                0x00005b0a                realloc
 .text.libgcc   0x00005ccc       0x3e d:/programme/winavr/bin/../lib/gcc/avr/4.3.3/avr6\libgcc.a(_mulsi3.o)
                0x00005ccc                __mulsi3
 .text.libgcc   0x00005d0a       0x28 d:/programme/winavr/bin/../lib/gcc/avr/4.3.3/avr6\libgcc.a(_udivmodhi4.o)
                0x00005d0a                __udivmodhi4
 .text.libgcc   0x00005d32       0x44 d:/programme/winavr/bin/../lib/gcc/avr/4.3.3/avr6\libgcc.a(_udivmodsi4.o)
                0x00005d32                __udivmodsi4
 .text.libgcc   0x00005d76        0x0 d:/programme/winavr/bin/../lib/gcc/avr/4.3.3/avr6\libgcc.a(_exit.o)
 .text.libgcc   0x00005d76        0x0 d:/programme/winavr/bin/../lib/gcc/avr/4.3.3/avr6\libgcc.a(_clear_bss.o)
 .text.libgcc   0x00005d76        0x0 d:/programme/winavr/bin/../lib/gcc/avr/4.3.3/avr6\libgcc.a(_ctors.o)
 .text.libgcc   0x00005d76       0x38 d:/programme/winavr/bin/../lib/gcc/avr/4.3.3/avr6\libgcc.a(_prologue.o)
                0x00005d76                __prologue_saves__
 .text.libgcc   0x00005dae       0x36 d:/programme/winavr/bin/../lib/gcc/avr/4.3.3/avr6\libgcc.a(_epilogue.o)
                0x00005dae                __epilogue_restores__
 .text.libgcc   0x00005de4        0xc d:/programme/winavr/bin/../lib/gcc/avr/4.3.3/avr6\libgcc.a(_tablejump.o)
                0x00005de8                __tablejump__
                0x00005de4                __tablejump2__
 .text.avr-libc
                0x00005df0       0x4e d:/programme/winavr/bin/../lib/gcc/avr/4.3.3/../../../../avr/lib/avr6\libc.a(atol.o)
                0x00005df0                atol
 .text.avr-libc
                0x00005e3e       0x10 d:/programme/winavr/bin/../lib/gcc/avr/4.3.3/../../../../avr/lib/avr6\libc.a(isspace.o)
                0x00005e3e                isspace
 .text.avr-libc
                0x00005e4e       0x10 d:/programme/winavr/bin/../lib/gcc/avr/4.3.3/../../../../avr/lib/avr6\libc.a(tolower.o)
                0x00005e4e                tolower
 .text.avr-libc
                0x00005e5e       0x10 d:/programme/winavr/bin/../lib/gcc/avr/4.3.3/../../../../avr/lib/avr6\libc.a(toupper.o)
                0x00005e5e                toupper
 .text.avr-libc
                0x00005e6e       0x1a d:/programme/winavr/bin/../lib/gcc/avr/4.3.3/../../../../avr/lib/avr6\libc.a(memcmp.o)
                0x00005e6e                memcmp
 .text.avr-libc
                0x00005e88       0x12 d:/programme/winavr/bin/../lib/gcc/avr/4.3.3/../../../../avr/lib/avr6\libc.a(memcpy.o)
                0x00005e88                memcpy
 .text.avr-libc
                0x00005e9a       0x24 d:/programme/winavr/bin/../lib/gcc/avr/4.3.3/../../../../avr/lib/avr6\libc.a(memmove.o)
                0x00005e9a                memmove
 .text.avr-libc
                0x00005ebe       0x16 d:/programme/winavr/bin/../lib/gcc/avr/4.3.3/../../../../avr/lib/avr6\libc.a(strchr.o)
                0x00005ebe                strchr
 .text.avr-libc
                0x00005ed4       0x12 d:/programme/winavr/bin/../lib/gcc/avr/4.3.3/../../../../avr/lib/avr6\libc.a(strcmp.o)
                0x00005ed4                strcmp
 .text.avr-libc
                0x00005ee6        0xe d:/programme/winavr/bin/../lib/gcc/avr/4.3.3/../../../../avr/lib/avr6\libc.a(strcpy.o)
                0x00005ee6                strcpy
 .text.avr-libc
                0x00005ef4       0x1c d:/programme/winavr/bin/../lib/gcc/avr/4.3.3/../../../../avr/lib/avr6\libc.a(strncmp.o)
                0x00005ef4                strncmp
 .text.avr-libc
                0x00005f10       0x1e d:/programme/winavr/bin/../lib/gcc/avr/4.3.3/../../../../avr/lib/avr6\libc.a(strncpy.o)
                0x00005f10                strncpy
 .text.avr-libc
                0x00005f2e       0x16 d:/programme/winavr/bin/../lib/gcc/avr/4.3.3/../../../../avr/lib/avr6\libc.a(strrchr.o)
                0x00005f2e                strrchr
 .text.avr-libc
                0x00005f44       0x34 d:/programme/winavr/bin/../lib/gcc/avr/4.3.3/../../../../avr/lib/avr6\libc.a(strstr.o)
                0x00005f44                strstr
 .text.avr-libc
                0x00005f78       0x42 d:/programme/winavr/bin/../lib/gcc/avr/4.3.3/../../../../avr/lib/avr6\libc.a(itoa.o)
                0x00005f78                itoa
 .text.avr-libc
                0x00005fba       0x68 d:/programme/winavr/bin/../lib/gcc/avr/4.3.3/../../../../avr/lib/avr6\libc.a(ltoa.o)
                0x00005fba                ltoa
 .text.avr-libc
                0x00006022       0x2a d:/programme/winavr/bin/../lib/gcc/avr/4.3.3/../../../../avr/lib/avr6\libc.a(mulsi10.o)
                0x00006022                __mulsi_const_10
 .text.avr-libc
                0x0000604c       0x4a d:/programme/winavr/bin/../lib/gcc/avr/4.3.3/../../../../avr/lib/avr6\libc.a(ultoa.o)
                0x0000604c                ultoa
 .text.avr-libc
                0x00006096       0x2c d:/programme/winavr/bin/../lib/gcc/avr/4.3.3/../../../../avr/lib/avr6\libc.a(utoa.o)
                0x00006096                utoa
 .text.avr-libc
                0x000060c2        0x6 d:/programme/winavr/bin/../lib/gcc/avr/4.3.3/../../../../avr/lib/avr6\libc.a(cty_isfalse.o)
                0x000060c6                __ctype_istrue
                0x000060c2                __ctype_isfalse
 .text.avr-libc
                0x000060c8       0x20 d:/programme/winavr/bin/../lib/gcc/avr/4.3.3/../../../../avr/lib/avr6\libc.a(strrev.o)
                0x000060c8                strrev
                0x000060e8                . = ALIGN (0x2)
 *(.fini9)
 .fini9         0x000060e8        0x0 d:/programme/winavr/bin/../lib/gcc/avr/4.3.3/avr6\libgcc.a(_exit.o)
                0x000060e8                exit
                0x000060e8                _exit
 *(.fini9)
 *(.fini8)
 *(.fini8)
 *(.fini7)
 *(.fini7)
 *(.fini6)
 *(.fini6)
 *(.fini5)
 *(.fini5)
 *(.fini4)
 *(.fini4)
 *(.fini3)
 *(.fini3)
 *(.fini2)
 *(.fini2)
 *(.fini1)
 *(.fini1)
 *(.fini0)
 .fini0         0x000060e8        0x4 d:/programme/winavr/bin/../lib/gcc/avr/4.3.3/avr6\libgcc.a(_exit.o)
 *(.fini0)
                0x000060ec                _etext = .

.data           0x00800200      0x184 load address 0x000060ec
                0x00800200                PROVIDE (__data_start, .)
 *(.data)
 .data          0x00800200        0x0 d:/programme/winavr/bin/../lib/gcc/avr/4.3.3/../../../../avr/lib/avr6/crtm2560.o
 .data          0x00800200        0x0 obj\Release\fuse.o
 .data          0x00800200        0x0 obj\Release\libraries\twi.o
 .data          0x00800200       0x20 obj\Release\libraries\Wire.o
                0x00800200                vtable for TwoWire
                0x00800210                vtable for Stream
 .data          0x00800220       0x12 obj\Release\main.o
                0x00800220                lastLight
 .data          0x00800232        0x0 libraries\core.a(WInterrupts.c.o)
 .data          0x00800232        0x0 libraries\core.a(wiring.c.o)
 .data          0x00800232        0x0 libraries\core.a(wiring_analog.c.o)
 .data          0x00800232        0x0 libraries\core.a(wiring_digital.c.o)
 .data          0x00800232        0x0 libraries\core.a(wiring_pulse.c.o)
 .data          0x00800232        0x0 libraries\core.a(HardwareSerial.cpp.o)
 .data          0x00800232        0x0 libraries\core.a(IPAddress.cpp.o)
 .data          0x00800232        0xe libraries\core.a(Print.cpp.o)
 .data          0x00800240        0x1 libraries\core.a(WString.cpp.o)
 .data          0x00800241        0x0 libraries\core.a(malloc.c.o)
 .data          0x00800241        0x0 libraries\core.a(realloc.c.o)
 .data          0x00800241        0x0 d:/programme/winavr/bin/../lib/gcc/avr/4.3.3/avr6\libgcc.a(_mulsi3.o)
 .data          0x00800241        0x0 d:/programme/winavr/bin/../lib/gcc/avr/4.3.3/avr6\libgcc.a(_udivmodhi4.o)
 .data          0x00800241        0x0 d:/programme/winavr/bin/../lib/gcc/avr/4.3.3/avr6\libgcc.a(_udivmodsi4.o)
 .data          0x00800241        0x0 d:/programme/winavr/bin/../lib/gcc/avr/4.3.3/avr6\libgcc.a(_exit.o)
 .data          0x00800241        0x0 d:/programme/winavr/bin/../lib/gcc/avr/4.3.3/avr6\libgcc.a(_clear_bss.o)
 .data          0x00800241        0x0 d:/programme/winavr/bin/../lib/gcc/avr/4.3.3/avr6\libgcc.a(_ctors.o)
 .data          0x00800241        0x0 d:/programme/winavr/bin/../lib/gcc/avr/4.3.3/avr6\libgcc.a(_fixunssfsi.o)
 .data          0x00800241        0x0 d:/programme/winavr/bin/../lib/gcc/avr/4.3.3/avr6\libgcc.a(_addsub_sf.o)
 .data          0x00800241        0x0 d:/programme/winavr/bin/../lib/gcc/avr/4.3.3/avr6\libgcc.a(_mul_sf.o)
 .data          0x00800241        0x0 d:/programme/winavr/bin/../lib/gcc/avr/4.3.3/avr6\libgcc.a(_div_sf.o)
 .data          0x00800241        0x0 d:/programme/winavr/bin/../lib/gcc/avr/4.3.3/avr6\libgcc.a(_gt_sf.o)
 .data          0x00800241        0x0 d:/programme/winavr/bin/../lib/gcc/avr/4.3.3/avr6\libgcc.a(_ge_sf.o)
 .data          0x00800241        0x0 d:/programme/winavr/bin/../lib/gcc/avr/4.3.3/avr6\libgcc.a(_lt_sf.o)
 .data          0x00800241        0x0 d:/programme/winavr/bin/../lib/gcc/avr/4.3.3/avr6\libgcc.a(_le_sf.o)
 .data          0x00800241        0x0 d:/programme/winavr/bin/../lib/gcc/avr/4.3.3/avr6\libgcc.a(_unord_sf.o)
 .data          0x00800241        0x0 d:/programme/winavr/bin/../lib/gcc/avr/4.3.3/avr6\libgcc.a(_si_to_sf.o)
 .data          0x00800241        0x0 d:/programme/winavr/bin/../lib/gcc/avr/4.3.3/avr6\libgcc.a(_sf_to_si.o)
 .data          0x00800241        0x8 d:/programme/winavr/bin/../lib/gcc/avr/4.3.3/avr6\libgcc.a(_thenan_sf.o)
                0x00800241                __thenan_sf
 .data          0x00800249        0x0 d:/programme/winavr/bin/../lib/gcc/avr/4.3.3/avr6\libgcc.a(_usi_to_sf.o)
 .data          0x00800249        0x0 d:/programme/winavr/bin/../lib/gcc/avr/4.3.3/avr6\libgcc.a(_prologue.o)
 .data          0x00800249        0x0 d:/programme/winavr/bin/../lib/gcc/avr/4.3.3/avr6\libgcc.a(_epilogue.o)
 .data          0x00800249        0x0 d:/programme/winavr/bin/../lib/gcc/avr/4.3.3/avr6\libgcc.a(_tablejump.o)
 .data          0x00800249        0x0 d:/programme/winavr/bin/../lib/gcc/avr/4.3.3/avr6\libgcc.a(_clzsi2.o)
 .data          0x00800249        0x0 d:/programme/winavr/bin/../lib/gcc/avr/4.3.3/avr6\libgcc.a(_pack_sf.o)
 .data          0x00800249        0x0 d:/programme/winavr/bin/../lib/gcc/avr/4.3.3/avr6\libgcc.a(_unpack_sf.o)
 .data          0x00800249        0x0 d:/programme/winavr/bin/../lib/gcc/avr/4.3.3/avr6\libgcc.a(_fpcmp_parts_sf.o)
 .data          0x00800249      0x100 d:/programme/winavr/bin/../lib/gcc/avr/4.3.3/avr6\libgcc.a(_clz.o)
                0x00800249                __clz_tab
 .data          0x00800349        0x0 d:/programme/winavr/bin/../lib/gcc/avr/4.3.3/../../../../avr/lib/avr6\libc.a(atol.o)
 .data          0x00800349        0x0 d:/programme/winavr/bin/../lib/gcc/avr/4.3.3/../../../../avr/lib/avr6\libc.a(isspace.o)
 .data          0x00800349        0x0 d:/programme/winavr/bin/../lib/gcc/avr/4.3.3/../../../../avr/lib/avr6\libc.a(tolower.o)
 .data          0x00800349        0x0 d:/programme/winavr/bin/../lib/gcc/avr/4.3.3/../../../../avr/lib/avr6\libc.a(toupper.o)
 .data          0x00800349        0x0 d:/programme/winavr/bin/../lib/gcc/avr/4.3.3/../../../../avr/lib/avr6\libc.a(memcmp.o)
 .data          0x00800349        0x0 d:/programme/winavr/bin/../lib/gcc/avr/4.3.3/../../../../avr/lib/avr6\libc.a(memcpy.o)
 .data          0x00800349        0x0 d:/programme/winavr/bin/../lib/gcc/avr/4.3.3/../../../../avr/lib/avr6\libc.a(memmove.o)
 .data          0x00800349        0x0 d:/programme/winavr/bin/../lib/gcc/avr/4.3.3/../../../../avr/lib/avr6\libc.a(strchr.o)
 .data          0x00800349        0x0 d:/programme/winavr/bin/../lib/gcc/avr/4.3.3/../../../../avr/lib/avr6\libc.a(strcmp.o)
 .data          0x00800349        0x0 d:/programme/winavr/bin/../lib/gcc/avr/4.3.3/../../../../avr/lib/avr6\libc.a(strcpy.o)
 .data          0x00800349        0x0 d:/programme/winavr/bin/../lib/gcc/avr/4.3.3/../../../../avr/lib/avr6\libc.a(strncmp.o)
 .data          0x00800349        0x0 d:/programme/winavr/bin/../lib/gcc/avr/4.3.3/../../../../avr/lib/avr6\libc.a(strncpy.o)
 .data          0x00800349        0x0 d:/programme/winavr/bin/../lib/gcc/avr/4.3.3/../../../../avr/lib/avr6\libc.a(strrchr.o)
 .data          0x00800349        0x0 d:/programme/winavr/bin/../lib/gcc/avr/4.3.3/../../../../avr/lib/avr6\libc.a(strstr.o)
 .data          0x00800349        0x0 d:/programme/winavr/bin/../lib/gcc/avr/4.3.3/../../../../avr/lib/avr6\libc.a(itoa.o)
 .data          0x00800349        0x0 d:/programme/winavr/bin/../lib/gcc/avr/4.3.3/../../../../avr/lib/avr6\libc.a(ltoa.o)
 .data          0x00800349        0x0 d:/programme/winavr/bin/../lib/gcc/avr/4.3.3/../../../../avr/lib/avr6\libc.a(mulsi10.o)
 .data          0x00800349        0x0 d:/programme/winavr/bin/../lib/gcc/avr/4.3.3/../../../../avr/lib/avr6\libc.a(ultoa.o)
 .data          0x00800349        0x0 d:/programme/winavr/bin/../lib/gcc/avr/4.3.3/../../../../avr/lib/avr6\libc.a(utoa.o)
 .data          0x00800349        0x0 d:/programme/winavr/bin/../lib/gcc/avr/4.3.3/../../../../avr/lib/avr6\libc.a(cty_isfalse.o)
 .data          0x00800349        0x0 d:/programme/winavr/bin/../lib/gcc/avr/4.3.3/../../../../avr/lib/avr6\libc.a(strrev.o)
 *(.data*)
 .data.analog_reference
                0x00800349        0x1 libraries\core.a(wiring_analog.c.o)
                0x00800349                analog_reference
 .data.__malloc_margin
                0x0080034a        0x2 libraries\core.a(malloc.c.o)
                0x0080034a                __malloc_margin
 .data.__malloc_heap_start
                0x0080034c        0x2 libraries\core.a(malloc.c.o)
                0x0080034c                __malloc_heap_start
 .data.__malloc_heap_end
                0x0080034e        0x2 libraries\core.a(malloc.c.o)
                0x0080034e                __malloc_heap_end
 *(.rodata)
 *(.rodata*)
 .rodata._ZTV14HardwareSerial
                0x00800350       0x10 libraries\core.a(HardwareSerial.cpp.o)
                0x00800350                vtable for HardwareSerial
 .rodata._ZTV6Stream
                0x00800360       0x10 libraries\core.a(HardwareSerial.cpp.o)
 .rodata._ZTV9IPAddress
                0x00800370        0x6 libraries\core.a(IPAddress.cpp.o)
                0x00800370                vtable for IPAddress
 .rodata._ZTV9Printable
                0x00800376        0x6 libraries\core.a(IPAddress.cpp.o)
                0x00800376                vtable for Printable
 .rodata._ZTV5Print
                0x0080037c        0x8 libraries\core.a(Print.cpp.o)
                0x0080037c                vtable for Print
 *(.gnu.linkonce.d*)
                0x00800384                . = ALIGN (0x2)
                0x00800384                _edata = .
                0x00800384                PROVIDE (__data_end, .)

.bss            0x00800384      0x5af
                0x00800384                PROVIDE (__bss_start, .)
 *(.bss)
 .bss           0x00800384        0x0 d:/programme/winavr/bin/../lib/gcc/avr/4.3.3/../../../../avr/lib/avr6/crtm2560.o
 .bss           0x00800384        0x0 obj\Release\fuse.o
 .bss           0x00800384       0x6e obj\Release\libraries\twi.o
 .bss           0x008003f2       0x56 obj\Release\libraries\Wire.o
                0x00800414                TwoWire::txAddress
                0x00800413                TwoWire::rxBufferLength
                0x0080043a                TwoWire::user_onReceive
                0x00800436                TwoWire::txBufferLength
                0x00800435                TwoWire::txBufferIndex
                0x0080043c                Wire
                0x00800415                TwoWire::txBuffer
                0x00800438                TwoWire::user_onRequest
                0x00800412                TwoWire::rxBufferIndex
                0x008003f2                TwoWire::rxBuffer
                0x00800437                TwoWire::transmitting
 .bss           0x00800448      0x21f obj\Release\main.o
                0x00800450                validRead
                0x0080044e                rotL
                0x0080044c                rotR
                0x0080065f                rotSeek
                0x00800652                accelVal
                0x00800448                speedR
                0x0080065e                inter
                0x0080044a                speedL
                0x00800452                str
                0x00800658                calbAccelVal
 .bss           0x00800667        0x0 libraries\core.a(WInterrupts.c.o)
 .bss           0x00800667        0x0 libraries\core.a(wiring.c.o)
 .bss           0x00800667        0x0 libraries\core.a(wiring_analog.c.o)
 .bss           0x00800667        0x0 libraries\core.a(wiring_digital.c.o)
 .bss           0x00800667        0x0 libraries\core.a(wiring_pulse.c.o)
 .bss           0x00800667        0x0 libraries\core.a(HardwareSerial.cpp.o)
 .bss           0x00800667        0x0 libraries\core.a(IPAddress.cpp.o)
 .bss           0x00800667        0x0 libraries\core.a(Print.cpp.o)
 .bss           0x00800667        0x0 libraries\core.a(WString.cpp.o)
 .bss           0x00800667        0x0 libraries\core.a(malloc.c.o)
 .bss           0x00800667        0x0 libraries\core.a(realloc.c.o)
 .bss           0x00800667        0x0 d:/programme/winavr/bin/../lib/gcc/avr/4.3.3/avr6\libgcc.a(_mulsi3.o)
 .bss           0x00800667        0x0 d:/programme/winavr/bin/../lib/gcc/avr/4.3.3/avr6\libgcc.a(_udivmodhi4.o)
 .bss           0x00800667        0x0 d:/programme/winavr/bin/../lib/gcc/avr/4.3.3/avr6\libgcc.a(_udivmodsi4.o)
 .bss           0x00800667        0x0 d:/programme/winavr/bin/../lib/gcc/avr/4.3.3/avr6\libgcc.a(_exit.o)
 .bss           0x00800667        0x0 d:/programme/winavr/bin/../lib/gcc/avr/4.3.3/avr6\libgcc.a(_clear_bss.o)
 .bss           0x00800667        0x0 d:/programme/winavr/bin/../lib/gcc/avr/4.3.3/avr6\libgcc.a(_ctors.o)
 .bss           0x00800667        0x0 d:/programme/winavr/bin/../lib/gcc/avr/4.3.3/avr6\libgcc.a(_fixunssfsi.o)
 .bss           0x00800667        0x0 d:/programme/winavr/bin/../lib/gcc/avr/4.3.3/avr6\libgcc.a(_addsub_sf.o)
 .bss           0x00800667        0x0 d:/programme/winavr/bin/../lib/gcc/avr/4.3.3/avr6\libgcc.a(_mul_sf.o)
 .bss           0x00800667        0x0 d:/programme/winavr/bin/../lib/gcc/avr/4.3.3/avr6\libgcc.a(_div_sf.o)
 .bss           0x00800667        0x0 d:/programme/winavr/bin/../lib/gcc/avr/4.3.3/avr6\libgcc.a(_gt_sf.o)
 .bss           0x00800667        0x0 d:/programme/winavr/bin/../lib/gcc/avr/4.3.3/avr6\libgcc.a(_ge_sf.o)
 .bss           0x00800667        0x0 d:/programme/winavr/bin/../lib/gcc/avr/4.3.3/avr6\libgcc.a(_lt_sf.o)
 .bss           0x00800667        0x0 d:/programme/winavr/bin/../lib/gcc/avr/4.3.3/avr6\libgcc.a(_le_sf.o)
 .bss           0x00800667        0x0 d:/programme/winavr/bin/../lib/gcc/avr/4.3.3/avr6\libgcc.a(_unord_sf.o)
 .bss           0x00800667        0x0 d:/programme/winavr/bin/../lib/gcc/avr/4.3.3/avr6\libgcc.a(_si_to_sf.o)
 .bss           0x00800667        0x0 d:/programme/winavr/bin/../lib/gcc/avr/4.3.3/avr6\libgcc.a(_sf_to_si.o)
 .bss           0x00800667        0x0 d:/programme/winavr/bin/../lib/gcc/avr/4.3.3/avr6\libgcc.a(_thenan_sf.o)
 .bss           0x00800667        0x0 d:/programme/winavr/bin/../lib/gcc/avr/4.3.3/avr6\libgcc.a(_usi_to_sf.o)
 .bss           0x00800667        0x0 d:/programme/winavr/bin/../lib/gcc/avr/4.3.3/avr6\libgcc.a(_prologue.o)
 .bss           0x00800667        0x0 d:/programme/winavr/bin/../lib/gcc/avr/4.3.3/avr6\libgcc.a(_epilogue.o)
 .bss           0x00800667        0x0 d:/programme/winavr/bin/../lib/gcc/avr/4.3.3/avr6\libgcc.a(_tablejump.o)
 .bss           0x00800667        0x0 d:/programme/winavr/bin/../lib/gcc/avr/4.3.3/avr6\libgcc.a(_clzsi2.o)
 .bss           0x00800667        0x0 d:/programme/winavr/bin/../lib/gcc/avr/4.3.3/avr6\libgcc.a(_pack_sf.o)
 .bss           0x00800667        0x0 d:/programme/winavr/bin/../lib/gcc/avr/4.3.3/avr6\libgcc.a(_unpack_sf.o)
 .bss           0x00800667        0x0 d:/programme/winavr/bin/../lib/gcc/avr/4.3.3/avr6\libgcc.a(_fpcmp_parts_sf.o)
 .bss           0x00800667        0x0 d:/programme/winavr/bin/../lib/gcc/avr/4.3.3/avr6\libgcc.a(_clz.o)
 .bss           0x00800667        0x0 d:/programme/winavr/bin/../lib/gcc/avr/4.3.3/../../../../avr/lib/avr6\libc.a(atol.o)
 .bss           0x00800667        0x0 d:/programme/winavr/bin/../lib/gcc/avr/4.3.3/../../../../avr/lib/avr6\libc.a(isspace.o)
 .bss           0x00800667        0x0 d:/programme/winavr/bin/../lib/gcc/avr/4.3.3/../../../../avr/lib/avr6\libc.a(tolower.o)
 .bss           0x00800667        0x0 d:/programme/winavr/bin/../lib/gcc/avr/4.3.3/../../../../avr/lib/avr6\libc.a(toupper.o)
 .bss           0x00800667        0x0 d:/programme/winavr/bin/../lib/gcc/avr/4.3.3/../../../../avr/lib/avr6\libc.a(memcmp.o)
 .bss           0x00800667        0x0 d:/programme/winavr/bin/../lib/gcc/avr/4.3.3/../../../../avr/lib/avr6\libc.a(memcpy.o)
 .bss           0x00800667        0x0 d:/programme/winavr/bin/../lib/gcc/avr/4.3.3/../../../../avr/lib/avr6\libc.a(memmove.o)
 .bss           0x00800667        0x0 d:/programme/winavr/bin/../lib/gcc/avr/4.3.3/../../../../avr/lib/avr6\libc.a(strchr.o)
 .bss           0x00800667        0x0 d:/programme/winavr/bin/../lib/gcc/avr/4.3.3/../../../../avr/lib/avr6\libc.a(strcmp.o)
 .bss           0x00800667        0x0 d:/programme/winavr/bin/../lib/gcc/avr/4.3.3/../../../../avr/lib/avr6\libc.a(strcpy.o)
 .bss           0x00800667        0x0 d:/programme/winavr/bin/../lib/gcc/avr/4.3.3/../../../../avr/lib/avr6\libc.a(strncmp.o)
 .bss           0x00800667        0x0 d:/programme/winavr/bin/../lib/gcc/avr/4.3.3/../../../../avr/lib/avr6\libc.a(strncpy.o)
 .bss           0x00800667        0x0 d:/programme/winavr/bin/../lib/gcc/avr/4.3.3/../../../../avr/lib/avr6\libc.a(strrchr.o)
 .bss           0x00800667        0x0 d:/programme/winavr/bin/../lib/gcc/avr/4.3.3/../../../../avr/lib/avr6\libc.a(strstr.o)
 .bss           0x00800667        0x0 d:/programme/winavr/bin/../lib/gcc/avr/4.3.3/../../../../avr/lib/avr6\libc.a(itoa.o)
 .bss           0x00800667        0x0 d:/programme/winavr/bin/../lib/gcc/avr/4.3.3/../../../../avr/lib/avr6\libc.a(ltoa.o)
 .bss           0x00800667        0x0 d:/programme/winavr/bin/../lib/gcc/avr/4.3.3/../../../../avr/lib/avr6\libc.a(mulsi10.o)
 .bss           0x00800667        0x0 d:/programme/winavr/bin/../lib/gcc/avr/4.3.3/../../../../avr/lib/avr6\libc.a(ultoa.o)
 .bss           0x00800667        0x0 d:/programme/winavr/bin/../lib/gcc/avr/4.3.3/../../../../avr/lib/avr6\libc.a(utoa.o)
 .bss           0x00800667        0x0 d:/programme/winavr/bin/../lib/gcc/avr/4.3.3/../../../../avr/lib/avr6\libc.a(cty_isfalse.o)
 .bss           0x00800667        0x0 d:/programme/winavr/bin/../lib/gcc/avr/4.3.3/../../../../avr/lib/avr6\libc.a(strrev.o)
 *(.bss*)
 .bss.intFunc   0x00800667       0x10 libraries\core.a(WInterrupts.c.o)
 .bss.timer0_overflow_count
                0x00800677        0x4 libraries\core.a(wiring.c.o)
                0x00800677                timer0_overflow_count
 .bss.timer0_millis
                0x0080067b        0x4 libraries\core.a(wiring.c.o)
                0x0080067b                timer0_millis
 .bss.timer0_fract
                0x0080067f        0x1 libraries\core.a(wiring.c.o)
 .bss.rx_buffer
                0x00800680       0x44 libraries\core.a(HardwareSerial.cpp.o)
                0x00800680                rx_buffer
 .bss.tx_buffer
                0x008006c4       0x44 libraries\core.a(HardwareSerial.cpp.o)
                0x008006c4                tx_buffer
 .bss.rx_buffer1
                0x00800708       0x44 libraries\core.a(HardwareSerial.cpp.o)
                0x00800708                rx_buffer1
 .bss.tx_buffer1
                0x0080074c       0x44 libraries\core.a(HardwareSerial.cpp.o)
                0x0080074c                tx_buffer1
 .bss.rx_buffer2
                0x00800790       0x44 libraries\core.a(HardwareSerial.cpp.o)
                0x00800790                rx_buffer2
 .bss.tx_buffer2
                0x008007d4       0x44 libraries\core.a(HardwareSerial.cpp.o)
                0x008007d4                tx_buffer2
 .bss.rx_buffer3
                0x00800818       0x44 libraries\core.a(HardwareSerial.cpp.o)
                0x00800818                rx_buffer3
 .bss.tx_buffer3
                0x0080085c       0x44 libraries\core.a(HardwareSerial.cpp.o)
                0x0080085c                tx_buffer3
 .bss.Serial    0x008008a0       0x22 libraries\core.a(HardwareSerial.cpp.o)
                0x008008a0                Serial
 .bss.Serial1   0x008008c2       0x22 libraries\core.a(HardwareSerial.cpp.o)
                0x008008c2                Serial1
 .bss.Serial2   0x008008e4       0x22 libraries\core.a(HardwareSerial.cpp.o)
                0x008008e4                Serial2
 .bss.Serial3   0x00800906       0x22 libraries\core.a(HardwareSerial.cpp.o)
                0x00800906                Serial3
 .bss._ZL11INADDR_NONE
                0x00800928        0x6 libraries\core.a(IPAddress.cpp.o)
 .bss._ZZN6StringixEjE19dummy_writable_char
                0x0080092e        0x1 libraries\core.a(WString.cpp.o)
 *(COMMON)
 COMMON         0x0080092f        0x4 libraries\core.a(malloc.c.o)
                0x0080092f                __brkval
                0x00800931                __flp
                0x00800933                PROVIDE (__bss_end, .)
                0x000060ec                __data_load_start = LOADADDR (.data)
                0x00006270                __data_load_end = (__data_load_start + SIZEOF (.data))

.noinit         0x00800933        0x0
                0x00800933                PROVIDE (__noinit_start, .)
 *(.noinit*)
                0x00800933                PROVIDE (__noinit_end, .)
                0x00800933                _end = .
                0x00800933                PROVIDE (__heap_start, .)

.eeprom         0x00810000        0x0
 *(.eeprom*)
                0x00810000                __eeprom_end = .

.fuse           0x00820000        0x3
 *(.fuse)
 .fuse          0x00820000        0x3 obj\Release\fuse.o
                0x00820000                __fuse
 *(.lfuse)
 *(.hfuse)
 *(.efuse)

.lock
 *(.lock*)

.signature
 *(.signature*)

.stab
 *(.stab)

.stabstr
 *(.stabstr)

.stab.excl
 *(.stab.excl)

.stab.exclstr
 *(.stab.exclstr)

.stab.index
 *(.stab.index)

.stab.indexstr
 *(.stab.indexstr)

.comment
 *(.comment)

.debug
 *(.debug)

.line
 *(.line)

.debug_srcinfo
 *(.debug_srcinfo)

.debug_sfnames
 *(.debug_sfnames)

.debug_aranges  0x00000000      0x830
 *(.debug_aranges)
 .debug_aranges
                0x00000000       0x68 libraries\core.a(WInterrupts.c.o)
 .debug_aranges
                0x00000068       0x48 libraries\core.a(wiring.c.o)
 .debug_aranges
                0x000000b0       0x30 libraries\core.a(wiring_analog.c.o)
 .debug_aranges
                0x000000e0       0x38 libraries\core.a(wiring_digital.c.o)
 .debug_aranges
                0x00000118       0x20 libraries\core.a(wiring_pulse.c.o)
 .debug_aranges
                0x00000138       0xe0 libraries\core.a(HardwareSerial.cpp.o)
 .debug_aranges
                0x00000218       0x80 libraries\core.a(IPAddress.cpp.o)
 .debug_aranges
                0x00000298       0xf0 libraries\core.a(Print.cpp.o)
 .debug_aranges
                0x00000388      0x260 libraries\core.a(WString.cpp.o)
 .debug_aranges
                0x000005e8       0x28 libraries\core.a(malloc.c.o)
 .debug_aranges
                0x00000610       0x20 libraries\core.a(realloc.c.o)
 .debug_aranges
                0x00000630       0x20 d:/programme/winavr/bin/../lib/gcc/avr/4.3.3/avr6\libgcc.a(_fixunssfsi.o)
 .debug_aranges
                0x00000650       0x20 d:/programme/winavr/bin/../lib/gcc/avr/4.3.3/avr6\libgcc.a(_addsub_sf.o)
 .debug_aranges
                0x00000670       0x20 d:/programme/winavr/bin/../lib/gcc/avr/4.3.3/avr6\libgcc.a(_mul_sf.o)
 .debug_aranges
                0x00000690       0x20 d:/programme/winavr/bin/../lib/gcc/avr/4.3.3/avr6\libgcc.a(_div_sf.o)
 .debug_aranges
                0x000006b0       0x20 d:/programme/winavr/bin/../lib/gcc/avr/4.3.3/avr6\libgcc.a(_gt_sf.o)
 .debug_aranges
                0x000006d0       0x20 d:/programme/winavr/bin/../lib/gcc/avr/4.3.3/avr6\libgcc.a(_ge_sf.o)
 .debug_aranges
                0x000006f0       0x20 d:/programme/winavr/bin/../lib/gcc/avr/4.3.3/avr6\libgcc.a(_lt_sf.o)
 .debug_aranges
                0x00000710       0x20 d:/programme/winavr/bin/../lib/gcc/avr/4.3.3/avr6\libgcc.a(_le_sf.o)
 .debug_aranges
                0x00000730       0x20 d:/programme/winavr/bin/../lib/gcc/avr/4.3.3/avr6\libgcc.a(_unord_sf.o)
 .debug_aranges
                0x00000750       0x20 d:/programme/winavr/bin/../lib/gcc/avr/4.3.3/avr6\libgcc.a(_si_to_sf.o)
 .debug_aranges
                0x00000770       0x20 d:/programme/winavr/bin/../lib/gcc/avr/4.3.3/avr6\libgcc.a(_sf_to_si.o)
 .debug_aranges
                0x00000790       0x20 d:/programme/winavr/bin/../lib/gcc/avr/4.3.3/avr6\libgcc.a(_usi_to_sf.o)
 .debug_aranges
                0x000007b0       0x20 d:/programme/winavr/bin/../lib/gcc/avr/4.3.3/avr6\libgcc.a(_clzsi2.o)
 .debug_aranges
                0x000007d0       0x20 d:/programme/winavr/bin/../lib/gcc/avr/4.3.3/avr6\libgcc.a(_pack_sf.o)
 .debug_aranges
                0x000007f0       0x20 d:/programme/winavr/bin/../lib/gcc/avr/4.3.3/avr6\libgcc.a(_unpack_sf.o)
 .debug_aranges
                0x00000810       0x20 d:/programme/winavr/bin/../lib/gcc/avr/4.3.3/avr6\libgcc.a(_fpcmp_parts_sf.o)

.debug_pubnames
                0x00000000     0x1142
 *(.debug_pubnames)
 .debug_pubnames
                0x00000000       0xb2 libraries\core.a(WInterrupts.c.o)
 .debug_pubnames
                0x000000b2       0x8d libraries\core.a(wiring.c.o)
 .debug_pubnames
                0x0000013f       0x5a libraries\core.a(wiring_analog.c.o)
 .debug_pubnames
                0x00000199       0xda libraries\core.a(wiring_digital.c.o)
 .debug_pubnames
                0x00000273       0x1e libraries\core.a(wiring_pulse.c.o)
 .debug_pubnames
                0x00000291      0x2c5 libraries\core.a(HardwareSerial.cpp.o)
 .debug_pubnames
                0x00000556      0x13d libraries\core.a(IPAddress.cpp.o)
 .debug_pubnames
                0x00000693      0x200 libraries\core.a(Print.cpp.o)
 .debug_pubnames
                0x00000893      0x5bf libraries\core.a(WString.cpp.o)
 .debug_pubnames
                0x00000e52       0x7f libraries\core.a(malloc.c.o)
 .debug_pubnames
                0x00000ed1       0x1e libraries\core.a(realloc.c.o)
 .debug_pubnames
                0x00000eef       0x23 d:/programme/winavr/bin/../lib/gcc/avr/4.3.3/avr6\libgcc.a(_fixunssfsi.o)
 .debug_pubnames
                0x00000f12       0x2c d:/programme/winavr/bin/../lib/gcc/avr/4.3.3/avr6\libgcc.a(_addsub_sf.o)
 .debug_pubnames
                0x00000f3e       0x1f d:/programme/winavr/bin/../lib/gcc/avr/4.3.3/avr6\libgcc.a(_mul_sf.o)
 .debug_pubnames
                0x00000f5d       0x1f d:/programme/winavr/bin/../lib/gcc/avr/4.3.3/avr6\libgcc.a(_div_sf.o)
 .debug_pubnames
                0x00000f7c       0x1e d:/programme/winavr/bin/../lib/gcc/avr/4.3.3/avr6\libgcc.a(_gt_sf.o)
 .debug_pubnames
                0x00000f9a       0x1e d:/programme/winavr/bin/../lib/gcc/avr/4.3.3/avr6\libgcc.a(_ge_sf.o)
 .debug_pubnames
                0x00000fb8       0x1e d:/programme/winavr/bin/../lib/gcc/avr/4.3.3/avr6\libgcc.a(_lt_sf.o)
 .debug_pubnames
                0x00000fd6       0x1e d:/programme/winavr/bin/../lib/gcc/avr/4.3.3/avr6\libgcc.a(_le_sf.o)
 .debug_pubnames
                0x00000ff4       0x21 d:/programme/winavr/bin/../lib/gcc/avr/4.3.3/avr6\libgcc.a(_unord_sf.o)
 .debug_pubnames
                0x00001015       0x22 d:/programme/winavr/bin/../lib/gcc/avr/4.3.3/avr6\libgcc.a(_si_to_sf.o)
 .debug_pubnames
                0x00001037       0x20 d:/programme/winavr/bin/../lib/gcc/avr/4.3.3/avr6\libgcc.a(_sf_to_si.o)
 .debug_pubnames
                0x00001057       0x22 d:/programme/winavr/bin/../lib/gcc/avr/4.3.3/avr6\libgcc.a(_thenan_sf.o)
 .debug_pubnames
                0x00001079       0x24 d:/programme/winavr/bin/../lib/gcc/avr/4.3.3/avr6\libgcc.a(_usi_to_sf.o)
 .debug_pubnames
                0x0000109d       0x1f d:/programme/winavr/bin/../lib/gcc/avr/4.3.3/avr6\libgcc.a(_clzsi2.o)
 .debug_pubnames
                0x000010bc       0x1f d:/programme/winavr/bin/../lib/gcc/avr/4.3.3/avr6\libgcc.a(_pack_sf.o)
 .debug_pubnames
                0x000010db       0x21 d:/programme/winavr/bin/../lib/gcc/avr/4.3.3/avr6\libgcc.a(_unpack_sf.o)
 .debug_pubnames
                0x000010fc       0x26 d:/programme/winavr/bin/../lib/gcc/avr/4.3.3/avr6\libgcc.a(_fpcmp_parts_sf.o)
 .debug_pubnames
                0x00001122       0x20 d:/programme/winavr/bin/../lib/gcc/avr/4.3.3/avr6\libgcc.a(_clz.o)

.debug_info     0x00000000     0xa5a3
 *(.debug_info)
 .debug_info    0x00000000      0x2d7 libraries\core.a(WInterrupts.c.o)
 .debug_info    0x000002d7      0x37a libraries\core.a(wiring.c.o)
 .debug_info    0x00000651      0x289 libraries\core.a(wiring_analog.c.o)
 .debug_info    0x000008da      0x5d3 libraries\core.a(wiring_digital.c.o)
 .debug_info    0x00000ead      0x347 libraries\core.a(wiring_pulse.c.o)
 .debug_info    0x000011f4     0x1f1f libraries\core.a(HardwareSerial.cpp.o)
 .debug_info    0x00003113      0x897 libraries\core.a(IPAddress.cpp.o)
 .debug_info    0x000039aa     0x1b4b libraries\core.a(Print.cpp.o)
 .debug_info    0x000054f5     0x21e1 libraries\core.a(WString.cpp.o)
 .debug_info    0x000076d6      0x229 libraries\core.a(malloc.c.o)
 .debug_info    0x000078ff      0x194 libraries\core.a(realloc.c.o)
 .debug_info    0x00007a93       0xb1 d:/programme/winavr/bin/../lib/gcc/avr/4.3.3/avr6\libgcc.a(_fixunssfsi.o)
 .debug_info    0x00007b44      0x47a d:/programme/winavr/bin/../lib/gcc/avr/4.3.3/avr6\libgcc.a(_addsub_sf.o)
 .debug_info    0x00007fbe      0x485 d:/programme/winavr/bin/../lib/gcc/avr/4.3.3/avr6\libgcc.a(_mul_sf.o)
 .debug_info    0x00008443      0x3fc d:/programme/winavr/bin/../lib/gcc/avr/4.3.3/avr6\libgcc.a(_div_sf.o)
 .debug_info    0x0000883f      0x27f d:/programme/winavr/bin/../lib/gcc/avr/4.3.3/avr6\libgcc.a(_gt_sf.o)
 .debug_info    0x00008abe      0x27f d:/programme/winavr/bin/../lib/gcc/avr/4.3.3/avr6\libgcc.a(_ge_sf.o)
 .debug_info    0x00008d3d      0x27f d:/programme/winavr/bin/../lib/gcc/avr/4.3.3/avr6\libgcc.a(_lt_sf.o)
 .debug_info    0x00008fbc      0x27f d:/programme/winavr/bin/../lib/gcc/avr/4.3.3/avr6\libgcc.a(_le_sf.o)
 .debug_info    0x0000923b      0x27f d:/programme/winavr/bin/../lib/gcc/avr/4.3.3/avr6\libgcc.a(_unord_sf.o)
 .debug_info    0x000094ba      0x207 d:/programme/winavr/bin/../lib/gcc/avr/4.3.3/avr6\libgcc.a(_si_to_sf.o)
 .debug_info    0x000096c1      0x2b0 d:/programme/winavr/bin/../lib/gcc/avr/4.3.3/avr6\libgcc.a(_sf_to_si.o)
 .debug_info    0x00009971      0x12c d:/programme/winavr/bin/../lib/gcc/avr/4.3.3/avr6\libgcc.a(_thenan_sf.o)
 .debug_info    0x00009a9d      0x206 d:/programme/winavr/bin/../lib/gcc/avr/4.3.3/avr6\libgcc.a(_usi_to_sf.o)
 .debug_info    0x00009ca3      0x117 d:/programme/winavr/bin/../lib/gcc/avr/4.3.3/avr6\libgcc.a(_clzsi2.o)
 .debug_info    0x00009dba      0x2df d:/programme/winavr/bin/../lib/gcc/avr/4.3.3/avr6\libgcc.a(_pack_sf.o)
 .debug_info    0x0000a099      0x251 d:/programme/winavr/bin/../lib/gcc/avr/4.3.3/avr6\libgcc.a(_unpack_sf.o)
 .debug_info    0x0000a2ea      0x210 d:/programme/winavr/bin/../lib/gcc/avr/4.3.3/avr6\libgcc.a(_fpcmp_parts_sf.o)
 .debug_info    0x0000a4fa       0xa9 d:/programme/winavr/bin/../lib/gcc/avr/4.3.3/avr6\libgcc.a(_clz.o)
 *(.gnu.linkonce.wi.*)

.debug_abbrev   0x00000000     0x2ccf
 *(.debug_abbrev)
 .debug_abbrev  0x00000000       0xe7 libraries\core.a(WInterrupts.c.o)
 .debug_abbrev  0x000000e7      0x17d libraries\core.a(wiring.c.o)
 .debug_abbrev  0x00000264      0x117 libraries\core.a(wiring_analog.c.o)
 .debug_abbrev  0x0000037b      0x167 libraries\core.a(wiring_digital.c.o)
 .debug_abbrev  0x000004e2       0xf8 libraries\core.a(wiring_pulse.c.o)
 .debug_abbrev  0x000005da      0x48e libraries\core.a(HardwareSerial.cpp.o)
 .debug_abbrev  0x00000a68      0x296 libraries\core.a(IPAddress.cpp.o)
 .debug_abbrev  0x00000cfe      0x336 libraries\core.a(Print.cpp.o)
 .debug_abbrev  0x00001034      0x343 libraries\core.a(WString.cpp.o)
 .debug_abbrev  0x00001377      0x10d libraries\core.a(malloc.c.o)
 .debug_abbrev  0x00001484       0xc9 libraries\core.a(realloc.c.o)
 .debug_abbrev  0x0000154d       0x5d d:/programme/winavr/bin/../lib/gcc/avr/4.3.3/avr6\libgcc.a(_fixunssfsi.o)
 .debug_abbrev  0x000015aa      0x1ea d:/programme/winavr/bin/../lib/gcc/avr/4.3.3/avr6\libgcc.a(_addsub_sf.o)
 .debug_abbrev  0x00001794      0x21b d:/programme/winavr/bin/../lib/gcc/avr/4.3.3/avr6\libgcc.a(_mul_sf.o)
 .debug_abbrev  0x000019af      0x216 d:/programme/winavr/bin/../lib/gcc/avr/4.3.3/avr6\libgcc.a(_div_sf.o)
 .debug_abbrev  0x00001bc5      0x15a d:/programme/winavr/bin/../lib/gcc/avr/4.3.3/avr6\libgcc.a(_gt_sf.o)
 .debug_abbrev  0x00001d1f      0x15a d:/programme/winavr/bin/../lib/gcc/avr/4.3.3/avr6\libgcc.a(_ge_sf.o)
 .debug_abbrev  0x00001e79      0x15a d:/programme/winavr/bin/../lib/gcc/avr/4.3.3/avr6\libgcc.a(_lt_sf.o)
 .debug_abbrev  0x00001fd3      0x15a d:/programme/winavr/bin/../lib/gcc/avr/4.3.3/avr6\libgcc.a(_le_sf.o)
 .debug_abbrev  0x0000212d      0x15a d:/programme/winavr/bin/../lib/gcc/avr/4.3.3/avr6\libgcc.a(_unord_sf.o)
 .debug_abbrev  0x00002287      0x148 d:/programme/winavr/bin/../lib/gcc/avr/4.3.3/avr6\libgcc.a(_si_to_sf.o)
 .debug_abbrev  0x000023cf      0x17f d:/programme/winavr/bin/../lib/gcc/avr/4.3.3/avr6\libgcc.a(_sf_to_si.o)
 .debug_abbrev  0x0000254e       0xad d:/programme/winavr/bin/../lib/gcc/avr/4.3.3/avr6\libgcc.a(_thenan_sf.o)
 .debug_abbrev  0x000025fb      0x157 d:/programme/winavr/bin/../lib/gcc/avr/4.3.3/avr6\libgcc.a(_usi_to_sf.o)
 .debug_abbrev  0x00002752       0xc4 d:/programme/winavr/bin/../lib/gcc/avr/4.3.3/avr6\libgcc.a(_clzsi2.o)
 .debug_abbrev  0x00002816      0x1c0 d:/programme/winavr/bin/../lib/gcc/avr/4.3.3/avr6\libgcc.a(_pack_sf.o)
 .debug_abbrev  0x000029d6      0x154 d:/programme/winavr/bin/../lib/gcc/avr/4.3.3/avr6\libgcc.a(_unpack_sf.o)
 .debug_abbrev  0x00002b2a      0x13b d:/programme/winavr/bin/../lib/gcc/avr/4.3.3/avr6\libgcc.a(_fpcmp_parts_sf.o)
 .debug_abbrev  0x00002c65       0x6a d:/programme/winavr/bin/../lib/gcc/avr/4.3.3/avr6\libgcc.a(_clz.o)

.debug_line     0x00000000     0x5296
 *(.debug_line)
 .debug_line    0x00000000      0x3e0 libraries\core.a(WInterrupts.c.o)
 .debug_line    0x000003e0      0x3dd libraries\core.a(wiring.c.o)
 .debug_line    0x000007bd      0x31d libraries\core.a(wiring_analog.c.o)
 .debug_line    0x00000ada      0x32d libraries\core.a(wiring_digital.c.o)
 .debug_line    0x00000e07      0x1e8 libraries\core.a(wiring_pulse.c.o)
 .debug_line    0x00000fef      0xb69 libraries\core.a(HardwareSerial.cpp.o)
 .debug_line    0x00001b58      0x45c libraries\core.a(IPAddress.cpp.o)
 .debug_line    0x00001fb4      0x75a libraries\core.a(Print.cpp.o)
 .debug_line    0x0000270e     0x113e libraries\core.a(WString.cpp.o)
 .debug_line    0x0000384c      0x32a libraries\core.a(malloc.c.o)
 .debug_line    0x00003b76      0x277 libraries\core.a(realloc.c.o)
 .debug_line    0x00003ded       0xa7 d:/programme/winavr/bin/../lib/gcc/avr/4.3.3/avr6\libgcc.a(_fixunssfsi.o)
 .debug_line    0x00003e94      0x2af d:/programme/winavr/bin/../lib/gcc/avr/4.3.3/avr6\libgcc.a(_addsub_sf.o)
 .debug_line    0x00004143      0x239 d:/programme/winavr/bin/../lib/gcc/avr/4.3.3/avr6\libgcc.a(_mul_sf.o)
 .debug_line    0x0000437c      0x1d5 d:/programme/winavr/bin/../lib/gcc/avr/4.3.3/avr6\libgcc.a(_div_sf.o)
 .debug_line    0x00004551       0xd3 d:/programme/winavr/bin/../lib/gcc/avr/4.3.3/avr6\libgcc.a(_gt_sf.o)
 .debug_line    0x00004624       0xd3 d:/programme/winavr/bin/../lib/gcc/avr/4.3.3/avr6\libgcc.a(_ge_sf.o)
 .debug_line    0x000046f7       0xd3 d:/programme/winavr/bin/../lib/gcc/avr/4.3.3/avr6\libgcc.a(_lt_sf.o)
 .debug_line    0x000047ca       0xd3 d:/programme/winavr/bin/../lib/gcc/avr/4.3.3/avr6\libgcc.a(_le_sf.o)
 .debug_line    0x0000489d       0xcb d:/programme/winavr/bin/../lib/gcc/avr/4.3.3/avr6\libgcc.a(_unord_sf.o)
 .debug_line    0x00004968      0x135 d:/programme/winavr/bin/../lib/gcc/avr/4.3.3/avr6\libgcc.a(_si_to_sf.o)
 .debug_line    0x00004a9d      0x109 d:/programme/winavr/bin/../lib/gcc/avr/4.3.3/avr6\libgcc.a(_sf_to_si.o)
 .debug_line    0x00004ba6       0x90 d:/programme/winavr/bin/../lib/gcc/avr/4.3.3/avr6\libgcc.a(_thenan_sf.o)
 .debug_line    0x00004c36      0x133 d:/programme/winavr/bin/../lib/gcc/avr/4.3.3/avr6\libgcc.a(_usi_to_sf.o)
 .debug_line    0x00004d69       0xa5 d:/programme/winavr/bin/../lib/gcc/avr/4.3.3/avr6\libgcc.a(_clzsi2.o)
 .debug_line    0x00004e0e      0x18a d:/programme/winavr/bin/../lib/gcc/avr/4.3.3/avr6\libgcc.a(_pack_sf.o)
 .debug_line    0x00004f98      0x14b d:/programme/winavr/bin/../lib/gcc/avr/4.3.3/avr6\libgcc.a(_unpack_sf.o)
 .debug_line    0x000050e3      0x137 d:/programme/winavr/bin/../lib/gcc/avr/4.3.3/avr6\libgcc.a(_fpcmp_parts_sf.o)
 .debug_line    0x0000521a       0x7c d:/programme/winavr/bin/../lib/gcc/avr/4.3.3/avr6\libgcc.a(_clz.o)

.debug_frame    0x00000000      0xd20
 *(.debug_frame)
 .debug_frame   0x00000000       0xb0 libraries\core.a(WInterrupts.c.o)
 .debug_frame   0x000000b0       0x70 libraries\core.a(wiring.c.o)
 .debug_frame   0x00000120       0x40 libraries\core.a(wiring_analog.c.o)
 .debug_frame   0x00000160       0x50 libraries\core.a(wiring_digital.c.o)
 .debug_frame   0x000001b0       0x20 libraries\core.a(wiring_pulse.c.o)
 .debug_frame   0x000001d0      0x1a0 libraries\core.a(HardwareSerial.cpp.o)
 .debug_frame   0x00000370       0xe0 libraries\core.a(IPAddress.cpp.o)
 .debug_frame   0x00000450      0x1c0 libraries\core.a(Print.cpp.o)
 .debug_frame   0x00000610      0x4a0 libraries\core.a(WString.cpp.o)
 .debug_frame   0x00000ab0       0x30 libraries\core.a(malloc.c.o)
 .debug_frame   0x00000ae0       0x20 libraries\core.a(realloc.c.o)
 .debug_frame   0x00000b00       0x20 d:/programme/winavr/bin/../lib/gcc/avr/4.3.3/avr6\libgcc.a(_fixunssfsi.o)
 .debug_frame   0x00000b20       0x40 d:/programme/winavr/bin/../lib/gcc/avr/4.3.3/avr6\libgcc.a(_addsub_sf.o)
 .debug_frame   0x00000b60       0x20 d:/programme/winavr/bin/../lib/gcc/avr/4.3.3/avr6\libgcc.a(_mul_sf.o)
 .debug_frame   0x00000b80       0x20 d:/programme/winavr/bin/../lib/gcc/avr/4.3.3/avr6\libgcc.a(_div_sf.o)
 .debug_frame   0x00000ba0       0x20 d:/programme/winavr/bin/../lib/gcc/avr/4.3.3/avr6\libgcc.a(_gt_sf.o)
 .debug_frame   0x00000bc0       0x20 d:/programme/winavr/bin/../lib/gcc/avr/4.3.3/avr6\libgcc.a(_ge_sf.o)
 .debug_frame   0x00000be0       0x20 d:/programme/winavr/bin/../lib/gcc/avr/4.3.3/avr6\libgcc.a(_lt_sf.o)
 .debug_frame   0x00000c00       0x20 d:/programme/winavr/bin/../lib/gcc/avr/4.3.3/avr6\libgcc.a(_le_sf.o)
 .debug_frame   0x00000c20       0x20 d:/programme/winavr/bin/../lib/gcc/avr/4.3.3/avr6\libgcc.a(_unord_sf.o)
 .debug_frame   0x00000c40       0x20 d:/programme/winavr/bin/../lib/gcc/avr/4.3.3/avr6\libgcc.a(_si_to_sf.o)
 .debug_frame   0x00000c60       0x20 d:/programme/winavr/bin/../lib/gcc/avr/4.3.3/avr6\libgcc.a(_sf_to_si.o)
 .debug_frame   0x00000c80       0x20 d:/programme/winavr/bin/../lib/gcc/avr/4.3.3/avr6\libgcc.a(_usi_to_sf.o)
 .debug_frame   0x00000ca0       0x20 d:/programme/winavr/bin/../lib/gcc/avr/4.3.3/avr6\libgcc.a(_clzsi2.o)
 .debug_frame   0x00000cc0       0x20 d:/programme/winavr/bin/../lib/gcc/avr/4.3.3/avr6\libgcc.a(_pack_sf.o)
 .debug_frame   0x00000ce0       0x20 d:/programme/winavr/bin/../lib/gcc/avr/4.3.3/avr6\libgcc.a(_unpack_sf.o)
 .debug_frame   0x00000d00       0x20 d:/programme/winavr/bin/../lib/gcc/avr/4.3.3/avr6\libgcc.a(_fpcmp_parts_sf.o)

.debug_str      0x00000000     0x1daa
 *(.debug_str)
 .debug_str     0x00000000      0x146 libraries\core.a(WInterrupts.c.o)
                                0x17f (size before relaxing)
 .debug_str     0x00000146       0xaf libraries\core.a(wiring.c.o)
                                0x152 (size before relaxing)
 .debug_str     0x000001f5       0xa7 libraries\core.a(wiring_analog.c.o)
                                0x150 (size before relaxing)
 .debug_str     0x0000029c       0xe6 libraries\core.a(wiring_digital.c.o)
                                0x1bd (size before relaxing)
 .debug_str     0x00000382       0x73 libraries\core.a(wiring_pulse.c.o)
                                0x177 (size before relaxing)
 .debug_str     0x000003f5      0xe25 libraries\core.a(HardwareSerial.cpp.o)
                                0xf42 (size before relaxing)
 .debug_str     0x0000121a      0x1fe libraries\core.a(IPAddress.cpp.o)
                                0x356 (size before relaxing)
 .debug_str     0x00001418      0x3ae libraries\core.a(Print.cpp.o)
                                0xc09 (size before relaxing)
 .debug_str     0x000017c6      0x1cf libraries\core.a(WString.cpp.o)
                                0x9a5 (size before relaxing)
 .debug_str     0x00001995       0xd6 libraries\core.a(malloc.c.o)
                                0x155 (size before relaxing)
 .debug_str     0x00001a6b       0x5e libraries\core.a(realloc.c.o)
                                0x119 (size before relaxing)
 .debug_str     0x00001ac9       0x8c d:/programme/winavr/bin/../lib/gcc/avr/4.3.3/avr6\libgcc.a(_fixunssfsi.o)
                                 0xfe (size before relaxing)
 .debug_str     0x00001b55      0x147 d:/programme/winavr/bin/../lib/gcc/avr/4.3.3/avr6\libgcc.a(_addsub_sf.o)
                                0x206 (size before relaxing)
 .debug_str     0x00001c9c       0x27 d:/programme/winavr/bin/../lib/gcc/avr/4.3.3/avr6\libgcc.a(_mul_sf.o)
                                0x1bf (size before relaxing)
 .debug_str     0x00001cc3       0x35 d:/programme/winavr/bin/../lib/gcc/avr/4.3.3/avr6\libgcc.a(_div_sf.o)
                                0x1c8 (size before relaxing)
 .debug_str     0x00001cf8        0x8 d:/programme/winavr/bin/../lib/gcc/avr/4.3.3/avr6\libgcc.a(_gt_sf.o)
                                0x195 (size before relaxing)
 .debug_str     0x00001d00        0x8 d:/programme/winavr/bin/../lib/gcc/avr/4.3.3/avr6\libgcc.a(_ge_sf.o)
                                0x195 (size before relaxing)
 .debug_str     0x00001d08        0x8 d:/programme/winavr/bin/../lib/gcc/avr/4.3.3/avr6\libgcc.a(_lt_sf.o)
                                0x195 (size before relaxing)
 .debug_str     0x00001d10        0x8 d:/programme/winavr/bin/../lib/gcc/avr/4.3.3/avr6\libgcc.a(_le_sf.o)
                                0x195 (size before relaxing)
 .debug_str     0x00001d18        0xb d:/programme/winavr/bin/../lib/gcc/avr/4.3.3/avr6\libgcc.a(_unord_sf.o)
                                0x198 (size before relaxing)
 .debug_str     0x00001d23       0x1e d:/programme/winavr/bin/../lib/gcc/avr/4.3.3/avr6\libgcc.a(_si_to_sf.o)
                                0x17b (size before relaxing)
 .debug_str     0x00001d41        0xa d:/programme/winavr/bin/../lib/gcc/avr/4.3.3/avr6\libgcc.a(_sf_to_si.o)
                                0x19e (size before relaxing)
 .debug_str     0x00000000      0x103 d:/programme/winavr/bin/../lib/gcc/avr/4.3.3/avr6\libgcc.a(_thenan_sf.o)
 .debug_str     0x00001d4b       0x14 d:/programme/winavr/bin/../lib/gcc/avr/4.3.3/avr6\libgcc.a(_usi_to_sf.o)
                                0x177 (size before relaxing)
 .debug_str     0x00001d5f       0x20 d:/programme/winavr/bin/../lib/gcc/avr/4.3.3/avr6\libgcc.a(_clzsi2.o)
                                0x111 (size before relaxing)
 .debug_str     0x00001d7f       0x10 d:/programme/winavr/bin/../lib/gcc/avr/4.3.3/avr6\libgcc.a(_pack_sf.o)
                                0x19d (size before relaxing)
 .debug_str     0x00001d8f        0xb d:/programme/winavr/bin/../lib/gcc/avr/4.3.3/avr6\libgcc.a(_unpack_sf.o)
                                0x17f (size before relaxing)
 .debug_str     0x00001d9a       0x10 d:/programme/winavr/bin/../lib/gcc/avr/4.3.3/avr6\libgcc.a(_fpcmp_parts_sf.o)
                                0x163 (size before relaxing)
 .debug_str     0x00000000       0xf4 d:/programme/winavr/bin/../lib/gcc/avr/4.3.3/avr6\libgcc.a(_clz.o)

.debug_loc      0x00000000     0x4dfc
 *(.debug_loc)
 .debug_loc     0x00000000       0x93 libraries\core.a(WInterrupts.c.o)
 .debug_loc     0x00000093      0x16d libraries\core.a(wiring.c.o)