Archive member included because of file (symbol)

libraries\core.a(WInterrupts.c.o)
                              obj\Release\main.o (attachInterrupt)
libraries\core.a(wiring.c.o)  obj\Release\main.o (init)
libraries\core.a(wiring_analog.c.o)
                              obj\Release\main.o (analogWrite)
libraries\core.a(wiring_digital.c.o)
                              obj\Release\main.o (pinMode)
libraries\core.a(wiring_pulse.c.o)
                              obj\Release\main.o (pulseIn)
libraries\core.a(HardwareSerial.cpp.o)
                              obj\Release\main.o (Serial)
libraries\core.a(IPAddress.cpp.o)
                              obj\Release\main.o (IPAddress::IPAddress(unsigned char, unsigned char, unsigned char, unsigned char))
libraries\core.a(Print.cpp.o)
                              obj\Release\libraries\Wire.o (Print::write(unsigned char const*, unsigned int))
libraries\core.a(WString.cpp.o)
                              libraries\core.a(Print.cpp.o) (String::operator[](unsigned int) const)
libraries\core.a(malloc.c.o)  libraries\core.a(WString.cpp.o) (free)
libraries\core.a(realloc.c.o)
                              libraries\core.a(WString.cpp.o) (realloc)
d:/arduino/arduino/hardware/tools/avr/bin/../lib/gcc/avr/4.3.2/avr6\libgcc.a(_mulsi3.o)
                              libraries\core.a(wiring_pulse.c.o) (__mulsi3)
d:/arduino/arduino/hardware/tools/avr/bin/../lib/gcc/avr/4.3.2/avr6\libgcc.a(_udivmodhi4.o)
                              obj\Release\main.o (__udivmodhi4)
d:/arduino/arduino/hardware/tools/avr/bin/../lib/gcc/avr/4.3.2/avr6\libgcc.a(_udivmodsi4.o)
                              libraries\core.a(HardwareSerial.cpp.o) (__udivmodsi4)
d:/arduino/arduino/hardware/tools/avr/bin/../lib/gcc/avr/4.3.2/avr6\libgcc.a(_exit.o)
                              d:/arduino/arduino/hardware/tools/avr/bin/../lib/gcc/avr/4.3.2/../../../../avr/lib/avr6/crtm2560.o (exit)
d:/arduino/arduino/hardware/tools/avr/bin/../lib/gcc/avr/4.3.2/avr6\libgcc.a(_clear_bss.o)
                              obj\Release\fuse.o (__do_clear_bss)
d:/arduino/arduino/hardware/tools/avr/bin/../lib/gcc/avr/4.3.2/avr6\libgcc.a(_ctors.o)
                              obj\Release\libraries\Wire.o (__do_global_ctors)
d:/arduino/arduino/hardware/tools/avr/bin/../lib/gcc/avr/4.3.2/avr6\libgcc.a(_fixunssfsi.o)
                              libraries\core.a(Print.cpp.o) (__fixunssfsi)
d:/arduino/arduino/hardware/tools/avr/bin/../lib/gcc/avr/4.3.2/avr6\libgcc.a(_addsub_sf.o)
                              libraries\core.a(Print.cpp.o) (__subsf3)
d:/arduino/arduino/hardware/tools/avr/bin/../lib/gcc/avr/4.3.2/avr6\libgcc.a(_mul_sf.o)
                              obj\Release\main.o (__mulsf3)
d:/arduino/arduino/hardware/tools/avr/bin/../lib/gcc/avr/4.3.2/avr6\libgcc.a(_div_sf.o)
                              libraries\core.a(Print.cpp.o) (__divsf3)
d:/arduino/arduino/hardware/tools/avr/bin/../lib/gcc/avr/4.3.2/avr6\libgcc.a(_gt_sf.o)
                              libraries\core.a(Print.cpp.o) (__gtsf2)
d:/arduino/arduino/hardware/tools/avr/bin/../lib/gcc/avr/4.3.2/avr6\libgcc.a(_ge_sf.o)
                              d:/arduino/arduino/hardware/tools/avr/bin/../lib/gcc/avr/4.3.2/avr6\libgcc.a(_fixunssfsi.o) (__gesf2)
d:/arduino/arduino/hardware/tools/avr/bin/../lib/gcc/avr/4.3.2/avr6\libgcc.a(_lt_sf.o)
                              libraries\core.a(Print.cpp.o) (__ltsf2)
d:/arduino/arduino/hardware/tools/avr/bin/../lib/gcc/avr/4.3.2/avr6\libgcc.a(_le_sf.o)
                              libraries\core.a(Print.cpp.o) (__lesf2)
d:/arduino/arduino/hardware/tools/avr/bin/../lib/gcc/avr/4.3.2/avr6\libgcc.a(_unord_sf.o)
                              libraries\core.a(Print.cpp.o) (__unordsf2)
d:/arduino/arduino/hardware/tools/avr/bin/../lib/gcc/avr/4.3.2/avr6\libgcc.a(_si_to_sf.o)
                              obj\Release\main.o (__floatsisf)
d:/arduino/arduino/hardware/tools/avr/bin/../lib/gcc/avr/4.3.2/avr6\libgcc.a(_sf_to_si.o)
                              obj\Release\main.o (__fixsfsi)
d:/arduino/arduino/hardware/tools/avr/bin/../lib/gcc/avr/4.3.2/avr6\libgcc.a(_thenan_sf.o)
                              d:/arduino/arduino/hardware/tools/avr/bin/../lib/gcc/avr/4.3.2/avr6\libgcc.a(_addsub_sf.o) (__thenan_sf)
d:/arduino/arduino/hardware/tools/avr/bin/../lib/gcc/avr/4.3.2/avr6\libgcc.a(_usi_to_sf.o)
                              libraries\core.a(Print.cpp.o) (__floatunsisf)
d:/arduino/arduino/hardware/tools/avr/bin/../lib/gcc/avr/4.3.2/avr6\libgcc.a(_prologue.o)
                              d:/arduino/arduino/hardware/tools/avr/bin/../lib/gcc/avr/4.3.2/avr6\libgcc.a(_addsub_sf.o) (__prologue_saves__)
d:/arduino/arduino/hardware/tools/avr/bin/../lib/gcc/avr/4.3.2/avr6\libgcc.a(_epilogue.o)
                              d:/arduino/arduino/hardware/tools/avr/bin/../lib/gcc/avr/4.3.2/avr6\libgcc.a(_addsub_sf.o) (__epilogue_restores__)
d:/arduino/arduino/hardware/tools/avr/bin/../lib/gcc/avr/4.3.2/avr6\libgcc.a(_tablejump.o)
[...]
Memory Configuration

Name             Origin             Length             Attributes
text             0x00000000         0x00100000         xr
data             0x00800200         0x0000fe00         rw !x
eeprom           0x00810000         0x00010000         rw !x
fuse             0x00820000         0x00000400         rw !x
lock             0x00830000         0x00000400         rw !x
signature        0x00840000         0x00000400         rw !x
*default*        0x00000000         0xffffffff

Linker script and memory map

Address of section .data set to 0x800200
LOAD d:/arduino/arduino/hardware/tools/avr/bin/../lib/gcc/avr/4.3.2/../../../../avr/lib/avr6/crtm2560.o
LOAD obj\Release\fuse.o
LOAD obj\Release\libraries\twi.o
LOAD obj\Release\libraries\Wire.o
LOAD obj\Release\main.o
LOAD libraries\core.a
LOAD d:/arduino/arduino/hardware/tools/avr/bin/../lib/gcc/avr/4.3.2/avr6\libgcc.a
LOAD D:\Arduino\Arduino\hardware\tools\avr\avr\lib\libm.a
LOAD d:/arduino/arduino/hardware/tools/avr/bin/../lib/gcc/avr/4.3.2/avr6\libgcc.a
LOAD D:\Arduino\Arduino\hardware\tools\avr\avr\lib\libc.a
LOAD d:/arduino/arduino/hardware/tools/avr/bin/../lib/gcc/avr/4.3.2/avr6\libgcc.a

.hash
 *(.hash)

.dynsym
 *(.dynsym)

.dynstr
 *(.dynstr)

.gnu.version
 *(.gnu.version)

.gnu.version_d
 *(.gnu.version_d)

.gnu.version_r
 *(.gnu.version_r)

.rel.init
 *(.rel.init)

.rela.init
 *(.rela.init)

.rel.text
 *(.rel.text)
 *(.rel.text.*)
 *(.rel.gnu.linkonce.t*)

.rela.text
 *(.rela.text)
 *(.rela.text.*)
 *(.rela.gnu.linkonce.t*)

.rel.fini
 *(.rel.fini)

.rela.fini
 *(.rela.fini)

.rel.rodata
 *(.rel.rodata)
 *(.rel.rodata.*)
 *(.rel.gnu.linkonce.r*)

.rela.rodata
 *(.rela.rodata)
 *(.rela.rodata.*)
 *(.rela.gnu.linkonce.r*)

.rel.data
 *(.rel.data)
 *(.rel.data.*)
 *(.rel.gnu.linkonce.d*)

.rela.data
 *(.rela.data)
 *(.rela.data.*)
 *(.rela.gnu.linkonce.d*)

.rel.ctors
 *(.rel.ctors)

.rela.ctors
 *(.rela.ctors)

.rel.dtors
 *(.rel.dtors)

.rela.dtors
 *(.rela.dtors)

.rel.got
 *(.rel.got)

.rela.got
 *(.rela.got)

.rel.bss
 *(.rel.bss)

.rela.bss
 *(.rela.bss)

.rel.plt
 *(.rel.plt)

.rela.plt
 *(.rela.plt)

.text           0x00000000     0x6226
 *(.vectors)
 .vectors       0x00000000       0xe4 d:/arduino/arduino/hardware/tools/avr/bin/../lib/gcc/avr/4.3.2/../../../../avr/lib/avr6/crtm2560.o
                0x00000000                __vectors
                0x00000000                __vector_default
 *(.vectors)
 *(.progmem.gcc*)
 *(.progmem*)
 .progmem.data  0x000000e4      0x120 libraries\core.a(wiring_digital.c.o)
                0x000000e4                port_to_mode_PGM
                0x00000132                digital_pin_to_port_PGM
                0x00000178                digital_pin_to_bit_mask_PGM
                0x000000fe                port_to_output_PGM
                0x00000118                port_to_input_PGM
                0x000001be                digital_pin_to_timer_PGM
                0x00000204                . = ALIGN (0x2)
                0x00000204                __trampolines_start = .
 *(.trampolines)
 .trampolines   0x00000204        0x0 linker stubs
 *(.trampolines*)
                0x00000204                __trampolines_end = .
 *(.jumptables)
 *(.jumptables*)
 *(.lowtext)
 *(.lowtext*)
                0x00000204                __ctors_start = .
 *(.ctors)
 .ctors         0x00000204        0x2 obj\Release\libraries\Wire.o
 .ctors         0x00000206        0x2 obj\Release\main.o
 .ctors         0x00000208        0x2 libraries\core.a(HardwareSerial.cpp.o)
 .ctors         0x0000020a        0x2 libraries\core.a(IPAddress.cpp.o)
                0x0000020c                __ctors_end = .
                0x0000020c                __dtors_start = .
 *(.dtors)
                0x0000020c                __dtors_end = .
 SORT(*)(.ctors)
 SORT(*)(.dtors)
 *(.init0)
 .init0         0x0000020c        0x0 d:/arduino/arduino/hardware/tools/avr/bin/../lib/gcc/avr/4.3.2/../../../../avr/lib/avr6/crtm2560.o
                0x0000020c                __init
 *(.init0)
 *(.init1)
 *(.init1)
 *(.init2)
 .init2         0x0000020c       0x10 d:/arduino/arduino/hardware/tools/avr/bin/../lib/gcc/avr/4.3.2/../../../../avr/lib/avr6/crtm2560.o
 *(.init2)
 *(.init3)
 *(.init3)
 *(.init4)
 .init4         0x0000021c       0x1c d:/arduino/arduino/hardware/tools/avr/bin/../lib/gcc/avr/4.3.2/../../../../avr/lib/avr6/crtm2560.o
                0x0000021c                __do_copy_data
 .init4         0x00000238       0x10 d:/arduino/arduino/hardware/tools/avr/bin/../lib/gcc/avr/4.3.2/avr6\libgcc.a(_clear_bss.o)
                0x00000238                __do_clear_bss
 *(.init4)
 *(.init5)
 *(.init5)
 *(.init6)
 .init6         0x00000248       0x16 d:/arduino/arduino/hardware/tools/avr/bin/../lib/gcc/avr/4.3.2/avr6\libgcc.a(_ctors.o)
                0x00000248                __do_global_ctors
 *(.init6)
 *(.init7)
 *(.init7)
 *(.init8)
 *(.init8)
 *(.init9)
 .init9         0x0000025e        0x8 d:/arduino/arduino/hardware/tools/avr/bin/../lib/gcc/avr/4.3.2/../../../../avr/lib/avr6/crtm2560.o
 *(.init9)
 *(.text)
 .text          0x00000266        0x4 d:/arduino/arduino/hardware/tools/avr/bin/../lib/gcc/avr/4.3.2/../../../../avr/lib/avr6/crtm2560.o
                0x00000266                __vector_38
                0x00000266                __vector_22
                0x00000266                __vector_28
                0x00000266                __vector_32
                0x00000266                __vector_34
                0x00000266                __vector_24
                0x00000266                __vector_12
                0x00000266                __vector_46
                0x00000266                __bad_interrupt
                0x00000266                __vector_31
                0x00000266                __vector_35
                0x00000266                __vector_30
                0x00000266                __vector_45
                0x00000266                __vector_11
                0x00000266                __vector_13
                0x00000266                __vector_17
                0x00000266                __vector_19
                0x00000266                __vector_56
                0x00000266                __vector_49
                0x00000266                __vector_41
                0x00000266                __vector_43
                0x00000266                __vector_27
                0x00000266                __vector_33
                0x00000266                __vector_47
                0x00000266                __vector_44
                0x00000266                __vector_9
                0x00000266                __vector_21
                0x00000266                __vector_15
                0x00000266                __vector_29
                0x00000266                __vector_40
                0x00000266                __vector_48
                0x00000266                __vector_14
                0x00000266                __vector_53
                0x00000266                __vector_10
                0x00000266                __vector_50
                0x00000266                __vector_16
                0x00000266                __vector_18
                0x00000266                __vector_20
                0x00000266                __vector_42
 .text          0x0000026a        0x0 obj\Release\fuse.o
 .text          0x0000026a      0x524 obj\Release\libraries\twi.o
                0x000003ae                twi_transmit
                0x0000041c                twi_releaseBus
                0x000003e4                twi_attachSlaveRxEvent
                0x00000752                twi_init
                0x00000428                __vector_39
                0x00000304                twi_writeTo
                0x000003ee                twi_attachSlaveTxEvent
                0x00000272                twi_readFrom
                0x000003f8                twi_reply
                0x00000408                twi_stop
                0x0000026a                twi_setAddress
 .text          0x0000078e      0x2d0 obj\Release\libraries\Wire.o
                0x00000a12                TwoWire::requestFrom(unsigned char, unsigned char)
                0x000007ce                TwoWire::beginTransmission(unsigned char)
                0x0000078e                TwoWire::TwoWire()
                0x000007ae                TwoWire::TwoWire()
                0x000009bc                TwoWire::endTransmission(unsigned char)
                0x00000808                TwoWire::read()
                0x00000a58                TwoWire::begin(int)
                0x000007f6                TwoWire::available()
                0x000009ea                TwoWire::requestFrom(unsigned char, unsigned char, unsigned char)
                0x000008c2                TwoWire::onRequest(void (*)())
                0x00000a30                TwoWire::begin(unsigned char)
                0x00000856                TwoWire::onReceiveService(unsigned char*, int)
                0x000009e2                TwoWire::endTransmission()
                0x000008b8                TwoWire::onReceive(void (*)(int))
                0x00000a0a                TwoWire::requestFrom(int, int)
                0x000007e2                TwoWire::beginTransmission(int)
                0x000008a0                TwoWire::onRequestService()
                0x0000095c                TwoWire::write(unsigned char)
                0x00000832                TwoWire::peek()
                0x00000854                TwoWire::flush()
                0x000008fa                TwoWire::write(unsigned char const*, unsigned int)
                0x00000a1a                TwoWire::begin()
                0x00000a04                TwoWire::requestFrom(int, int, int)
 .text          0x00000a5e      0xb72 obj\Release\main.o
                0x00000a60                rotateR()
                0x00000cf4                rechts(int, bool)
                0x00001428                onTouch()
                0x00000cc4                links(int, bool)
                0x00000f6c                followLine()
                0x00000ece                rotateMoto(int, int, int, int, bool)
                0x000013ce                ultraschall(unsigned char, unsigned char, bool*, unsigned char)
                0x00000a5e                __cxa_pure_virtual
                0x00001576                main
                0x00000a9e                readFrom(int, int*)
                0x00000c6c                anySensor()
                0x00000b60                writeTo(int, unsigned char)
                0x00000b94                setup
                0x00000a74                rotateL()
                0x00000d5e                turn(int, bool, int, bool)
                0x00000d24                onFwd(int, int, bool)
                0x00001598                serialWrite(int)
                0x00000e24                fahreCm(int, int, bool, int, bool)
 .text          0x000015d0        0x0 libraries\core.a(WInterrupts.c.o)
 .text          0x000015d0        0x0 libraries\core.a(wiring.c.o)
 .text          0x000015d0        0x0 libraries\core.a(wiring_analog.c.o)
 .text          0x000015d0        0x0 libraries\core.a(wiring_digital.c.o)
 .text          0x000015d0        0x0 libraries\core.a(wiring_pulse.c.o)
 .text          0x000015d0        0x0 libraries\core.a(HardwareSerial.cpp.o)
 .text          0x000015d0        0x0 libraries\core.a(IPAddress.cpp.o)
 .text          0x000015d0        0x0 libraries\core.a(Print.cpp.o)
 .text          0x000015d0        0x0 libraries\core.a(WString.cpp.o)
 .text          0x000015d0        0x0 libraries\core.a(malloc.c.o)
 .text          0x000015d0        0x0 libraries\core.a(realloc.c.o)
 .text          0x000015d0        0x0 d:/arduino/arduino/hardware/tools/avr/bin/../lib/gcc/avr/4.3.2/avr6\libgcc.a(_mulsi3.o)
 .text          0x000015d0        0x0 d:/arduino/arduino/hardware/tools/avr/bin/../lib/gcc/avr/4.3.2/avr6\libgcc.a(_udivmodhi4.o)
 .text          0x000015d0        0x0 d:/arduino/arduino/hardware/tools/avr/bin/../lib/gcc/avr/4.3.2/avr6\libgcc.a(_udivmodsi4.o)
 .text          0x000015d0        0x0 d:/arduino/arduino/hardware/tools/avr/bin/../lib/gcc/avr/4.3.2/avr6\libgcc.a(_exit.o)
 .text          0x000015d0        0x0 d:/arduino/arduino/hardware/tools/avr/bin/../lib/gcc/avr/4.3.2/avr6\libgcc.a(_clear_bss.o)
 .text          0x000015d0        0x0 d:/arduino/arduino/hardware/tools/avr/bin/../lib/gcc/avr/4.3.2/avr6\libgcc.a(_ctors.o)
 .text          0x000015d0       0x58 d:/arduino/arduino/hardware/tools/avr/bin/../lib/gcc/avr/4.3.2/avr6\libgcc.a(_fixunssfsi.o)
                0x000015d0                __fixunssfsi
 .text          0x00001628      0x354 d:/arduino/arduino/hardware/tools/avr/bin/../lib/gcc/avr/4.3.2/avr6\libgcc.a(_addsub_sf.o)
                0x000018c0                __subsf3
                0x00001922                __addsf3
 .text          0x0000197c      0x1f4 d:/arduino/arduino/hardware/tools/avr/bin/../lib/gcc/avr/4.3.2/avr6\libgcc.a(_mul_sf.o)
                0x0000197c                __mulsf3
 .text          0x00001b70      0x158 d:/arduino/arduino/hardware/tools/avr/bin/../lib/gcc/avr/4.3.2/avr6\libgcc.a(_div_sf.o)
                0x00001b70                __divsf3
 .text          0x00001cc8       0x60 d:/arduino/arduino/hardware/tools/avr/bin/../lib/gcc/avr/4.3.2/avr6\libgcc.a(_gt_sf.o)
                0x00001cc8                __gtsf2
 .text          0x00001d28       0x60 d:/arduino/arduino/hardware/tools/avr/bin/../lib/gcc/avr/4.3.2/avr6\libgcc.a(_ge_sf.o)
                0x00001d28                __gesf2
 .text          0x00001d88       0x60 d:/arduino/arduino/hardware/tools/avr/bin/../lib/gcc/avr/4.3.2/avr6\libgcc.a(_lt_sf.o)
                0x00001d88                __ltsf2
 .text          0x00001de8       0x60 d:/arduino/arduino/hardware/tools/avr/bin/../lib/gcc/avr/4.3.2/avr6\libgcc.a(_le_sf.o)
                0x00001de8                __lesf2
 .text          0x00001e48       0x56 d:/arduino/arduino/hardware/tools/avr/bin/../lib/gcc/avr/4.3.2/avr6\libgcc.a(_unord_sf.o)
                0x00001e48                __unordsf2
 .text          0x00001e9e       0xbc d:/arduino/arduino/hardware/tools/avr/bin/../lib/gcc/avr/4.3.2/avr6\libgcc.a(_si_to_sf.o)
                0x00001e9e                __floatsisf
 .text          0x00001f5a       0xa8 d:/arduino/arduino/hardware/tools/avr/bin/../lib/gcc/avr/4.3.2/avr6\libgcc.a(_sf_to_si.o)
                0x00001f5a                __fixsfsi
 .text          0x00002002        0x0 d:/arduino/arduino/hardware/tools/avr/bin/../lib/gcc/avr/4.3.2/avr6\libgcc.a(_thenan_sf.o)
 .text          0x00002002       0xf2 d:/arduino/arduino/hardware/tools/avr/bin/../lib/gcc/avr/4.3.2/avr6\libgcc.a(_usi_to_sf.o)
                0x00002002                __floatunsisf
 .text          0x000020f4        0x0 d:/arduino/arduino/hardware/tools/avr/bin/../lib/gcc/avr/4.3.2/avr6\libgcc.a(_prologue.o)
 .text          0x000020f4        0x0 d:/arduino/arduino/hardware/tools/avr/bin/../lib/gcc/avr/4.3.2/avr6\libgcc.a(_epilogue.o)
 .text          0x000020f4        0x0 d:/arduino/arduino/hardware/tools/avr/bin/../lib/gcc/avr/4.3.2/avr6\libgcc.a(_tablejump.o)
 .text          0x000020f4       0x9e d:/arduino/arduino/hardware/tools/avr/bin/../lib/gcc/avr/4.3.2/avr6\libgcc.a(_clzsi2.o)
                0x000020f4                __clzsi2
 .text          0x00002192      0x1aa d:/arduino/arduino/hardware/tools/avr/bin/../lib/gcc/avr/4.3.2/avr6\libgcc.a(_pack_sf.o)
                0x00002192                __pack_f
 .text          0x0000233c       0xf0 d:/arduino/arduino/hardware/tools/avr/bin/../lib/gcc/avr/4.3.2/avr6\libgcc.a(_unpack_sf.o)
                0x0000233c                __unpack_f
 .text          0x0000242c       0xb2 d:/arduino/arduino/hardware/tools/avr/bin/../lib/gcc/avr/4.3.2/avr6\libgcc.a(_fpcmp_parts_sf.o)
                0x0000242c                __fpcmp_parts_f
 .text          0x000024de        0x0 d:/arduino/arduino/hardware/tools/avr/bin/../lib/gcc/avr/4.3.2/avr6\libgcc.a(_clz.o)
 .text          0x000024de       0x50 D:\Arduino\Arduino\hardware\tools\avr\avr\lib\libc.a(atol.o)
                0x000024de                atol
 .text          0x0000252e        0x0 D:\Arduino\Arduino\hardware\tools\avr\avr\lib\libc.a(isspace.o)
 .text          0x0000252e        0x0 D:\Arduino\Arduino\hardware\tools\avr\avr\lib\libc.a(tolower.o)
 .text          0x0000252e        0x0 D:\Arduino\Arduino\hardware\tools\avr\avr\lib\libc.a(toupper.o)
 .text          0x0000252e       0x1e D:\Arduino\Arduino\hardware\tools\avr\avr\lib\libc.a(memcmp.o)
                0x0000252e                memcmp
 .text          0x0000254c       0x16 D:\Arduino\Arduino\hardware\tools\avr\avr\lib\libc.a(memcpy.o)
                0x0000254c                memcpy
 .text          0x00002562       0x26 D:\Arduino\Arduino\hardware\tools\avr\avr\lib\libc.a(memmove.o)
                0x00002562                memmove
 .text          0x00002588       0x1a D:\Arduino\Arduino\hardware\tools\avr\avr\lib\libc.a(strchr.o)
                0x00002588                strchr
 .text          0x000025a2       0x16 D:\Arduino\Arduino\hardware\tools\avr\avr\lib\libc.a(strcmp.o)
                0x000025a2                strcmp
 .text          0x000025b8       0x12 D:\Arduino\Arduino\hardware\tools\avr\avr\lib\libc.a(strcpy.o)
                0x000025b8                strcpy
 .text          0x000025ca       0x20 D:\Arduino\Arduino\hardware\tools\avr\avr\lib\libc.a(strncmp.o)
                0x000025ca                strncmp
 .text          0x000025ea       0x22 D:\Arduino\Arduino\hardware\tools\avr\avr\lib\libc.a(strncpy.o)
                0x000025ea                strncpy
 .text          0x0000260c       0x1a D:\Arduino\Arduino\hardware\tools\avr\avr\lib\libc.a(strrchr.o)
                0x0000260c                strrchr
 .text          0x00002626       0x3e D:\Arduino\Arduino\hardware\tools\avr\avr\lib\libc.a(strstr.o)
                0x00002626                strstr
 .text          0x00002664       0x46 D:\Arduino\Arduino\hardware\tools\avr\avr\lib\libc.a(itoa.o)
                0x00002664                itoa
 .text          0x000026aa       0x6a D:\Arduino\Arduino\hardware\tools\avr\avr\lib\libc.a(ltoa.o)
                0x000026aa                ltoa
 .text          0x00002714       0x2a D:\Arduino\Arduino\hardware\tools\avr\avr\lib\libc.a(mulsi10.o)
                0x00002714                __mulsi_const_10
 .text          0x0000273e       0x4c D:\Arduino\Arduino\hardware\tools\avr\avr\lib\libc.a(ultoa.o)
                0x0000273e                ultoa
 .text          0x0000278a       0x30 D:\Arduino\Arduino\hardware\tools\avr\avr\lib\libc.a(utoa.o)
                0x0000278a                utoa
 .text          0x000027ba        0x0 D:\Arduino\Arduino\hardware\tools\avr\avr\lib\libc.a(cty_isfalse.o)
 .text          0x000027ba       0x24 D:\Arduino\Arduino\hardware\tools\avr\avr\lib\libc.a(strrev.o)
                0x000027ba                strrev
                0x000027de                . = ALIGN (0x2)
 *(.text.*)
 .text.attachInterrupt
                0x000027de       0xf8 libraries\core.a(WInterrupts.c.o)
                0x000027de                attachInterrupt
 .text.detachInterrupt
                0x000028d6       0x58 libraries\core.a(WInterrupts.c.o)
                0x000028d6                detachInterrupt
 .text.__vector_1
                0x0000292e       0x62 libraries\core.a(WInterrupts.c.o)
                0x0000292e                __vector_1
 .text.__vector_2
                0x00002990       0x62 libraries\core.a(WInterrupts.c.o)
                0x00002990                __vector_2
 .text.__vector_3
                0x000029f2       0x62 libraries\core.a(WInterrupts.c.o)
                0x000029f2                __vector_3
 .text.__vector_4
                0x00002a54       0x62 libraries\core.a(WInterrupts.c.o)
                0x00002a54                __vector_4
 .text.__vector_5
                0x00002ab6       0x62 libraries\core.a(WInterrupts.c.o)
                0x00002ab6                __vector_5
 .text.__vector_6
                0x00002b18       0x62 libraries\core.a(WInterrupts.c.o)
                0x00002b18                __vector_6
 .text.__vector_7
                0x00002b7a       0x62 libraries\core.a(WInterrupts.c.o)
                0x00002b7a                __vector_7
 .text.__vector_8
                0x00002bdc       0x62 libraries\core.a(WInterrupts.c.o)
                0x00002bdc                __vector_8
 .text.__vector_23
                0x00002c3e       0x90 libraries\core.a(wiring.c.o)
                0x00002c3e                __vector_23
 .text.millis   0x00002cce       0x1c libraries\core.a(wiring.c.o)
                0x00002cce                millis
 .text.micros   0x00002cea       0x4c libraries\core.a(wiring.c.o)
                0x00002cea                micros
 .text.delay    0x00002d36       0xb2 libraries\core.a(wiring.c.o)
                0x00002d36                delay
 .text.delayMicroseconds
                0x00002de8       0x14 libraries\core.a(wiring.c.o)
                0x00002de8                delayMicroseconds
 .text.init     0x00002dfc       0xc4 libraries\core.a(wiring.c.o)
                0x00002dfc                init
 .text.analogReference
                0x00002ec0        0x6 libraries\core.a(wiring_analog.c.o)
                0x00002ec0                analogReference
 .text.analogRead
                0x00002ec6       0x68 libraries\core.a(wiring_analog.c.o)
                0x00002ec6                analogRead
 .text.analogWrite
                0x00002f2e      0x1c0 libraries\core.a(wiring_analog.c.o)
                0x00002f2e                analogWrite
 .text.pinMode  0x000030ee       0x7e libraries\core.a(wiring_digital.c.o)
                0x000030ee                pinMode
 .text.turnOffPWM
                0x0000316c       0xe8 libraries\core.a(wiring_digital.c.o)
 .text.digitalWrite
                0x00003254       0x66 libraries\core.a(wiring_digital.c.o)
                0x00003254                digitalWrite
 .text.digitalRead
                0x000032ba       0x60 libraries\core.a(wiring_digital.c.o)
                0x000032ba                digitalRead
 .text.pulseIn  0x0000331a      0x138 libraries\core.a(wiring_pulse.c.o)
                0x0000331a                pulseIn
 .text._Z11serialEventv
                0x00003452        0x2 libraries\core.a(HardwareSerial.cpp.o)
                0x00003452                serialEvent()
 .text.__vector_25
                0x00003454       0x7e libraries\core.a(HardwareSerial.cpp.o)
                0x00003454                __vector_25
 .text._Z12serialEvent1v
                0x000034d2        0x2 libraries\core.a(HardwareSerial.cpp.o)
                0x000034d2                serialEvent1()
 .text.__vector_36
                0x000034d4       0x7e libraries\core.a(HardwareSerial.cpp.o)
                0x000034d4                __vector_36
 .text._Z12serialEvent2v
                0x00003552        0x2 libraries\core.a(HardwareSerial.cpp.o)
                0x00003552                serialEvent2()
 .text.__vector_51
                0x00003554       0x7e libraries\core.a(HardwareSerial.cpp.o)
                0x00003554                __vector_51
 .text._Z12serialEvent3v
                0x000035d2        0x2 libraries\core.a(HardwareSerial.cpp.o)
                0x000035d2                serialEvent3()
 .text.__vector_54
                0x000035d4       0x7e libraries\core.a(HardwareSerial.cpp.o)
                0x000035d4                __vector_54
 .text._Z14serialEventRunv
                0x00003652       0x92 libraries\core.a(HardwareSerial.cpp.o)
                0x00003652                serialEventRun()
 .text.__vector_26
                0x000036e4       0x7e libraries\core.a(HardwareSerial.cpp.o)
                0x000036e4                __vector_26
 .text.__vector_37
                0x00003762       0x7e libraries\core.a(HardwareSerial.cpp.o)
                0x00003762                __vector_37
 .text.__vector_52
                0x000037e0       0x7e libraries\core.a(HardwareSerial.cpp.o)
                0x000037e0                __vector_52
 .text.__vector_55
                0x0000385e       0x7e libraries\core.a(HardwareSerial.cpp.o)
                0x0000385e                __vector_55
 .text._ZN14HardwareSerialC2EP11ring_bufferS1_PVhS3_S3_S3_S3_S3_hhhhh
                0x000038dc       0x88 libraries\core.a(HardwareSerial.cpp.o)
                0x000038dc                HardwareSerial::HardwareSerial(ring_buffer*, ring_buffer*, unsigned char volatile*, unsigned char volatile*, unsigned char volatile*, unsigned char volatile*, unsigned char volatile*, unsigned char volatile*, unsigned char, unsigned char, unsigned char, unsigned char, unsigned char)
 .text._ZN14HardwareSerialC1EP11ring_bufferS1_PVhS3_S3_S3_S3_S3_hhhhh
                0x00003964       0x88 libraries\core.a(HardwareSerial.cpp.o)
                0x00003964                HardwareSerial::HardwareSerial(ring_buffer*, ring_buffer*, unsigned char volatile*, unsigned char volatile*, unsigned char volatile*, unsigned char volatile*, unsigned char volatile*, unsigned char volatile*, unsigned char, unsigned char, unsigned char, unsigned char, unsigned char)
 .text._ZN14HardwareSerial5beginEm
                0x000039ec      0x10e libraries\core.a(HardwareSerial.cpp.o)
                0x000039ec                HardwareSerial::begin(unsigned long)
 .text._ZN14HardwareSerial5beginEmh
                0x00003afa      0x118 libraries\core.a(HardwareSerial.cpp.o)
                0x00003afa                HardwareSerial::begin(unsigned long, unsigned char)
 .text._ZN14HardwareSerial3endEv
                0x00003c12       0xcc libraries\core.a(HardwareSerial.cpp.o)
                0x00003c12                HardwareSerial::end()
 .text._ZN14HardwareSerial9availableEv
                0x00003cde       0x22 libraries\core.a(HardwareSerial.cpp.o)
                0x00003cde                HardwareSerial::available()
 .text._ZN14HardwareSerial4peekEv
                0x00003d00       0x40 libraries\core.a(HardwareSerial.cpp.o)
                0x00003d00                HardwareSerial::peek()
 .text._ZN14HardwareSerial4readEv
                0x00003d40       0x52 libraries\core.a(HardwareSerial.cpp.o)
                0x00003d40                HardwareSerial::read()
 .text._ZN14HardwareSerial5flushEv
                0x00003d92       0x20 libraries\core.a(HardwareSerial.cpp.o)
                0x00003d92                HardwareSerial::flush()
 .text._ZN14HardwareSerial5writeEh
                0x00003db2       0x80 libraries\core.a(HardwareSerial.cpp.o)
                0x00003db2                HardwareSerial::write(unsigned char)
 .text._ZN14HardwareSerialcvbEv
                0x00003e32        0x4 libraries\core.a(HardwareSerial.cpp.o)
                0x00003e32                HardwareSerial::operator bool()
 .text._GLOBAL__I_rx_buffer
                0x00003e36      0x26c libraries\core.a(HardwareSerial.cpp.o)
 .text._ZN9IPAddressC2Ehhhh
                0x000040a2       0x18 libraries\core.a(IPAddress.cpp.o)
                0x000040a2                IPAddress::IPAddress(unsigned char, unsigned char, unsigned char, unsigned char)
 .text._ZN9IPAddressC1Ehhhh
                0x000040ba       0x18 libraries\core.a(IPAddress.cpp.o)
                0x000040ba                IPAddress::IPAddress(unsigned char, unsigned char, unsigned char, unsigned char)
 .text._GLOBAL__I__ZN9IPAddressC2Ev
                0x000040d2       0x1e libraries\core.a(IPAddress.cpp.o)
 .text._ZNK9IPAddress7printToER5Print
                0x000040f0       0x84 libraries\core.a(IPAddress.cpp.o)
                0x000040f0                IPAddress::printTo(Print&) const
 .text._ZN9IPAddresseqEPKh
                0x00004174       0x1e libraries\core.a(IPAddress.cpp.o)
                0x00004174                IPAddress::operator==(unsigned char const*)
 .text._ZN9IPAddressaSEm
                0x00004192       0x24 libraries\core.a(IPAddress.cpp.o)
                0x00004192                IPAddress::operator=(unsigned long)
 .text._ZN9IPAddressaSEPKh
                0x000041b6       0x1a libraries\core.a(IPAddress.cpp.o)
                0x000041b6                IPAddress::operator=(unsigned char const*)
 .text._ZN9IPAddressC1EPKh
                0x000041d0       0x22 libraries\core.a(IPAddress.cpp.o)
                0x000041d0                IPAddress::IPAddress(unsigned char const*)
 .text._ZN9IPAddressC2EPKh
                0x000041f2       0x22 libraries\core.a(IPAddress.cpp.o)
                0x000041f2                IPAddress::IPAddress(unsigned char const*)
 .text._ZN9IPAddressC1Em
                0x00004214       0x2c libraries\core.a(IPAddress.cpp.o)
                0x00004214                IPAddress::IPAddress(unsigned long)
 .text._ZN9IPAddressC2Em
                0x00004240       0x2c libraries\core.a(IPAddress.cpp.o)
                0x00004240                IPAddress::IPAddress(unsigned long)
 .text._ZN9IPAddressC1Ev
                0x0000426c       0x14 libraries\core.a(IPAddress.cpp.o)
                0x0000426c                IPAddress::IPAddress()
 .text._ZN9IPAddressC2Ev
                0x00004280       0x14 libraries\core.a(IPAddress.cpp.o)
                0x00004280                IPAddress::IPAddress()
 .text._ZN5Print5writeEPKhj
                0x00004294       0x54 libraries\core.a(Print.cpp.o)
                0x00004294                Print::write(unsigned char const*, unsigned int)
 .text._ZN5Print5printEPK19__FlashStringHelper
                0x000042e8       0x46 libraries\core.a(Print.cpp.o)
                0x000042e8                Print::print(__FlashStringHelper const*)
 .text._ZN5Print5printEc
                0x0000432e       0x10 libraries\core.a(Print.cpp.o)
                0x0000432e                Print::print(char)
 .text._ZN5Print5printERK9Printable
                0x0000433e       0x16 libraries\core.a(Print.cpp.o)
                0x0000433e                Print::print(Printable const&)
 .text._ZN5Print7printlnEv
                0x00004354       0x40 libraries\core.a(Print.cpp.o)
                0x00004354                Print::println()
 .text._ZN5Print7printlnEPK19__FlashStringHelper
                0x00004394       0x28 libraries\core.a(Print.cpp.o)
                0x00004394                Print::println(__FlashStringHelper const*)
 .text._ZN5Print7printlnEc
                0x000043bc       0x30 libraries\core.a(Print.cpp.o)
                0x000043bc                Print::println(char)
 .text._ZN5Print7printlnERK9Printable
                0x000043ec       0x34 libraries\core.a(Print.cpp.o)
                0x000043ec                Print::println(Printable const&)
 .text._ZN5Print5writeEPKc
                0x00004420       0x38 libraries\core.a(Print.cpp.o)
                0x00004420                Print::write(char const*)
 .text._ZN5Print11printNumberEmh
                0x00004458       0xc8 libraries\core.a(Print.cpp.o)
                0x00004458                Print::printNumber(unsigned long, unsigned char)
 .text._ZN5Print5printEmi
                0x00004520       0x1e libraries\core.a(Print.cpp.o)
                0x00004520                Print::print(unsigned long, int)
 .text._ZN5Print7printlnEmi
                0x0000453e       0x28 libraries\core.a(Print.cpp.o)
                0x0000453e                Print::println(unsigned long, int)
 .text._ZN5Print5printEji
                0x00004566       0x22 libraries\core.a(Print.cpp.o)
                0x00004566                Print::print(unsigned int, int)
 .text._ZN5Print7printlnEji
                0x00004588       0x3a libraries\core.a(Print.cpp.o)
                0x00004588                Print::println(unsigned int, int)
 .text._ZN5Print5printEhi
                0x000045c2       0x24 libraries\core.a(Print.cpp.o)
                0x000045c2                Print::print(unsigned char, int)
 .text._ZN5Print7printlnEhi
                0x000045e6       0x3c libraries\core.a(Print.cpp.o)
                0x000045e6                Print::println(unsigned char, int)
 .text._ZN5Print5printEli
                0x00004622       0x80 libraries\core.a(Print.cpp.o)
                0x00004622                Print::print(long, int)
 .text._ZN5Print7printlnEli
                0x000046a2       0x28 libraries\core.a(Print.cpp.o)
                0x000046a2                Print::println(long, int)
 .text._ZN5Print5printEii
                0x000046ca       0x26 libraries\core.a(Print.cpp.o)
                0x000046ca                Print::print(int, int)
 .text._ZN5Print7printlnEii
                0x000046f0       0x3e libraries\core.a(Print.cpp.o)
                0x000046f0                Print::println(int, int)
 .text._ZN5Print5printEPKc
                0x0000472e        0x6 libraries\core.a(Print.cpp.o)
                0x0000472e                Print::print(char const*)
 .text._ZN5Print10printFloatEdh
                0x00004734      0x1c8 libraries\core.a(Print.cpp.o)
                0x00004734                Print::printFloat(double, unsigned char)
 .text._ZN5Print5printEdi
                0x000048fc        0x6 libraries\core.a(Print.cpp.o)
                0x000048fc                Print::print(double, int)
 .text._ZN5Print7printlnEdi
                0x00004902       0x26 libraries\core.a(Print.cpp.o)
                0x00004902                Print::println(double, int)
 .text._ZN5Print7printlnEPKc
                0x00004928       0x26 libraries\core.a(Print.cpp.o)
                0x00004928                Print::println(char const*)
 .text._ZN5Print5printERK6String
                0x0000494e       0x66 libraries\core.a(Print.cpp.o)
                0x0000494e                Print::print(String const&)
 .text._ZN5Print7printlnERK6String
                0x000049b4       0x28 libraries\core.a(Print.cpp.o)
                0x000049b4                Print::println(String const&)
 .text._ZNK6String6charAtEj
                0x000049dc       0x22 libraries\core.a(WString.cpp.o)
                0x000049dc                String::charAt(unsigned int) const
 .text._ZN6String9setCharAtEjc
                0x000049fe       0x1a libraries\core.a(WString.cpp.o)
                0x000049fe                String::setCharAt(unsigned int, char)
 .text._ZN6StringixEj
                0x00004a18       0x2a libraries\core.a(WString.cpp.o)
                0x00004a18                String::operator[](unsigned int)
 .text._ZNK6StringixEj
                0x00004a42       0x22 libraries\core.a(WString.cpp.o)
                0x00004a42                String::operator[](unsigned int) const
 .text._ZN6String7replaceEcc
                0x00004a64       0x1e libraries\core.a(WString.cpp.o)
                0x00004a64                String::replace(char, char)
 .text._ZNK6String5toIntEv
                0x00004a82       0x22 libraries\core.a(WString.cpp.o)
                0x00004a82                String::toInt() const
 .text._ZN6String4trimEv
                0x00004aa4       0xb6 libraries\core.a(WString.cpp.o)
                0x00004aa4                String::trim()
 .text._ZN6String11toUpperCaseEv
                0x00004b5a       0x28 libraries\core.a(WString.cpp.o)
                0x00004b5a                String::toUpperCase()
 .text._ZN6String11toLowerCaseEv
                0x00004b82       0x28 libraries\core.a(WString.cpp.o)
                0x00004b82                String::toLowerCase()
 .text._ZNK6String16equalsIgnoreCaseERKS_
                0x00004baa       0x78 libraries\core.a(WString.cpp.o)
                0x00004baa                String::equalsIgnoreCase(String const&) const
 .text._ZNK6String11lastIndexOfERKS_j
                0x00004c22       0x9c libraries\core.a(WString.cpp.o)
                0x00004c22                String::lastIndexOf(String const&, unsigned int) const
 .text._ZNK6String11lastIndexOfERKS_
                0x00004cbe       0x1c libraries\core.a(WString.cpp.o)
                0x00004cbe                String::lastIndexOf(String const&) const
 .text._ZNK6String7indexOfERKS_j
                0x00004cda       0x3c libraries\core.a(WString.cpp.o)
                0x00004cda                String::indexOf(String const&, unsigned int) const
 .text._ZNK6String7indexOfERKS_
                0x00004d16        0xa libraries\core.a(WString.cpp.o)
                0x00004d16                String::indexOf(String const&) const
 .text._ZNK6String11lastIndexOfEcj
                0x00004d20       0x6e libraries\core.a(WString.cpp.o)
                0x00004d20                String::lastIndexOf(char, unsigned int) const
 .text._ZNK6String11lastIndexOfEc
                0x00004d8e       0x10 libraries\core.a(WString.cpp.o)
                0x00004d8e                String::lastIndexOf(char) const
 .text._ZNK6String7indexOfEcj
                0x00004d9e       0x3c libraries\core.a(WString.cpp.o)
                0x00004d9e                String::indexOf(char, unsigned int) const
 .text._ZNK6String7indexOfEc
                0x00004dda        0xa libraries\core.a(WString.cpp.o)
                0x00004dda                String::indexOf(char) const
 .text._ZNK6String8getBytesEPhjj
                0x00004de4       0x5a libraries\core.a(WString.cpp.o)
                0x00004de4                String::getBytes(unsigned char*, unsigned int, unsigned int) const
 .text._ZNK6String8endsWithERKS_
                0x00004e3e       0x44 libraries\core.a(WString.cpp.o)
                0x00004e3e                String::endsWith(String const&) const
 .text._ZNK6String6equalsEPKc
                0x00004e82       0x46 libraries\core.a(WString.cpp.o)
                0x00004e82                String::equals(char const*) const
 .text._ZNK6String9compareToERKS_
                0x00004ec8       0x66 libraries\core.a(WString.cpp.o)
                0x00004ec8                String::compareTo(String const&) const
 .text._ZNK6StringgeERKS_
                0x00004f2e       0x10 libraries\core.a(WString.cpp.o)
                0x00004f2e                String::operator>=(String const&) const
 .text._ZNK6StringleERKS_
                0x00004f3e       0x12 libraries\core.a(WString.cpp.o)
                0x00004f3e                String::operator<=(String const&) const
 .text._ZNK6StringgtERKS_
                0x00004f50       0x12 libraries\core.a(WString.cpp.o)
                0x00004f50                String::operator>(String const&) const
 .text._ZNK6StringltERKS_
                0x00004f62        0xe libraries\core.a(WString.cpp.o)
                0x00004f62                String::operator<(String const&) const
 .text._ZNK6String6equalsERKS_
                0x00004f70       0x2c libraries\core.a(WString.cpp.o)
                0x00004f70                String::equals(String const&) const
 .text._ZNK6String10startsWithERKS_j
                0x00004f9c       0x46 libraries\core.a(WString.cpp.o)
                0x00004f9c                String::startsWith(String const&, unsigned int) const
 .text._ZNK6String10startsWithERKS_
                0x00004fe2       0x26 libraries\core.a(WString.cpp.o)
                0x00004fe2                String::startsWith(String const&) const
 .text._ZN6String12changeBufferEj
                0x00005008       0x34 libraries\core.a(WString.cpp.o)
                0x00005008                String::changeBuffer(unsigned int)
 .text._ZN6String7replaceERKS_S1_
                0x0000503c      0x20a libraries\core.a(WString.cpp.o)
                0x0000503c                String::replace(String const&, String const&)
 .text._ZN6String7reserveEj
                0x00005246       0x38 libraries\core.a(WString.cpp.o)
                0x00005246                String::reserve(unsigned int)
 .text._ZN6String6concatEPKcj
                0x0000527e       0x5a libraries\core.a(WString.cpp.o)
                0x0000527e                String::concat(char const*, unsigned int)
 .text._ZN6String6concatEm
                0x000052d8       0x64 libraries\core.a(WString.cpp.o)
                0x000052d8                String::concat(unsigned long)
 .text._ZN6String6concatEl
                0x0000533c       0x64 libraries\core.a(WString.cpp.o)
                0x0000533c                String::concat(long)
 .text._ZN6String6concatEj
                0x000053a0       0x5a libraries\core.a(WString.cpp.o)
                0x000053a0                String::concat(unsigned int)
 .text._ZN6String6concatEi
                0x000053fa       0x62 libraries\core.a(WString.cpp.o)
                0x000053fa                String::concat(int)
 .text._ZN6String6concatEh
                0x0000545c       0x58 libraries\core.a(WString.cpp.o)
                0x0000545c                String::concat(unsigned char)
 .text._ZN6String6concatEc
                0x000054b4       0x28 libraries\core.a(WString.cpp.o)
                0x000054b4                String::concat(char)
 .text._ZN6String6concatEPKc
                0x000054dc       0x20 libraries\core.a(WString.cpp.o)
                0x000054dc                String::concat(char const*)
 .text._ZN6String6concatERKS_
                0x000054fc       0x10 libraries\core.a(WString.cpp.o)
                0x000054fc                String::concat(String const&)
 .text._ZN6String10invalidateEv
                0x0000550c       0x24 libraries\core.a(WString.cpp.o)
                0x0000550c                String::invalidate()
 .text._ZplRK15StringSumHelperm
                0x00005530       0x22 libraries\core.a(WString.cpp.o)
                0x00005530                operator+(StringSumHelper const&, unsigned long)
 .text._ZplRK15StringSumHelperl
                0x00005552       0x22 libraries\core.a(WString.cpp.o)
                0x00005552                operator+(StringSumHelper const&, long)
 .text._ZplRK15StringSumHelperj
                0x00005574       0x22 libraries\core.a(WString.cpp.o)
                0x00005574                operator+(StringSumHelper const&, unsigned int)
 .text._ZplRK15StringSumHelperi
                0x00005596       0x22 libraries\core.a(WString.cpp.o)
                0x00005596                operator+(StringSumHelper const&, int)
 .text._ZplRK15StringSumHelperh
                0x000055b8       0x22 libraries\core.a(WString.cpp.o)
                0x000055b8                operator+(StringSumHelper const&, unsigned char)
 .text._ZplRK15StringSumHelperc
                0x000055da       0x22 libraries\core.a(WString.cpp.o)
                0x000055da                operator+(StringSumHelper const&, char)
 .text._ZplRK15StringSumHelperPKc
                0x000055fc       0x38 libraries\core.a(WString.cpp.o)
                0x000055fc                operator+(StringSumHelper const&, char const*)
 .text._ZplRK15StringSumHelperRK6String
                0x00005634       0x2c libraries\core.a(WString.cpp.o)
                0x00005634                operator+(StringSumHelper const&, String const&)
 .text._ZN6String4copyEPKcj
                0x00005660       0x42 libraries\core.a(WString.cpp.o)
                0x00005660                String::copy(char const*, unsigned int)
 .text._ZN6StringC1EPKc
                0x000056a2       0x34 libraries\core.a(WString.cpp.o)
                0x000056a2                String::String(char const*)
 .text._ZN6StringC2EPKc
                0x000056d6       0x34 libraries\core.a(WString.cpp.o)
                0x000056d6                String::String(char const*)
 .text._ZN6StringaSEPKc
                0x0000570a       0x32 libraries\core.a(WString.cpp.o)
                0x0000570a                String::operator=(char const*)
 .text._ZN6StringC1Emh
                0x0000573c       0x64 libraries\core.a(WString.cpp.o)
                0x0000573c                String::String(unsigned long, unsigned char)
 .text._ZN6StringC2Emh
                0x000057a0       0x64 libraries\core.a(WString.cpp.o)
                0x000057a0                String::String(unsigned long, unsigned char)
 .text._ZN6StringC1Elh
                0x00005804       0x64 libraries\core.a(WString.cpp.o)
                0x00005804                String::String(long, unsigned char)
 .text._ZN6StringC2Elh
                0x00005868       0x64 libraries\core.a(WString.cpp.o)
                0x00005868                String::String(long, unsigned char)
 .text._ZN6StringC1Ejh
                0x000058cc       0x62 libraries\core.a(WString.cpp.o)
                0x000058cc                String::String(unsigned int, unsigned char)
 .text._ZN6StringC2Ejh
                0x0000592e       0x62 libraries\core.a(WString.cpp.o)
                0x0000592e                String::String(unsigned int, unsigned char)
 .text._ZN6StringC1Eih
                0x00005990       0x62 libraries\core.a(WString.cpp.o)
                0x00005990                String::String(int, unsigned char)
 .text._ZN6StringC2Eih
                0x000059f2       0x62 libraries\core.a(WString.cpp.o)
                0x000059f2                String::String(int, unsigned char)
 .text._ZN6StringC1Ehh
                0x00005a54       0x64 libraries\core.a(WString.cpp.o)
                0x00005a54                String::String(unsigned char, unsigned char)
 .text._ZN6StringC2Ehh
                0x00005ab8       0x64 libraries\core.a(WString.cpp.o)
                0x00005ab8                String::String(unsigned char, unsigned char)
 .text._ZN6StringC1Ec
                0x00005b1c       0x34 libraries\core.a(WString.cpp.o)
                0x00005b1c                String::String(char)
 .text._ZN6StringC2Ec
                0x00005b50       0x34 libraries\core.a(WString.cpp.o)
                0x00005b50                String::String(char)
 .text._ZNK6String9substringEjj
                0x00005b84       0x8e libraries\core.a(WString.cpp.o)
                0x00005b84                String::substring(unsigned int, unsigned int) const
 .text._ZNK6String9substringEj
                0x00005c12       0x18 libraries\core.a(WString.cpp.o)
                0x00005c12                String::substring(unsigned int) const
 .text._ZN6StringaSERKS_
                0x00005c2a       0x2e libraries\core.a(WString.cpp.o)
                0x00005c2a                String::operator=(String const&)
 .text._ZN6StringC1ERKS_
                0x00005c58       0x16 libraries\core.a(WString.cpp.o)
                0x00005c58                String::String(String const&)
 .text._ZN6StringC2ERKS_
                0x00005c6e       0x16 libraries\core.a(WString.cpp.o)
                0x00005c6e                String::String(String const&)
 .text._ZN6StringD1Ev
                0x00005c84        0xc libraries\core.a(WString.cpp.o)
                0x00005c84                String::~String()
 .text._ZN6StringD2Ev
                0x00005c90        0xc libraries\core.a(WString.cpp.o)
                0x00005c90                String::~String()
 .text.avr-libc
                0x00005c9c      0x26a libraries\core.a(malloc.c.o)
                0x00005c9c                malloc
                0x00005dd6                free
 .text.avr-libc
                0x00005f06      0x1c2 libraries\core.a(realloc.c.o)
                0x00005f06                realloc
 .text.libgcc   0x000060c8       0x3e d:/arduino/arduino/hardware/tools/avr/bin/../lib/gcc/avr/4.3.2/avr6\libgcc.a(_mulsi3.o)
                0x000060c8                __mulsi3
 .text.libgcc   0x00006106       0x28 d:/arduino/arduino/hardware/tools/avr/bin/../lib/gcc/avr/4.3.2/avr6\libgcc.a(_udivmodhi4.o)
                0x00006106                __udivmodhi4
 .text.libgcc   0x0000612e       0x44 d:/arduino/arduino/hardware/tools/avr/bin/../lib/gcc/avr/4.3.2/avr6\libgcc.a(_udivmodsi4.o)
                0x0000612e                __udivmodsi4
 .text.libgcc   0x00006172        0x0 d:/arduino/arduino/hardware/tools/avr/bin/../lib/gcc/avr/4.3.2/avr6\libgcc.a(_exit.o)
 .text.libgcc   0x00006172        0x0 d:/arduino/arduino/hardware/tools/avr/bin/../lib/gcc/avr/4.3.2/avr6\libgcc.a(_clear_bss.o)
 .text.libgcc   0x00006172        0x0 d:/arduino/arduino/hardware/tools/avr/bin/../lib/gcc/avr/4.3.2/avr6\libgcc.a(_ctors.o)
 .text.libgcc   0x00006172       0x38 d:/arduino/arduino/hardware/tools/avr/bin/../lib/gcc/avr/4.3.2/avr6\libgcc.a(_prologue.o)
                0x00006172                __prologue_saves__
 .text.libgcc   0x000061aa       0x36 d:/arduino/arduino/hardware/tools/avr/bin/../lib/gcc/avr/4.3.2/avr6\libgcc.a(_epilogue.o)
                0x000061aa                __epilogue_restores__
 .text.libgcc   0x000061e0        0xc d:/arduino/arduino/hardware/tools/avr/bin/../lib/gcc/avr/4.3.2/avr6\libgcc.a(_tablejump.o)
                0x000061e4                __tablejump__
                0x000061e0                __tablejump2__
 .text.ctype    0x000061ec       0x10 D:\Arduino\Arduino\hardware\tools\avr\avr\lib\libc.a(isspace.o)
                0x000061ec                isspace
 .text.ctype    0x000061fc       0x10 D:\Arduino\Arduino\hardware\tools\avr\avr\lib\libc.a(tolower.o)
                0x000061fc                tolower
 .text.ctype    0x0000620c       0x10 D:\Arduino\Arduino\hardware\tools\avr\avr\lib\libc.a(toupper.o)
                0x0000620c                toupper
 .text.ctype    0x0000621c        0x6 D:\Arduino\Arduino\hardware\tools\avr\avr\lib\libc.a(cty_isfalse.o)
                0x00006220                __ctype_istrue
                0x0000621c                __ctype_isfalse
                0x00006222                . = ALIGN (0x2)
 *(.fini9)
 .fini9         0x00006222        0x0 d:/arduino/arduino/hardware/tools/avr/bin/../lib/gcc/avr/4.3.2/avr6\libgcc.a(_exit.o)
                0x00006222                exit
                0x00006222                _exit
 *(.fini9)
 *(.fini8)
 *(.fini8)
 *(.fini7)
 *(.fini7)
 *(.fini6)
 *(.fini6)
 *(.fini5)
 *(.fini5)
 *(.fini4)
 *(.fini4)
 *(.fini3)
 *(.fini3)
 *(.fini2)
 *(.fini2)
 *(.fini1)
 *(.fini1)
 *(.fini0)
 .fini0         0x00006222        0x4 d:/arduino/arduino/hardware/tools/avr/bin/../lib/gcc/avr/4.3.2/avr6\libgcc.a(_exit.o)
 *(.fini0)
                0x00006226                _etext = .

.data           0x00800200      0x184 load address 0x00006226
                0x00800200                PROVIDE (__data_start, .)
 *(.data)
 .data          0x00800200        0x0 d:/arduino/arduino/hardware/tools/avr/bin/../lib/gcc/avr/4.3.2/../../../../avr/lib/avr6/crtm2560.o
 .data          0x00800200        0x0 obj\Release\fuse.o
 .data          0x00800200        0x0 obj\Release\libraries\twi.o
 .data          0x00800200       0x20 obj\Release\libraries\Wire.o
                0x00800200                vtable for TwoWire
                0x00800210                vtable for Stream
 .data          0x00800220       0x12 obj\Release\main.o
                0x00800220                lastLight
 .data          0x00800232        0x0 libraries\core.a(WInterrupts.c.o)
 .data          0x00800232        0x0 libraries\core.a(wiring.c.o)
 .data          0x00800232        0x0 libraries\core.a(wiring_analog.c.o)
 .data          0x00800232        0x0 libraries\core.a(wiring_digital.c.o)
 .data          0x00800232        0x0 libraries\core.a(wiring_pulse.c.o)
 .data          0x00800232        0x0 libraries\core.a(HardwareSerial.cpp.o)
 .data          0x00800232        0x0 libraries\core.a(IPAddress.cpp.o)
 .data          0x00800232        0xe libraries\core.a(Print.cpp.o)
 .data          0x00800240        0x1 libraries\core.a(WString.cpp.o)
 .data          0x00800241        0x0 libraries\core.a(malloc.c.o)
 .data          0x00800241        0x0 libraries\core.a(realloc.c.o)
 .data          0x00800241        0x0 d:/arduino/arduino/hardware/tools/avr/bin/../lib/gcc/avr/4.3.2/avr6\libgcc.a(_mulsi3.o)
 .data          0x00800241        0x0 d:/arduino/arduino/hardware/tools/avr/bin/../lib/gcc/avr/4.3.2/avr6\libgcc.a(_udivmodhi4.o)
 .data          0x00800241        0x0 d:/arduino/arduino/hardware/tools/avr/bin/../lib/gcc/avr/4.3.2/avr6\libgcc.a(_udivmodsi4.o)
 .data          0x00800241        0x0 d:/arduino/arduino/hardware/tools/avr/bin/../lib/gcc/avr/4.3.2/avr6\libgcc.a(_exit.o)
 .data          0x00800241        0x0 d:/arduino/arduino/hardware/tools/avr/bin/../lib/gcc/avr/4.3.2/avr6\libgcc.a(_clear_bss.o)
 .data          0x00800241        0x0 d:/arduino/arduino/hardware/tools/avr/bin/../lib/gcc/avr/4.3.2/avr6\libgcc.a(_ctors.o)
 .data          0x00800241        0x0 d:/arduino/arduino/hardware/tools/avr/bin/../lib/gcc/avr/4.3.2/avr6\libgcc.a(_fixunssfsi.o)
 .data          0x00800241        0x0 d:/arduino/arduino/hardware/tools/avr/bin/../lib/gcc/avr/4.3.2/avr6\libgcc.a(_addsub_sf.o)
 .data          0x00800241        0x0 d:/arduino/arduino/hardware/tools/avr/bin/../lib/gcc/avr/4.3.2/avr6\libgcc.a(_mul_sf.o)
 .data          0x00800241        0x0 d:/arduino/arduino/hardware/tools/avr/bin/../lib/gcc/avr/4.3.2/avr6\libgcc.a(_div_sf.o)
 .data          0x00800241        0x0 d:/arduino/arduino/hardware/tools/avr/bin/../lib/gcc/avr/4.3.2/avr6\libgcc.a(_gt_sf.o)
 .data          0x00800241        0x0 d:/arduino/arduino/hardware/tools/avr/bin/../lib/gcc/avr/4.3.2/avr6\libgcc.a(_ge_sf.o)
 .data          0x00800241        0x0 d:/arduino/arduino/hardware/tools/avr/bin/../lib/gcc/avr/4.3.2/avr6\libgcc.a(_lt_sf.o)
 .data          0x00800241        0x0 d:/arduino/arduino/hardware/tools/avr/bin/../lib/gcc/avr/4.3.2/avr6\libgcc.a(_le_sf.o)
 .data          0x00800241        0x0 d:/arduino/arduino/hardware/tools/avr/bin/../lib/gcc/avr/4.3.2/avr6\libgcc.a(_unord_sf.o)
 .data          0x00800241        0x0 d:/arduino/arduino/hardware/tools/avr/bin/../lib/gcc/avr/4.3.2/avr6\libgcc.a(_si_to_sf.o)
 .data          0x00800241        0x0 d:/arduino/arduino/hardware/tools/avr/bin/../lib/gcc/avr/4.3.2/avr6\libgcc.a(_sf_to_si.o)
 .data          0x00800241        0x8 d:/arduino/arduino/hardware/tools/avr/bin/../lib/gcc/avr/4.3.2/avr6\libgcc.a(_thenan_sf.o)
                0x00800241                __thenan_sf
 .data          0x00800249        0x0 d:/arduino/arduino/hardware/tools/avr/bin/../lib/gcc/avr/4.3.2/avr6\libgcc.a(_usi_to_sf.o)
 .data          0x00800249        0x0 d:/arduino/arduino/hardware/tools/avr/bin/../lib/gcc/avr/4.3.2/avr6\libgcc.a(_prologue.o)
 .data          0x00800249        0x0 d:/arduino/arduino/hardware/tools/avr/bin/../lib/gcc/avr/4.3.2/avr6\libgcc.a(_epilogue.o)
 .data          0x00800249        0x0 d:/arduino/arduino/hardware/tools/avr/bin/../lib/gcc/avr/4.3.2/avr6\libgcc.a(_tablejump.o)
 .data          0x00800249        0x0 d:/arduino/arduino/hardware/tools/avr/bin/../lib/gcc/avr/4.3.2/avr6\libgcc.a(_clzsi2.o)
 .data          0x00800249        0x0 d:/arduino/arduino/hardware/tools/avr/bin/../lib/gcc/avr/4.3.2/avr6\libgcc.a(_pack_sf.o)
 .data          0x00800249        0x0 d:/arduino/arduino/hardware/tools/avr/bin/../lib/gcc/avr/4.3.2/avr6\libgcc.a(_unpack_sf.o)
 .data          0x00800249        0x0 d:/arduino/arduino/hardware/tools/avr/bin/../lib/gcc/avr/4.3.2/avr6\libgcc.a(_fpcmp_parts_sf.o)
 .data          0x00800249      0x100 d:/arduino/arduino/hardware/tools/avr/bin/../lib/gcc/avr/4.3.2/avr6\libgcc.a(_clz.o)
                0x00800249                __clz_tab
 .data          0x00800349        0x0 D:\Arduino\Arduino\hardware\tools\avr\avr\lib\libc.a(atol.o)
 .data          0x00800349        0x0 D:\Arduino\Arduino\hardware\tools\avr\avr\lib\libc.a(isspace.o)
 .data          0x00800349        0x0 D:\Arduino\Arduino\hardware\tools\avr\avr\lib\libc.a(tolower.o)
 .data          0x00800349        0x0 D:\Arduino\Arduino\hardware\tools\avr\avr\lib\libc.a(toupper.o)
 .data          0x00800349        0x0 D:\Arduino\Arduino\hardware\tools\avr\avr\lib\libc.a(memcmp.o)
 .data          0x00800349        0x0 D:\Arduino\Arduino\hardware\tools\avr\avr\lib\libc.a(memcpy.o)
 .data          0x00800349        0x0 D:\Arduino\Arduino\hardware\tools\avr\avr\lib\libc.a(memmove.o)
 .data          0x00800349        0x0 D:\Arduino\Arduino\hardware\tools\avr\avr\lib\libc.a(strchr.o)
 .data          0x00800349        0x0 D:\Arduino\Arduino\hardware\tools\avr\avr\lib\libc.a(strcmp.o)
 .data          0x00800349        0x0 D:\Arduino\Arduino\hardware\tools\avr\avr\lib\libc.a(strcpy.o)
 .data          0x00800349        0x0 D:\Arduino\Arduino\hardware\tools\avr\avr\lib\libc.a(strncmp.o)
 .data          0x00800349        0x0 D:\Arduino\Arduino\hardware\tools\avr\avr\lib\libc.a(strncpy.o)
 .data          0x00800349        0x0 D:\Arduino\Arduino\hardware\tools\avr\avr\lib\libc.a(strrchr.o)
 .data          0x00800349        0x0 D:\Arduino\Arduino\hardware\tools\avr\avr\lib\libc.a(strstr.o)
 .data          0x00800349        0x0 D:\Arduino\Arduino\hardware\tools\avr\avr\lib\libc.a(itoa.o)
 .data          0x00800349        0x0 D:\Arduino\Arduino\hardware\tools\avr\avr\lib\libc.a(ltoa.o)
 .data          0x00800349        0x0 D:\Arduino\Arduino\hardware\tools\avr\avr\lib\libc.a(mulsi10.o)
 .data          0x00800349        0x0 D:\Arduino\Arduino\hardware\tools\avr\avr\lib\libc.a(ultoa.o)
 .data          0x00800349        0x0 D:\Arduino\Arduino\hardware\tools\avr\avr\lib\libc.a(utoa.o)
 .data          0x00800349        0x0 D:\Arduino\Arduino\hardware\tools\avr\avr\lib\libc.a(cty_isfalse.o)
 .data          0x00800349        0x0 D:\Arduino\Arduino\hardware\tools\avr\avr\lib\libc.a(strrev.o)
 *(.data*)
 .data.analog_reference
                0x00800349        0x1 libraries\core.a(wiring_analog.c.o)
                0x00800349                analog_reference
 .data.__malloc_margin
                0x0080034a        0x2 libraries\core.a(malloc.c.o)
                0x0080034a                __malloc_margin
 .data.__malloc_heap_start
                0x0080034c        0x2 libraries\core.a(malloc.c.o)
                0x0080034c                __malloc_heap_start
 .data.__malloc_heap_end
                0x0080034e        0x2 libraries\core.a(malloc.c.o)
                0x0080034e                __malloc_heap_end
 *(.rodata)
 *(.rodata*)
 .rodata._ZTV14HardwareSerial
                0x00800350       0x10 libraries\core.a(HardwareSerial.cpp.o)
                0x00800350                vtable for HardwareSerial
 .rodata._ZTV6Stream
                0x00800360       0x10 libraries\core.a(HardwareSerial.cpp.o)
 .rodata._ZTV9IPAddress
                0x00800370        0x6 libraries\core.a(IPAddress.cpp.o)
                0x00800370                vtable for IPAddress
 .rodata._ZTV9Printable
                0x00800376        0x6 libraries\core.a(IPAddress.cpp.o)
                0x00800376                vtable for Printable
 .rodata._ZTV5Print
                0x0080037c        0x8 libraries\core.a(Print.cpp.o)
                0x0080037c                vtable for Print
 *(.gnu.linkonce.d*)
                0x00800384                . = ALIGN (0x2)
                0x00800384                _edata = .
                0x00800384                PROVIDE (__data_end, .)

.bss            0x00800384      0x5af
                0x00800384                PROVIDE (__bss_start, .)
 *(.bss)
 .bss           0x00800384        0x0 d:/arduino/arduino/hardware/tools/avr/bin/../lib/gcc/avr/4.3.2/../../../../avr/lib/avr6/crtm2560.o
 .bss           0x00800384        0x0 obj\Release\fuse.o
 .bss           0x00800384       0x6e obj\Release\libraries\twi.o
 .bss           0x008003f2       0x56 obj\Release\libraries\Wire.o
                0x00800414                TwoWire::txAddress
                0x00800413                TwoWire::rxBufferLength
                0x0080043a                TwoWire::user_onReceive
                0x00800436                TwoWire::txBufferLength
                0x00800435                TwoWire::txBufferIndex
                0x0080043c                Wire
                0x00800415                TwoWire::txBuffer
                0x00800438                TwoWire::user_onRequest
                0x00800412                TwoWire::rxBufferIndex
                0x008003f2                TwoWire::rxBuffer
                0x00800437                TwoWire::transmitting
 .bss           0x00800448      0x21f obj\Release\main.o
                0x00800450                validRead
                0x0080044e                rotL
                0x0080044c                rotR
                0x0080065f                rotSeek
                0x00800652                accelVal
                0x00800448                speedR
                0x0080065e                inter
                0x0080044a                speedL
                0x00800452                str
                0x00800658                calbAccelVal
 .bss           0x00800667        0x0 libraries\core.a(WInterrupts.c.o)
 .bss           0x00800667        0x0 libraries\core.a(wiring.c.o)
 .bss           0x00800667        0x0 libraries\core.a(wiring_analog.c.o)
 .bss           0x00800667        0x0 libraries\core.a(wiring_digital.c.o)
 .bss           0x00800667        0x0 libraries\core.a(wiring_pulse.c.o)
 .bss           0x00800667        0x0 libraries\core.a(HardwareSerial.cpp.o)
 .bss           0x00800667        0x0 libraries\core.a(IPAddress.cpp.o)
 .bss           0x00800667        0x0 libraries\core.a(Print.cpp.o)
 .bss           0x00800667        0x0 libraries\core.a(WString.cpp.o)
 .bss           0x00800667        0x0 libraries\core.a(malloc.c.o)
 .bss           0x00800667        0x0 libraries\core.a(realloc.c.o)
 .bss           0x00800667        0x0 d:/arduino/arduino/hardware/tools/avr/bin/../lib/gcc/avr/4.3.2/avr6\libgcc.a(_mulsi3.o)
 .bss           0x00800667        0x0 d:/arduino/arduino/hardware/tools/avr/bin/../lib/gcc/avr/4.3.2/avr6\libgcc.a(_udivmodhi4.o)
 .bss           0x00800667        0x0 d:/arduino/arduino/hardware/tools/avr/bin/../lib/gcc/avr/4.3.2/avr6\libgcc.a(_udivmodsi4.o)
 .bss           0x00800667        0x0 d:/arduino/arduino/hardware/tools/avr/bin/../lib/gcc/avr/4.3.2/avr6\libgcc.a(_exit.o)
 .bss           0x00800667        0x0 d:/arduino/arduino/hardware/tools/avr/bin/../lib/gcc/avr/4.3.2/avr6\libgcc.a(_clear_bss.o)
 .bss           0x00800667        0x0 d:/arduino/arduino/hardware/tools/avr/bin/../lib/gcc/avr/4.3.2/avr6\libgcc.a(_ctors.o)
 .bss           0x00800667        0x0 d:/arduino/arduino/hardware/tools/avr/bin/../lib/gcc/avr/4.3.2/avr6\libgcc.a(_fixunssfsi.o)
 .bss           0x00800667        0x0 d:/arduino/arduino/hardware/tools/avr/bin/../lib/gcc/avr/4.3.2/avr6\libgcc.a(_addsub_sf.o)
 .bss           0x00800667        0x0 d:/arduino/arduino/hardware/tools/avr/bin/../lib/gcc/avr/4.3.2/avr6\libgcc.a(_mul_sf.o)
 .bss           0x00800667        0x0 d:/arduino/arduino/hardware/tools/avr/bin/../lib/gcc/avr/4.3.2/avr6\libgcc.a(_div_sf.o)
 .bss           0x00800667        0x0 d:/arduino/arduino/hardware/tools/avr/bin/../lib/gcc/avr/4.3.2/avr6\libgcc.a(_gt_sf.o)
 .bss           0x00800667        0x0 d:/arduino/arduino/hardware/tools/avr/bin/../lib/gcc/avr/4.3.2/avr6\libgcc.a(_ge_sf.o)
 .bss           0x00800667        0x0 d:/arduino/arduino/hardware/tools/avr/bin/../lib/gcc/avr/4.3.2/avr6\libgcc.a(_lt_sf.o)
 .bss           0x00800667        0x0 d:/arduino/arduino/hardware/tools/avr/bin/../lib/gcc/avr/4.3.2/avr6\libgcc.a(_le_sf.o)
 .bss           0x00800667        0x0 d:/arduino/arduino/hardware/tools/avr/bin/../lib/gcc/avr/4.3.2/avr6\libgcc.a(_unord_sf.o)
 .bss           0x00800667        0x0 d:/arduino/arduino/hardware/tools/avr/bin/../lib/gcc/avr/4.3.2/avr6\libgcc.a(_si_to_sf.o)
 .bss           0x00800667        0x0 d:/arduino/arduino/hardware/tools/avr/bin/../lib/gcc/avr/4.3.2/avr6\libgcc.a(_sf_to_si.o)
 .bss           0x00800667        0x0 d:/arduino/arduino/hardware/tools/avr/bin/../lib/gcc/avr/4.3.2/avr6\libgcc.a(_thenan_sf.o)
 .bss           0x00800667        0x0 d:/arduino/arduino/hardware/tools/avr/bin/../lib/gcc/avr/4.3.2/avr6\libgcc.a(_usi_to_sf.o)
 .bss           0x00800667        0x0 d:/arduino/arduino/hardware/tools/avr/bin/../lib/gcc/avr/4.3.2/avr6\libgcc.a(_prologue.o)
 .bss           0x00800667        0x0 d:/arduino/arduino/hardware/tools/avr/bin/../lib/gcc/avr/4.3.2/avr6\libgcc.a(_epilogue.o)
 .bss           0x00800667        0x0 d:/arduino/arduino/hardware/tools/avr/bin/../lib/gcc/avr/4.3.2/avr6\libgcc.a(_tablejump.o)
 .bss           0x00800667        0x0 d:/arduino/arduino/hardware/tools/avr/bin/../lib/gcc/avr/4.3.2/avr6\libgcc.a(_clzsi2.o)
 .bss           0x00800667        0x0 d:/arduino/arduino/hardware/tools/avr/bin/../lib/gcc/avr/4.3.2/avr6\libgcc.a(_pack_sf.o)
 .bss           0x00800667        0x0 d:/arduino/arduino/hardware/tools/avr/bin/../lib/gcc/avr/4.3.2/avr6\libgcc.a(_unpack_sf.o)
 .bss           0x00800667        0x0 d:/arduino/arduino/hardware/tools/avr/bin/../lib/gcc/avr/4.3.2/avr6\libgcc.a(_fpcmp_parts_sf.o)
 .bss           0x00800667        0x0 d:/arduino/arduino/hardware/tools/avr/bin/../lib/gcc/avr/4.3.2/avr6\libgcc.a(_clz.o)
 .bss           0x00800667        0x0 D:\Arduino\Arduino\hardware\tools\avr\avr\lib\libc.a(atol.o)
 .bss           0x00800667        0x0 D:\Arduino\Arduino\hardware\tools\avr\avr\lib\libc.a(isspace.o)
 .bss           0x00800667        0x0 D:\Arduino\Arduino\hardware\tools\avr\avr\lib\libc.a(tolower.o)
 .bss           0x00800667        0x0 D:\Arduino\Arduino\hardware\tools\avr\avr\lib\libc.a(toupper.o)
 .bss           0x00800667        0x0 D:\Arduino\Arduino\hardware\tools\avr\avr\lib\libc.a(memcmp.o)
 .bss           0x00800667        0x0 D:\Arduino\Arduino\hardware\tools\avr\avr\lib\libc.a(memcpy.o)
 .bss           0x00800667        0x0 D:\Arduino\Arduino\hardware\tools\avr\avr\lib\libc.a(memmove.o)
 .bss           0x00800667        0x0 D:\Arduino\Arduino\hardware\tools\avr\avr\lib\libc.a(strchr.o)
 .bss           0x00800667        0x0 D:\Arduino\Arduino\hardware\tools\avr\avr\lib\libc.a(strcmp.o)
 .bss           0x00800667        0x0 D:\Arduino\Arduino\hardware\tools\avr\avr\lib\libc.a(strcpy.o)
 .bss           0x00800667        0x0 D:\Arduino\Arduino\hardware\tools\avr\avr\lib\libc.a(strncmp.o)
 .bss           0x00800667        0x0 D:\Arduino\Arduino\hardware\tools\avr\avr\lib\libc.a(strncpy.o)
 .bss           0x00800667        0x0 D:\Arduino\Arduino\hardware\tools\avr\avr\lib\libc.a(strrchr.o)
 .bss           0x00800667        0x0 D:\Arduino\Arduino\hardware\tools\avr\avr\lib\libc.a(strstr.o)
 .bss           0x00800667        0x0 D:\Arduino\Arduino\hardware\tools\avr\avr\lib\libc.a(itoa.o)
 .bss           0x00800667        0x0 D:\Arduino\Arduino\hardware\tools\avr\avr\lib\libc.a(ltoa.o)
 .bss           0x00800667        0x0 D:\Arduino\Arduino\hardware\tools\avr\avr\lib\libc.a(mulsi10.o)
 .bss           0x00800667        0x0 D:\Arduino\Arduino\hardware\tools\avr\avr\lib\libc.a(ultoa.o)
 .bss           0x00800667        0x0 D:\Arduino\Arduino\hardware\tools\avr\avr\lib\libc.a(utoa.o)
 .bss           0x00800667        0x0 D:\Arduino\Arduino\hardware\tools\avr\avr\lib\libc.a(cty_isfalse.o)
 .bss           0x00800667        0x0 D:\Arduino\Arduino\hardware\tools\avr\avr\lib\libc.a(strrev.o)
 *(.bss*)
 .bss.intFunc   0x00800667       0x10 libraries\core.a(WInterrupts.c.o)
 .bss.timer0_overflow_count
                0x00800677        0x4 libraries\core.a(wiring.c.o)
                0x00800677                timer0_overflow_count
 .bss.timer0_millis
                0x0080067b        0x4 libraries\core.a(wiring.c.o)
                0x0080067b                timer0_millis
 .bss.timer0_fract
                0x0080067f        0x1 libraries\core.a(wiring.c.o)
 .bss.rx_buffer
                0x00800680       0x44 libraries\core.a(HardwareSerial.cpp.o)
                0x00800680                rx_buffer
 .bss.tx_buffer
                0x008006c4       0x44 libraries\core.a(HardwareSerial.cpp.o)
                0x008006c4                tx_buffer
 .bss.rx_buffer1
                0x00800708       0x44 libraries\core.a(HardwareSerial.cpp.o)
                0x00800708                rx_buffer1
 .bss.tx_buffer1
                0x0080074c       0x44 libraries\core.a(HardwareSerial.cpp.o)
                0x0080074c                tx_buffer1
 .bss.rx_buffer2
                0x00800790       0x44 libraries\core.a(HardwareSerial.cpp.o)
                0x00800790                rx_buffer2
 .bss.tx_buffer2
                0x008007d4       0x44 libraries\core.a(HardwareSerial.cpp.o)
                0x008007d4                tx_buffer2
 .bss.rx_buffer3
                0x00800818       0x44 libraries\core.a(HardwareSerial.cpp.o)
                0x00800818                rx_buffer3
 .bss.tx_buffer3
                0x0080085c       0x44 libraries\core.a(HardwareSerial.cpp.o)
                0x0080085c                tx_buffer3
 .bss.Serial    0x008008a0       0x22 libraries\core.a(HardwareSerial.cpp.o)
                0x008008a0                Serial
 .bss.Serial1   0x008008c2       0x22 libraries\core.a(HardwareSerial.cpp.o)
                0x008008c2                Serial1
 .bss.Serial2   0x008008e4       0x22 libraries\core.a(HardwareSerial.cpp.o)
                0x008008e4                Serial2
 .bss.Serial3   0x00800906       0x22 libraries\core.a(HardwareSerial.cpp.o)
                0x00800906                Serial3
 .bss._ZL11INADDR_NONE
                0x00800928        0x6 libraries\core.a(IPAddress.cpp.o)
 .bss._ZZN6StringixEjE19dummy_writable_char
                0x0080092e        0x1 libraries\core.a(WString.cpp.o)
 *(COMMON)
 COMMON         0x0080092f        0x4 libraries\core.a(malloc.c.o)
                0x0080092f                __brkval
                0x00800931                __flp
                0x00800933                PROVIDE (__bss_end, .)
                0x00006226                __data_load_start = LOADADDR (.data)
                0x000063aa                __data_load_end = (__data_load_start + SIZEOF (.data))

.noinit         0x00800933        0x0
                0x00800933                PROVIDE (__noinit_start, .)
 *(.noinit*)
                0x00800933                PROVIDE (__noinit_end, .)
                0x00800933                _end = .
                0x00800933                PROVIDE (__heap_start, .)

.eeprom         0x00810000        0x0
 *(.eeprom*)
                0x00810000                __eeprom_end = .

.fuse           0x00820000        0x3
 *(.fuse)
 .fuse          0x00820000        0x3 obj\Release\fuse.o
                0x00820000                __fuse
 *(.lfuse)
 *(.hfuse)
 *(.efuse)

.lock
 *(.lock*)

.signature
 *(.signature*)

.stab
 *(.stab)

.stabstr
 *(.stabstr)

.stab.excl
 *(.stab.excl)

.stab.exclstr
 *(.stab.exclstr)

.stab.index
 *(.stab.index)

.stab.indexstr
 *(.stab.indexstr)

.comment
 *(.comment)

.debug
 *(.debug)

.line
 *(.line)

.debug_srcinfo
 *(.debug_srcinfo)

.debug_sfnames
 *(.debug_sfnames)

.debug_aranges  0x00000000      0x630
 *(.debug_aranges)
 .debug_aranges
                0x00000000       0x68 libraries\core.a(WInterrupts.c.o)
 .debug_aranges
                0x00000068       0x48 libraries\core.a(wiring.c.o)
 .debug_aranges
                0x000000b0       0x30 libraries\core.a(wiring_analog.c.o)
 .debug_aranges
                0x000000e0       0x38 libraries\core.a(wiring_digital.c.o)
 .debug_aranges
                0x00000118       0x20 libraries\core.a(wiring_pulse.c.o)
 .debug_aranges
                0x00000138       0xe0 libraries\core.a(HardwareSerial.cpp.o)
 .debug_aranges
                0x00000218       0x80 libraries\core.a(IPAddress.cpp.o)
 .debug_aranges
                0x00000298       0xf0 libraries\core.a(Print.cpp.o)
 .debug_aranges
                0x00000388      0x260 libraries\core.a(WString.cpp.o)
 .debug_aranges
                0x000005e8       0x28 libraries\core.a(malloc.c.o)
 .debug_aranges
                0x00000610       0x20 libraries\core.a(realloc.c.o)

.debug_pubnames
                0x00000000      0xeef
 *(.debug_pubnames)
 .debug_pubnames
                0x00000000       0xb2 libraries\core.a(WInterrupts.c.o)
 .debug_pubnames
                0x000000b2       0x8d libraries\core.a(wiring.c.o)
 .debug_pubnames
                0x0000013f       0x5a libraries\core.a(wiring_analog.c.o)
 .debug_pubnames
                0x00000199       0xda libraries\core.a(wiring_digital.c.o)
 .debug_pubnames
                0x00000273       0x1e libraries\core.a(wiring_pulse.c.o)
 .debug_pubnames
                0x00000291      0x2c5 libraries\core.a(HardwareSerial.cpp.o)
 .debug_pubnames
                0x00000556      0x13d libraries\core.a(IPAddress.cpp.o)
 .debug_pubnames
                0x00000693      0x200 libraries\core.a(Print.cpp.o)
 .debug_pubnames
                0x00000893      0x5bf libraries\core.a(WString.cpp.o)
 .debug_pubnames
                0x00000e52       0x7f libraries\core.a(malloc.c.o)
 .debug_pubnames
                0x00000ed1       0x1e libraries\core.a(realloc.c.o)

.debug_info     0x00000000     0x7a93
 *(.debug_info)
 .debug_info    0x00000000      0x2d7 libraries\core.a(WInterrupts.c.o)
 .debug_info    0x000002d7      0x37a libraries\core.a(wiring.c.o)
 .debug_info    0x00000651      0x289 libraries\core.a(wiring_analog.c.o)
 .debug_info    0x000008da      0x5d3 libraries\core.a(wiring_digital.c.o)
 .debug_info    0x00000ead      0x347 libraries\core.a(wiring_pulse.c.o)
 .debug_info    0x000011f4     0x1f1f libraries\core.a(HardwareSerial.cpp.o)
 .debug_info    0x00003113      0x897 libraries\core.a(IPAddress.cpp.o)
 .debug_info    0x000039aa     0x1b4b libraries\core.a(Print.cpp.o)
 .debug_info    0x000054f5     0x21e1 libraries\core.a(WString.cpp.o)
 .debug_info    0x000076d6      0x229 libraries\core.a(malloc.c.o)
 .debug_info    0x000078ff      0x194 libraries\core.a(realloc.c.o)
 *(.gnu.linkonce.wi.*)

.debug_abbrev   0x00000000     0x154d
 *(.debug_abbrev)
 .debug_abbrev  0x00000000       0xe7 libraries\core.a(WInterrupts.c.o)
 .debug_abbrev  0x000000e7      0x17d libraries\core.a(wiring.c.o)
 .debug_abbrev  0x00000264      0x117 libraries\core.a(wiring_analog.c.o)
 .debug_abbrev  0x0000037b      0x167 libraries\core.a(wiring_digital.c.o)
 .debug_abbrev  0x000004e2       0xf8 libraries\core.a(wiring_pulse.c.o)
 .debug_abbrev  0x000005da      0x48e libraries\core.a(HardwareSerial.cpp.o)
 .debug_abbrev  0x00000a68      0x296 libraries\core.a(IPAddress.cpp.o)
 .debug_abbrev  0x00000cfe      0x336 libraries\core.a(Print.cpp.o)
 .debug_abbrev  0x00001034      0x343 libraries\core.a(WString.cpp.o)
 .debug_abbrev  0x00001377      0x10d libraries\core.a(malloc.c.o)
 .debug_abbrev  0x00001484       0xc9 libraries\core.a(realloc.c.o)

.debug_line     0x00000000     0x3ded
 *(.debug_line)
 .debug_line    0x00000000      0x3e0 libraries\core.a(WInterrupts.c.o)
 .debug_line    0x000003e0      0x3dd libraries\core.a(wiring.c.o)
 .debug_line    0x000007bd      0x31d libraries\core.a(wiring_analog.c.o)
 .debug_line    0x00000ada      0x32d libraries\core.a(wiring_digital.c.o)
 .debug_line    0x00000e07      0x1e8 libraries\core.a(wiring_pulse.c.o)
 .debug_line    0x00000fef      0xb69 libraries\core.a(HardwareSerial.cpp.o)
 .debug_line    0x00001b58      0x45c libraries\core.a(IPAddress.cpp.o)
 .debug_line    0x00001fb4      0x75a libraries\core.a(Print.cpp.o)
 .debug_line    0x0000270e     0x113e libraries\core.a(WString.cpp.o)
 .debug_line    0x0000384c      0x32a libraries\core.a(malloc.c.o)
 .debug_line    0x00003b76      0x277 libraries\core.a(realloc.c.o)

.debug_frame    0x00000000      0xb00
 *(.debug_frame)
 .debug_frame   0x00000000       0xb0 libraries\core.a(WInterrupts.c.o)
 .debug_frame   0x000000b0       0x70 libraries\core.a(wiring.c.o)
 .debug_frame   0x00000120       0x40 libraries\core.a(wiring_analog.c.o)
 .debug_frame   0x00000160       0x50 libraries\core.a(wiring_digital.c.o)
 .debug_frame   0x000001b0       0x20 libraries\core.a(wiring_pulse.c.o)
 .debug_frame   0x000001d0      0x1a0 libraries\core.a(HardwareSerial.cpp.o)
 .debug_frame   0x00000370       0xe0 libraries\core.a(IPAddress.cpp.o)
 .debug_frame   0x00000450      0x1c0 libraries\core.a(Print.cpp.o)
 .debug_frame   0x00000610      0x4a0 libraries\core.a(WString.cpp.o)
 .debug_frame   0x00000ab0       0x30 libraries\core.a(malloc.c.o)
 .debug_frame   0x00000ae0       0x20 libraries\core.a(realloc.c.o)

.debug_str      0x00000000     0x1ad9
 *(.debug_str)
 .debug_str     0x00000000      0x146 libraries\core.a(WInterrupts.c.o)
                                0x17f (size before relaxing)
 .debug_str     0x00000146       0xaf libraries\core.a(wiring.c.o)
                                0x152 (size before relaxing)
 .debug_str     0x000001f5       0xac libraries\core.a(wiring_analog.c.o)
                                0x150 (size before relaxing)
 .debug_str     0x000002a1       0xe6 libraries\core.a(wiring_digital.c.o)
                                0x1bd (size before relaxing)
 .debug_str     0x00000387       0x73 libraries\core.a(wiring_pulse.c.o)
                                0x177 (size before relaxing)
 .debug_str     0x000003fa      0xe2b libraries\core.a(HardwareSerial.cpp.o)
                                0xf42 (size before relaxing)
 .debug_str     0x00001225      0x1fe libraries\core.a(IPAddress.cpp.o)
                                0x356 (size before relaxing)
 .debug_str     0x00001423      0x3ae libraries\core.a(Print.cpp.o)
                                0xc09 (size before relaxing)
 .debug_str     0x000017d1      0x1d4 libraries\core.a(WString.cpp.o)
                                0x9a5 (size before relaxing)
 .debug_str     0x000019a5       0xd6 libraries\core.a(malloc.c.o)
                                0x155 (size before relaxing)
 .debug_str     0x00001a7b       0x5e libraries\core.a(realloc.c.o)
                                0x119 (size before relaxing)

.debug_loc      0x00000000     0x436a
 *(.debug_loc)
 .debug_loc     0x00000000       0x93 libraries\core.a(WInterrupts.c.o)
 .debug_loc     0x00000093      0x16d libraries\core.a(wiring.c.o)
 .debug_loc     0x00000200      0x19d libraries\core.a(wiring_analog.c.o)
 .debug_loc     0x0000039d      0x25a libraries\core.a(wiring_digital.c.o)
 .debug_loc     0x000005f7      0x279 libraries\core.a(wiring_pulse.c.o)
 .debug_loc     0x00000870      0x53f libraries\core.a(HardwareSerial.cpp.o)
 .debug_loc     0x00000daf      0x2d6 libraries\core.a(IPAddress.cpp.o)
 .debug_loc     0x00001085      0xdb8 libraries\core.a(Print.cpp.o)
 .debug_loc     0x00001e3d     0x1f05 libraries\core.a(WString.cpp.o)
 .debug_loc     0x00003d42      0x358 libraries\core.a(malloc.c.o)
 .debug_loc     0x0000409a      0x2d0 libraries\core.a(realloc.c.o)

.debug_macinfo
 *(.debug_macinfo)
OUTPUT(bin\Release\RoboStibal.elf elf32-avr)
LOAD linker stubs

.debug_ranges   0x00000000      0x5f0
 .debug_ranges  0x00000000       0x60 libraries\core.a(WInterrupts.c.o)
 .debug_ranges  0x00000060       0x40 libraries\core.a(wiring.c.o)
 .debug_ranges  0x000000a0       0x28 libraries\core.a(wiring_analog.c.o)
 .debug_ranges  0x000000c8       0x30 libraries\core.a(wiring_digital.c.o)
 .debug_ranges  0x000000f8       0x18 libraries\core.a(wiring_pulse.c.o)
 .debug_ranges  0x00000110       0xd8 libraries\core.a(HardwareSerial.cpp.o)
 .debug_ranges  0x000001e8       0x78 libraries\core.a(IPAddress.cpp.o)
 .debug_ranges  0x00000260       0xe8 libraries\core.a(Print.cpp.o)
 .debug_ranges  0x00000348      0x270 libraries\core.a(WString.cpp.o)
 .debug_ranges  0x000005b8       0x20 libraries\core.a(malloc.c.o)
 .debug_ranges  0x000005d8       0x18 libraries\core.a(realloc.c.o)

Cross Reference Table

Symbol                                            File
HardwareSerial::HardwareSerial(ring_buffer*, ring_buffer*, unsigned char volatile*, unsigned char volatile*, unsigned char volatile*, unsigned char volatile*, unsigned char volatile*, unsigned char volatile*, unsigned char, unsigned char, unsigned char, unsigned char, unsigned char) libraries\core.a(HardwareSerial.cpp.o)
HardwareSerial::HardwareSerial(ring_buffer*, ring_buffer*, unsigned char volatile*, unsigned char volatile*, unsigned char volatile*, unsigned char volatile*, unsigned char volatile*, unsigned char volatile*, unsigned char, unsigned char, unsigned char, unsigned char, unsigned char) libraries\core.a(HardwareSerial.cpp.o)
HardwareSerial::available()                       libraries\core.a(HardwareSerial.cpp.o)
HardwareSerial::begin(unsigned long)              libraries\core.a(HardwareSerial.cpp.o)
                                                  obj\Release\main.o
HardwareSerial::begin(unsigned long, unsigned char) libraries\core.a(HardwareSerial.cpp.o)
HardwareSerial::end()                             libraries\core.a(HardwareSerial.cpp.o)
HardwareSerial::flush()                           libraries\core.a(HardwareSerial.cpp.o)
HardwareSerial::operator bool()                   libraries\core.a(HardwareSerial.cpp.o)
HardwareSerial::peek()                            libraries\core.a(HardwareSerial.cpp.o)
HardwareSerial::read()                            libraries\core.a(HardwareSerial.cpp.o)
HardwareSerial::write(unsigned char)              libraries\core.a(HardwareSerial.cpp.o)
                                                  obj\Release\main.o
IPAddress::IPAddress()                            libraries\core.a(IPAddress.cpp.o)
IPAddress::IPAddress()                            libraries\core.a(IPAddress.cpp.o)
IPAddress::IPAddress(unsigned char const*)        libraries\core.a(IPAddress.cpp.o)
IPAddress::IPAddress(unsigned char const*)        libraries\core.a(IPAddress.cpp.o)
IPAddress::IPAddress(unsigned char, unsigned char, unsigned char, unsigned char) libraries\core.a(IPAddress.cpp.o)
                                                  obj\Release\main.o
IPAddress::IPAddress(unsigned char, unsigned char, unsigned char, unsigned char) libraries\core.a(IPAddress.cpp.o)
IPAddress::IPAddress(unsigned long)               libraries\core.a(IPAddress.cpp.o)
IPAddress::IPAddress(unsigned long)               libraries\core.a(IPAddress.cpp.o)
IPAddress::operator=(unsigned char const*)        libraries\core.a(IPAddress.cpp.o)
IPAddress::operator=(unsigned long)               libraries\core.a(IPAddress.cpp.o)
IPAddress::operator==(unsigned char const*)       libraries\core.a(IPAddress.cpp.o)
IPAddress::printTo(Print&) const                  libraries\core.a(IPAddress.cpp.o)
Print::print(Printable const&)                    libraries\core.a(Print.cpp.o)
Print::print(String const&)                       libraries\core.a(Print.cpp.o)
Print::print(__FlashStringHelper const*)          libraries\core.a(Print.cpp.o)
Print::print(char const*)                         libraries\core.a(Print.cpp.o)
Print::print(char)                                libraries\core.a(Print.cpp.o)
                                                  libraries\core.a(IPAddress.cpp.o)
Print::print(double, int)                         libraries\core.a(Print.cpp.o)
Print::print(int, int)                            libraries\core.a(Print.cpp.o)
                                                  obj\Release\main.o
Print::print(long, int)                           libraries\core.a(Print.cpp.o)
Print::print(unsigned char, int)                  libraries\core.a(Print.cpp.o)
                                                  libraries\core.a(IPAddress.cpp.o)
Print::print(unsigned int, int)                   libraries\core.a(Print.cpp.o)
Print::print(unsigned long, int)                  libraries\core.a(Print.cpp.o)
Print::printFloat(double, unsigned char)          libraries\core.a(Print.cpp.o)
Print::printNumber(unsigned long, unsigned char)  libraries\core.a(Print.cpp.o)
Print::println()                                  libraries\core.a(Print.cpp.o)
                                                  obj\Release\main.o
Print::println(Printable const&)                  libraries\core.a(Print.cpp.o)
Print::println(String const&)                     libraries\core.a(Print.cpp.o)
Print::println(__FlashStringHelper const*)        libraries\core.a(Print.cpp.o)
Print::println(char const*)                       libraries\core.a(Print.cpp.o)
Print::println(char)                              libraries\core.a(Print.cpp.o)
Print::println(double, int)                       libraries\core.a(Print.cpp.o)
Print::println(int, int)                          libraries\core.a(Print.cpp.o)
Print::println(long, int)                         libraries\core.a(Print.cpp.o)
Print::println(unsigned char, int)                libraries\core.a(Print.cpp.o)
Print::println(unsigned int, int)                 libraries\core.a(Print.cpp.o)
Print::println(unsigned long, int)                libraries\core.a(Print.cpp.o)
Print::write(char const*)                         libraries\core.a(Print.cpp.o)
Print::write(unsigned char const*, unsigned int)  libraries\core.a(Print.cpp.o)
                                                  libraries\core.a(HardwareSerial.cpp.o)
                                                  obj\Release\libraries\Wire.o
Serial                                            libraries\core.a(HardwareSerial.cpp.o)
                                                  obj\Release\main.o
Serial1                                           libraries\core.a(HardwareSerial.cpp.o)
Serial2                                           libraries\core.a(HardwareSerial.cpp.o)
Serial3                                           libraries\core.a(HardwareSerial.cpp.o)
String::String(String const&)                     libraries\core.a(WString.cpp.o)
String::String(String const&)                     libraries\core.a(WString.cpp.o)
String::String(char const*)                       libraries\core.a(WString.cpp.o)
String::String(char const*)                       libraries\core.a(WString.cpp.o)
String::String(char)                              libraries\core.a(WString.cpp.o)
String::String(char)                              libraries\core.a(WString.cpp.o)
String::String(int, unsigned char)                libraries\core.a(WString.cpp.o)
String::String(int, unsigned char)                libraries\core.a(WString.cpp.o)
String::String(long, unsigned char)               libraries\core.a(WString.cpp.o)
String::String(long, unsigned char)               libraries\core.a(WString.cpp.o)
String::String(unsigned char, unsigned char)      libraries\core.a(WString.cpp.o)
String::String(unsigned char, unsigned char)      libraries\core.a(WString.cpp.o)
String::String(unsigned int, unsigned char)       libraries\core.a(WString.cpp.o)
String::String(unsigned int, unsigned char)       libraries\core.a(WString.cpp.o)
String::String(unsigned long, unsigned char)      libraries\core.a(WString.cpp.o)
String::String(unsigned long, unsigned char)      libraries\core.a(WString.cpp.o)
String::changeBuffer(unsigned int)                libraries\core.a(WString.cpp.o)
String::charAt(unsigned int) const                libraries\core.a(WString.cpp.o)
String::compareTo(String const&) const            libraries\core.a(WString.cpp.o)
String::concat(String const&)                     libraries\core.a(WString.cpp.o)
String::concat(char const*)                       libraries\core.a(WString.cpp.o)
String::concat(char const*, unsigned int)         libraries\core.a(WString.cpp.o)
String::concat(char)                              libraries\core.a(WString.cpp.o)
String::concat(int)                               libraries\core.a(WString.cpp.o)
String::concat(long)                              libraries\core.a(WString.cpp.o)
String::concat(unsigned char)                     libraries\core.a(WString.cpp.o)
String::concat(unsigned int)                      libraries\core.a(WString.cpp.o)
String::concat(unsigned long)                     libraries\core.a(WString.cpp.o)
String::copy(char const*, unsigned int)           libraries\core.a(WString.cpp.o)
String::endsWith(String const&) const             libraries\core.a(WString.cpp.o)
String::equals(String const&) const               libraries\core.a(WString.cpp.o)
String::equals(char const*) const                 libraries\core.a(WString.cpp.o)
String::equalsIgnoreCase(String const&) const     libraries\core.a(WString.cpp.o)
String::getBytes(unsigned char*, unsigned int, unsigned int) const libraries\core.a(WString.cpp.o)
String::indexOf(String const&) const              libraries\core.a(WString.cpp.o)
String::indexOf(String const&, unsigned int) const libraries\core.a(WString.cpp.o)
String::indexOf(char) const                       libraries\core.a(WString.cpp.o)
String::indexOf(char, unsigned int) const         libraries\core.a(WString.cpp.o)
String::invalidate()                              libraries\core.a(WString.cpp.o)
String::lastIndexOf(String const&) const          libraries\core.a(WString.cpp.o)
String::lastIndexOf(String const&, unsigned int) const libraries\core.a(WString.cpp.o)
String::lastIndexOf(char) const                   libraries\core.a(WString.cpp.o)
String::lastIndexOf(char, unsigned int) const     libraries\core.a(WString.cpp.o)
String::operator<(String const&) const            libraries\core.a(WString.cpp.o)
String::operator<=(String const&) const           libraries\core.a(WString.cpp.o)
String::operator=(String const&)                  libraries\core.a(WString.cpp.o)
String::operator=(char const*)                    libraries\core.a(WString.cpp.o)
String::operator>(String const&) const            libraries\core.a(WString.cpp.o)
String::operator>=(String const&) const           libraries\core.a(WString.cpp.o)
String::operator[](unsigned int)                  libraries\core.a(WString.cpp.o)
String::operator[](unsigned int) const            libraries\core.a(WString.cpp.o)
                                                  libraries\core.a(Print.cpp.o)
String::replace(String const&, String const&)     libraries\core.a(WString.cpp.o)
String::replace(char, char)                       libraries\core.a(WString.cpp.o)
String::reserve(unsigned int)                     libraries\core.a(WString.cpp.o)
String::setCharAt(unsigned int, char)             libraries\core.a(WString.cpp.o)
String::startsWith(String const&) const           libraries\core.a(WString.cpp.o)
String::startsWith(String const&, unsigned int) const libraries\core.a(WString.cpp.o)
String::substring(unsigned int) const             libraries\core.a(WString.cpp.o)
String::substring(unsigned int, unsigned int) const libraries\core.a(WString.cpp.o)
String::toInt() const                             libraries\core.a(WString.cpp.o)
String::toLowerCase()                             libraries\core.a(WString.cpp.o)
String::toUpperCase()                             libraries\core.a(WString.cpp.o)
String::trim()                                    libraries\core.a(WString.cpp.o)
String::~String()                                 libraries\core.a(WString.cpp.o)
String::~String()                                 libraries\core.a(WString.cpp.o)
TwoWire::TwoWire()                                obj\Release\libraries\Wire.o
TwoWire::TwoWire()                                obj\Release\libraries\Wire.o
TwoWire::available()                              obj\Release\libraries\Wire.o
                                                  obj\Release\main.o
TwoWire::begin()                                  obj\Release\libraries\Wire.o
                                                  obj\Release\main.o
TwoWire::begin(int)                               obj\Release\libraries\Wire.o
TwoWire::begin(unsigned char)                     obj\Release\libraries\Wire.o
TwoWire::beginTransmission(int)                   obj\Release\libraries\Wire.o
                                                  obj\Release\main.o
TwoWire::beginTransmission(unsigned char)         obj\Release\libraries\Wire.o
TwoWire::endTransmission()                        obj\Release\libraries\Wire.o
                                                  obj\Release\main.o
TwoWire::endTransmission(unsigned char)           obj\Release\libraries\Wire.o
TwoWire::flush()                                  obj\Release\libraries\Wire.o
TwoWire::onReceive(void (*)(int))                 obj\Release\libraries\Wire.o
TwoWire::onReceiveService(unsigned char*, int)    obj\Release\libraries\Wire.o
TwoWire::onRequest(void (*)())                    obj\Release\libraries\Wire.o
TwoWire::onRequestService()                       obj\Release\libraries\Wire.o
TwoWire::peek()                                   obj\Release\libraries\Wire.o
TwoWire::read()                                   obj\Release\libraries\Wire.o
                                                  obj\Release\main.o
TwoWire::requestFrom(int, int)                    obj\Release\libraries\Wire.o
                                                  obj\Release\main.o
TwoWire::requestFrom(int, int, int)               obj\Release\libraries\Wire.o
TwoWire::requestFrom(unsigned char, unsigned char) obj\Release\libraries\Wire.o
TwoWire::requestFrom(unsigned char, unsigned char, unsigned char) obj\Release\libraries\Wire.o
TwoWire::rxBuffer                                 obj\Release\libraries\Wire.o
TwoWire::rxBufferIndex                            obj\Release\libraries\Wire.o
TwoWire::rxBufferLength                           obj\Release\libraries\Wire.o
TwoWire::transmitting                             obj\Release\libraries\Wire.o
TwoWire::txAddress                                obj\Release\libraries\Wire.o
TwoWire::txBuffer                                 obj\Release\libraries\Wire.o
TwoWire::txBufferIndex                            obj\Release\libraries\Wire.o
TwoWire::txBufferLength                           obj\Release\libraries\Wire.o
TwoWire::user_onReceive                           obj\Release\libraries\Wire.o
TwoWire::user_onRequest                           obj\Release\libraries\Wire.o
TwoWire::write(unsigned char const*, unsigned int) obj\Release\libraries\Wire.o
TwoWire::write(unsigned char)                     obj\Release\libraries\Wire.o
                                                  obj\Release\main.o
Wire                                              obj\Release\libraries\Wire.o
                                                  obj\Release\main.o
__addsf3                                          d:/arduino/arduino/hardware/tools/avr/bin/../lib/gcc/avr/4.3.2/avr6\libgcc.a(_addsub_sf.o)
                                                  libraries\core.a(Print.cpp.o)
__bad_interrupt                                   d:/arduino/arduino/hardware/tools/avr/bin/../lib/gcc/avr/4.3.2/../../../../avr/lib/avr6/crtm2560.o
__brkval                                          libraries\core.a(realloc.c.o)
                                                  libraries\core.a(malloc.c.o)
__bss_end                                         d:/arduino/arduino/hardware/tools/avr/bin/../lib/gcc/avr/4.3.2/avr6\libgcc.a(_clear_bss.o)
__bss_start                                       d:/arduino/arduino/hardware/tools/avr/bin/../lib/gcc/avr/4.3.2/avr6\libgcc.a(_clear_bss.o)
__clz_tab                                         d:/arduino/arduino/hardware/tools/avr/bin/../lib/gcc/avr/4.3.2/avr6\libgcc.a(_clz.o)