Archive member included because of file (symbol)

libraries\core.a(WInterrupts.c.o)
                              obj\Debug\main.o (attachInterrupt)
libraries\core.a(wiring.c.o)  obj\Debug\main.o (init)
libraries\core.a(wiring_analog.c.o)
                              obj\Debug\main.o (analogWrite)
libraries\core.a(wiring_digital.c.o)
                              obj\Debug\main.o (pinMode)
libraries\core.a(wiring_pulse.c.o)
                              obj\Debug\main.o (pulseIn)
libraries\core.a(HardwareSerial.cpp.o)
                              obj\Debug\main.o (Serial)
libraries\core.a(IPAddress.cpp.o)
                              obj\Debug\main.o (IPAddress::IPAddress(unsigned char, unsigned char, unsigned char, unsigned char))
libraries\core.a(Print.cpp.o)
                              obj\Debug\libraries\Wire.o (Print::write(unsigned char const*, unsigned int))
libraries\core.a(WString.cpp.o)
                              libraries\core.a(Print.cpp.o) (String::operator[](unsigned int) const)
libraries\core.a(malloc.c.o)  libraries\core.a(WString.cpp.o) (free)
libraries\core.a(realloc.c.o)
                              libraries\core.a(WString.cpp.o) (realloc)
d:/programme/winavr/bin/../lib/gcc/avr/4.3.3/avr6\libgcc.a(_mulsi3.o)
                              libraries\core.a(wiring_pulse.c.o) (__mulsi3)
d:/programme/winavr/bin/../lib/gcc/avr/4.3.3/avr6\libgcc.a(_udivmodhi4.o)
                              obj\Debug\main.o (__udivmodhi4)
d:/programme/winavr/bin/../lib/gcc/avr/4.3.3/avr6\libgcc.a(_udivmodsi4.o)
                              libraries\core.a(HardwareSerial.cpp.o) (__udivmodsi4)
d:/programme/winavr/bin/../lib/gcc/avr/4.3.3/avr6\libgcc.a(_exit.o)
                              d:/programme/winavr/bin/../lib/gcc/avr/4.3.3/../../../../avr/lib/avr6/crtm2560.o (exit)
d:/programme/winavr/bin/../lib/gcc/avr/4.3.3/avr6\libgcc.a(_clear_bss.o)
                              obj\Debug\libraries\twi.o (__do_clear_bss)
d:/programme/winavr/bin/../lib/gcc/avr/4.3.3/avr6\libgcc.a(_ctors.o)
                              obj\Debug\libraries\Wire.o (__do_global_ctors)
d:/programme/winavr/bin/../lib/gcc/avr/4.3.3/avr6\libgcc.a(_fixunssfsi.o)
                              libraries\core.a(Print.cpp.o) (__fixunssfsi)
d:/programme/winavr/bin/../lib/gcc/avr/4.3.3/avr6\libgcc.a(_addsub_sf.o)
                              libraries\core.a(Print.cpp.o) (__subsf3)
d:/programme/winavr/bin/../lib/gcc/avr/4.3.3/avr6\libgcc.a(_mul_sf.o)
                              obj\Debug\main.o (__mulsf3)
d:/programme/winavr/bin/../lib/gcc/avr/4.3.3/avr6\libgcc.a(_div_sf.o)
                              libraries\core.a(Print.cpp.o) (__divsf3)
d:/programme/winavr/bin/../lib/gcc/avr/4.3.3/avr6\libgcc.a(_gt_sf.o)
                              libraries\core.a(Print.cpp.o) (__gtsf2)
d:/programme/winavr/bin/../lib/gcc/avr/4.3.3/avr6\libgcc.a(_ge_sf.o)
                              d:/programme/winavr/bin/../lib/gcc/avr/4.3.3/avr6\libgcc.a(_fixunssfsi.o) (__gesf2)
d:/programme/winavr/bin/../lib/gcc/avr/4.3.3/avr6\libgcc.a(_lt_sf.o)
                              libraries\core.a(Print.cpp.o) (__ltsf2)
d:/programme/winavr/bin/../lib/gcc/avr/4.3.3/avr6\libgcc.a(_le_sf.o)
                              libraries\core.a(Print.cpp.o) (__lesf2)
d:/programme/winavr/bin/../lib/gcc/avr/4.3.3/avr6\libgcc.a(_unord_sf.o)
                              libraries\core.a(Print.cpp.o) (__unordsf2)
d:/programme/winavr/bin/../lib/gcc/avr/4.3.3/avr6\libgcc.a(_si_to_sf.o)
                              obj\Debug\main.o (__floatsisf)
d:/programme/winavr/bin/../lib/gcc/avr/4.3.3/avr6\libgcc.a(_sf_to_si.o)
                              obj\Debug\main.o (__fixsfsi)
d:/programme/winavr/bin/../lib/gcc/avr/4.3.3/avr6\libgcc.a(_thenan_sf.o)
                              d:/programme/winavr/bin/../lib/gcc/avr/4.3.3/avr6\libgcc.a(_addsub_sf.o) (__thenan_sf)
d:/programme/winavr/bin/../lib/gcc/avr/4.3.3/avr6\libgcc.a(_usi_to_sf.o)
                              libraries\core.a(Print.cpp.o) (__floatunsisf)
d:/programme/winavr/bin/../lib/gcc/avr/4.3.3/avr6\libgcc.a(_prologue.o)
                              d:/programme/winavr/bin/../lib/gcc/avr/4.3.3/avr6\libgcc.a(_addsub_sf.o) (__prologue_saves__)
d:/programme/winavr/bin/../lib/gcc/avr/4.3.3/avr6\libgcc.a(_epilogue.o)
                              d:/programme/winavr/bin/../lib/gcc/avr/4.3.3/avr6\libgcc.a(_addsub_sf.o) (__epilogue_restores__)
d:/programme/winavr/bin/../lib/gcc/avr/4.3.3/avr6\libgcc.a(_tablejump.o)
                              d:/programme/winavr/bin/../lib/gcc/avr/4.3.3/avr6\libgcc.a(_ctors.o) (__tablejump__)
d:/programme/winavr/bin/../lib/gcc/avr/4.3.3/avr6\libgcc.a(_clzsi2.o)
                              d:/programme/winavr/bin/../lib/gcc/avr/4.3.3/avr6\libgcc.a(_si_to_sf.o) (__clzsi2)
d:/programme/winavr/bin/../lib/gcc/avr/4.3.3/avr6\libgcc.a(_pack_sf.o)
                              d:/programme/winavr/bin/../lib/gcc/avr/4.3.3/avr6\libgcc.a(_addsub_sf.o) (__pack_f)
[...]
Memory Configuration

Name             Origin             Length             Attributes
text             0x00000000         0x00100000         xr
data             0x00800200         0x0000fe00         rw !x
eeprom           0x00810000         0x00010000         rw !x
fuse             0x00820000         0x00000400         rw !x
lock             0x00830000         0x00000400         rw !x
signature        0x00840000         0x00000400         rw !x
*default*        0x00000000         0xffffffff

Linker script and memory map

Address of section .data set to 0x800200
LOAD d:/programme/winavr/bin/../lib/gcc/avr/4.3.3/../../../../avr/lib/avr6/crtm2560.o
LOAD obj\Debug\fuse.o
LOAD obj\Debug\libraries\twi.o
LOAD obj\Debug\libraries\Wire.o
LOAD obj\Debug\main.o
LOAD libraries\core.a
LOAD d:/programme/winavr/bin/../lib/gcc/avr/4.3.3/avr6\libgcc.a
LOAD d:/programme/winavr/bin/../lib/gcc/avr/4.3.3/../../../../avr/lib/avr6\libm.a
LOAD d:/programme/winavr/bin/../lib/gcc/avr/4.3.3/avr6\libgcc.a
LOAD d:/programme/winavr/bin/../lib/gcc/avr/4.3.3/../../../../avr/lib/avr6\libc.a
LOAD d:/programme/winavr/bin/../lib/gcc/avr/4.3.3/avr6\libgcc.a

.hash
 *(.hash)

.dynsym
 *(.dynsym)

.dynstr
 *(.dynstr)

.gnu.version
 *(.gnu.version)

.gnu.version_d
 *(.gnu.version_d)

.gnu.version_r
 *(.gnu.version_r)

.rel.init
 *(.rel.init)

.rela.init
 *(.rela.init)

.rel.text
 *(.rel.text)
 *(.rel.text.*)
 *(.rel.gnu.linkonce.t*)

.rela.text
 *(.rela.text)
 *(.rela.text.*)
 *(.rela.gnu.linkonce.t*)

.rel.fini
 *(.rel.fini)

.rela.fini
 *(.rela.fini)

.rel.rodata
 *(.rel.rodata)
 *(.rel.rodata.*)
 *(.rel.gnu.linkonce.r*)

.rela.rodata
 *(.rela.rodata)
 *(.rela.rodata.*)
 *(.rela.gnu.linkonce.r*)

.rel.data
 *(.rel.data)
 *(.rel.data.*)
 *(.rel.gnu.linkonce.d*)

.rela.data
 *(.rela.data)
 *(.rela.data.*)
 *(.rela.gnu.linkonce.d*)

.rel.ctors
 *(.rel.ctors)

.rela.ctors
 *(.rela.ctors)

.rel.dtors
 *(.rel.dtors)

.rela.dtors
 *(.rela.dtors)

.rel.got
 *(.rel.got)

.rela.got
 *(.rela.got)

.rel.bss
 *(.rel.bss)

.rela.bss
 *(.rela.bss)

.rel.plt
 *(.rel.plt)

.rela.plt
 *(.rela.plt)

.text           0x00000000     0x7062
 *(.vectors)
 .vectors       0x00000000       0xe4 d:/programme/winavr/bin/../lib/gcc/avr/4.3.3/../../../../avr/lib/avr6/crtm2560.o
                0x00000000                __vectors
                0x00000000                __vector_default
 *(.vectors)
 *(.progmem.gcc*)
 *(.progmem*)
 .progmem.data  0x000000e4      0x120 libraries\core.a(wiring_digital.c.o)
                0x000000e4                port_to_mode_PGM
                0x00000132                digital_pin_to_port_PGM
                0x00000178                digital_pin_to_bit_mask_PGM
                0x000000fe                port_to_output_PGM
                0x00000118                port_to_input_PGM
                0x000001be                digital_pin_to_timer_PGM
                0x00000204                . = ALIGN (0x2)
                0x00000204                __trampolines_start = .
 *(.trampolines)
 .trampolines   0x00000204        0x0 linker stubs
 *(.trampolines*)
                0x00000204                __trampolines_end = .
 *(.jumptables)
 *(.jumptables*)
 *(.lowtext)
 *(.lowtext*)
                0x00000204                __ctors_start = .
 *(.ctors)
 .ctors         0x00000204        0x2 obj\Debug\libraries\Wire.o
 .ctors         0x00000206        0x2 obj\Debug\main.o
 .ctors         0x00000208        0x2 libraries\core.a(HardwareSerial.cpp.o)
 .ctors         0x0000020a        0x2 libraries\core.a(IPAddress.cpp.o)
                0x0000020c                __ctors_end = .
                0x0000020c                __dtors_start = .
 *(.dtors)
                0x0000020c                __dtors_end = .
 SORT(*)(.ctors)
 SORT(*)(.dtors)
 *(.init0)
 .init0         0x0000020c        0x0 d:/programme/winavr/bin/../lib/gcc/avr/4.3.3/../../../../avr/lib/avr6/crtm2560.o
                0x0000020c                __init
 *(.init0)
 *(.init1)
 *(.init1)
 *(.init2)
 .init2         0x0000020c       0x10 d:/programme/winavr/bin/../lib/gcc/avr/4.3.3/../../../../avr/lib/avr6/crtm2560.o
 *(.init2)
 *(.init3)
 *(.init3)
 *(.init4)
 .init4         0x0000021c       0x1a d:/programme/winavr/bin/../lib/gcc/avr/4.3.3/../../../../avr/lib/avr6/crtm2560.o
                0x0000021c                __do_copy_data
 .init4         0x00000236       0x10 d:/programme/winavr/bin/../lib/gcc/avr/4.3.3/avr6\libgcc.a(_clear_bss.o)
                0x00000236                __do_clear_bss
 *(.init4)
 *(.init5)
 *(.init5)
 *(.init6)
 .init6         0x00000246       0x16 d:/programme/winavr/bin/../lib/gcc/avr/4.3.3/avr6\libgcc.a(_ctors.o)
                0x00000246                __do_global_ctors
 *(.init6)
 *(.init7)
 *(.init7)
 *(.init8)
 *(.init8)
 *(.init9)
 .init9         0x0000025c        0x8 d:/programme/winavr/bin/../lib/gcc/avr/4.3.3/../../../../avr/lib/avr6/crtm2560.o
 *(.init9)
 *(.text)
 .text          0x00000264        0x4 d:/programme/winavr/bin/../lib/gcc/avr/4.3.3/../../../../avr/lib/avr6/crtm2560.o
                0x00000264                __vector_38
                0x00000264                __vector_22
                0x00000264                __vector_28
                0x00000264                __vector_32
                0x00000264                __vector_34
                0x00000264                __vector_24
                0x00000264                __vector_12
                0x00000264                __vector_46
                0x00000264                __bad_interrupt
                0x00000264                __vector_31
                0x00000264                __vector_35
                0x00000264                __vector_30
                0x00000264                __vector_45
                0x00000264                __vector_11
                0x00000264                __vector_13
                0x00000264                __vector_17
                0x00000264                __vector_19
                0x00000264                __vector_56
                0x00000264                __vector_49
                0x00000264                __vector_41
                0x00000264                __vector_43
                0x00000264                __vector_27
                0x00000264                __vector_33
                0x00000264                __vector_47
                0x00000264                __vector_44
                0x00000264                __vector_9
                0x00000264                __vector_21
                0x00000264                __vector_15
                0x00000264                __vector_29
                0x00000264                __vector_40
                0x00000264                __vector_48
                0x00000264                __vector_14
                0x00000264                __vector_53
                0x00000264                __vector_10
                0x00000264                __vector_50
                0x00000264                __vector_16
                0x00000264                __vector_18
                0x00000264                __vector_20
                0x00000264                __vector_42
 .text          0x00000268        0x0 obj\Debug\fuse.o
 .text          0x00000268      0x7de obj\Debug\libraries\twi.o
                0x000004ec                twi_transmit
                0x0000060a                twi_releaseBus
                0x00000566                twi_attachSlaveRxEvent
                0x00000268                twi_init
                0x00000624                __vector_39
                0x000003d6                twi_writeTo
                0x0000058c                twi_attachSlaveTxEvent
                0x000002e2                twi_readFrom
                0x000005b2                twi_reply
                0x000005de                twi_stop
                0x000002c4                twi_setAddress
 .text          0x00000a46      0x6dc obj\Debug\libraries\Wire.o
                0x0000105c                TwoWire::requestFrom(unsigned char, unsigned char)
                0x00000b40                TwoWire::beginTransmission(unsigned char)
                0x00000ae4                TwoWire::TwoWire()
                0x00000b12                TwoWire::TwoWire()
                0x00000f16                TwoWire::endTransmission(unsigned char)
                0x00000bd0                TwoWire::read()
                0x000010f4                TwoWire::begin(int)
                0x00000a46                Print::setWriteError(int)
                0x00000b9e                TwoWire::available()
                0x00000f86                TwoWire::requestFrom(unsigned char, unsigned char, unsigned char)
                0x00000d7a                TwoWire::onRequest(void (*)())
                0x000010ba                TwoWire::begin(unsigned char)
                0x00000c90                TwoWire::onReceiveService(unsigned char*, int)
                0x00000f62                TwoWire::endTransmission()
                0x00000d4c                TwoWire::onReceive(void (*)(int))
                0x00001020                TwoWire::requestFrom(int, int)
                0x00000b70                TwoWire::beginTransmission(int)
                0x00000a74                Print::Print()
                0x00000d20                TwoWire::onRequestService()
                0x00000e94                TwoWire::write(unsigned char)
                0x00000c28                TwoWire::peek()
                0x00000c76                TwoWire::flush()
                0x00000e02                TwoWire::write(unsigned char const*, unsigned int)
                0x0000108c                TwoWire::begin()
                0x00000aa2                Stream::Stream()
                0x00000fd6                TwoWire::requestFrom(int, int, int)
 .text          0x00001122     0x1328 obj\Debug\main.o
                0x0000116c                rotateR()
                0x000015a8                rechts(int, bool)
                0x00002186                onTouch()
                0x00001552                links(int, bool)
                0x00001abe                followLine()
                0x00001130                TwoWire::write(int)
                0x000019b8                rotateMoto(int, int, int, int, bool)
                0x000020e8                ultraschall(unsigned char, unsigned char, bool*, unsigned char)
                0x00001122                __cxa_pure_virtual
                0x000018da                onTouchV2()
                0x000020be                main
                0x00001212                readFrom(int, int*)
                0x000014d4                anySensor()
                0x00001330                writeTo(int, unsigned char)
                0x00001378                setup
                0x0000118c                rotateL()
                0x0000146a                anyBlack()
                0x0000166e                turn(int, bool, int, bool)
                0x000015fe                onFwd(int, int, bool)
                0x00002406                serialWrite(int)
                0x000017b6                fahreCm(int, int, bool, int, bool)
 .text          0x0000244a        0x0 libraries\core.a(WInterrupts.c.o)
 .text          0x0000244a        0x0 libraries\core.a(wiring.c.o)
 .text          0x0000244a        0x0 libraries\core.a(wiring_analog.c.o)
 .text          0x0000244a        0x0 libraries\core.a(wiring_digital.c.o)
 .text          0x0000244a        0x0 libraries\core.a(wiring_pulse.c.o)
 .text          0x0000244a        0x0 libraries\core.a(HardwareSerial.cpp.o)
 .text          0x0000244a        0x0 libraries\core.a(IPAddress.cpp.o)
 .text          0x0000244a        0x0 libraries\core.a(Print.cpp.o)
 .text          0x0000244a        0x0 libraries\core.a(WString.cpp.o)
 .text          0x0000244a        0x0 libraries\core.a(malloc.c.o)
 .text          0x0000244a        0x0 libraries\core.a(realloc.c.o)
 .text          0x0000244a        0x0 d:/programme/winavr/bin/../lib/gcc/avr/4.3.3/avr6\libgcc.a(_mulsi3.o)
 .text          0x0000244a        0x0 d:/programme/winavr/bin/../lib/gcc/avr/4.3.3/avr6\libgcc.a(_udivmodhi4.o)
 .text          0x0000244a        0x0 d:/programme/winavr/bin/../lib/gcc/avr/4.3.3/avr6\libgcc.a(_udivmodsi4.o)
 .text          0x0000244a        0x0 d:/programme/winavr/bin/../lib/gcc/avr/4.3.3/avr6\libgcc.a(_exit.o)
 .text          0x0000244a        0x0 d:/programme/winavr/bin/../lib/gcc/avr/4.3.3/avr6\libgcc.a(_clear_bss.o)
 .text          0x0000244a        0x0 d:/programme/winavr/bin/../lib/gcc/avr/4.3.3/avr6\libgcc.a(_ctors.o)
 .text          0x0000244a       0x58 d:/programme/winavr/bin/../lib/gcc/avr/4.3.3/avr6\libgcc.a(_fixunssfsi.o)
                0x0000244a                __fixunssfsi
 .text          0x000024a2      0x354 d:/programme/winavr/bin/../lib/gcc/avr/4.3.3/avr6\libgcc.a(_addsub_sf.o)
                0x0000273a                __subsf3
                0x0000279c                __addsf3
 .text          0x000027f6      0x1f4 d:/programme/winavr/bin/../lib/gcc/avr/4.3.3/avr6\libgcc.a(_mul_sf.o)
                0x000027f6                __mulsf3
 .text          0x000029ea      0x158 d:/programme/winavr/bin/../lib/gcc/avr/4.3.3/avr6\libgcc.a(_div_sf.o)
                0x000029ea                __divsf3
 .text          0x00002b42       0x60 d:/programme/winavr/bin/../lib/gcc/avr/4.3.3/avr6\libgcc.a(_gt_sf.o)
                0x00002b42                __gtsf2
 .text          0x00002ba2       0x60 d:/programme/winavr/bin/../lib/gcc/avr/4.3.3/avr6\libgcc.a(_ge_sf.o)
                0x00002ba2                __gesf2
 .text          0x00002c02       0x60 d:/programme/winavr/bin/../lib/gcc/avr/4.3.3/avr6\libgcc.a(_lt_sf.o)
                0x00002c02                __ltsf2
 .text          0x00002c62       0x60 d:/programme/winavr/bin/../lib/gcc/avr/4.3.3/avr6\libgcc.a(_le_sf.o)
                0x00002c62                __lesf2
 .text          0x00002cc2       0x56 d:/programme/winavr/bin/../lib/gcc/avr/4.3.3/avr6\libgcc.a(_unord_sf.o)
                0x00002cc2                __unordsf2
 .text          0x00002d18       0xbc d:/programme/winavr/bin/../lib/gcc/avr/4.3.3/avr6\libgcc.a(_si_to_sf.o)
                0x00002d18                __floatsisf
 .text          0x00002dd4       0xa8 d:/programme/winavr/bin/../lib/gcc/avr/4.3.3/avr6\libgcc.a(_sf_to_si.o)
                0x00002dd4                __fixsfsi
 .text          0x00002e7c        0x0 d:/programme/winavr/bin/../lib/gcc/avr/4.3.3/avr6\libgcc.a(_thenan_sf.o)
 .text          0x00002e7c       0xf2 d:/programme/winavr/bin/../lib/gcc/avr/4.3.3/avr6\libgcc.a(_usi_to_sf.o)
                0x00002e7c                __floatunsisf
 .text          0x00002f6e        0x0 d:/programme/winavr/bin/../lib/gcc/avr/4.3.3/avr6\libgcc.a(_prologue.o)
 .text          0x00002f6e        0x0 d:/programme/winavr/bin/../lib/gcc/avr/4.3.3/avr6\libgcc.a(_epilogue.o)
 .text          0x00002f6e        0x0 d:/programme/winavr/bin/../lib/gcc/avr/4.3.3/avr6\libgcc.a(_tablejump.o)
 .text          0x00002f6e       0x9e d:/programme/winavr/bin/../lib/gcc/avr/4.3.3/avr6\libgcc.a(_clzsi2.o)
                0x00002f6e                __clzsi2
 .text          0x0000300c      0x1aa d:/programme/winavr/bin/../lib/gcc/avr/4.3.3/avr6\libgcc.a(_pack_sf.o)
                0x0000300c                __pack_f
 .text          0x000031b6       0xf0 d:/programme/winavr/bin/../lib/gcc/avr/4.3.3/avr6\libgcc.a(_unpack_sf.o)
                0x000031b6                __unpack_f
 .text          0x000032a6       0xb2 d:/programme/winavr/bin/../lib/gcc/avr/4.3.3/avr6\libgcc.a(_fpcmp_parts_sf.o)
                0x000032a6                __fpcmp_parts_f
 .text          0x00003358        0x0 d:/programme/winavr/bin/../lib/gcc/avr/4.3.3/avr6\libgcc.a(_clz.o)
 .text          0x00003358        0x0 d:/programme/winavr/bin/../lib/gcc/avr/4.3.3/../../../../avr/lib/avr6\libc.a(atol.o)
 .text          0x00003358        0x0 d:/programme/winavr/bin/../lib/gcc/avr/4.3.3/../../../../avr/lib/avr6\libc.a(isspace.o)
 .text          0x00003358        0x0 d:/programme/winavr/bin/../lib/gcc/avr/4.3.3/../../../../avr/lib/avr6\libc.a(tolower.o)
 .text          0x00003358        0x0 d:/programme/winavr/bin/../lib/gcc/avr/4.3.3/../../../../avr/lib/avr6\libc.a(toupper.o)
 .text          0x00003358        0x0 d:/programme/winavr/bin/../lib/gcc/avr/4.3.3/../../../../avr/lib/avr6\libc.a(memcmp.o)
 .text          0x00003358        0x0 d:/programme/winavr/bin/../lib/gcc/avr/4.3.3/../../../../avr/lib/avr6\libc.a(memcpy.o)
 .text          0x00003358        0x0 d:/programme/winavr/bin/../lib/gcc/avr/4.3.3/../../../../avr/lib/avr6\libc.a(memmove.o)
 .text          0x00003358        0x0 d:/programme/winavr/bin/../lib/gcc/avr/4.3.3/../../../../avr/lib/avr6\libc.a(strchr.o)
 .text          0x00003358        0x0 d:/programme/winavr/bin/../lib/gcc/avr/4.3.3/../../../../avr/lib/avr6\libc.a(strcmp.o)
 .text          0x00003358        0x0 d:/programme/winavr/bin/../lib/gcc/avr/4.3.3/../../../../avr/lib/avr6\libc.a(strcpy.o)
 .text          0x00003358        0x0 d:/programme/winavr/bin/../lib/gcc/avr/4.3.3/../../../../avr/lib/avr6\libc.a(strncmp.o)
 .text          0x00003358        0x0 d:/programme/winavr/bin/../lib/gcc/avr/4.3.3/../../../../avr/lib/avr6\libc.a(strncpy.o)
 .text          0x00003358        0x0 d:/programme/winavr/bin/../lib/gcc/avr/4.3.3/../../../../avr/lib/avr6\libc.a(strrchr.o)
 .text          0x00003358        0x0 d:/programme/winavr/bin/../lib/gcc/avr/4.3.3/../../../../avr/lib/avr6\libc.a(strstr.o)
 .text          0x00003358        0x0 d:/programme/winavr/bin/../lib/gcc/avr/4.3.3/../../../../avr/lib/avr6\libc.a(itoa.o)
 .text          0x00003358        0x0 d:/programme/winavr/bin/../lib/gcc/avr/4.3.3/../../../../avr/lib/avr6\libc.a(ltoa.o)
 .text          0x00003358        0x0 d:/programme/winavr/bin/../lib/gcc/avr/4.3.3/../../../../avr/lib/avr6\libc.a(mulsi10.o)
 .text          0x00003358        0x0 d:/programme/winavr/bin/../lib/gcc/avr/4.3.3/../../../../avr/lib/avr6\libc.a(ultoa.o)
 .text          0x00003358        0x0 d:/programme/winavr/bin/../lib/gcc/avr/4.3.3/../../../../avr/lib/avr6\libc.a(utoa.o)
 .text          0x00003358        0x0 d:/programme/winavr/bin/../lib/gcc/avr/4.3.3/../../../../avr/lib/avr6\libc.a(cty_isfalse.o)
 .text          0x00003358        0x0 d:/programme/winavr/bin/../lib/gcc/avr/4.3.3/../../../../avr/lib/avr6\libc.a(strrev.o)
                0x00003358                . = ALIGN (0x2)
 *(.text.*)
 .text.attachInterrupt
                0x00003358       0xf8 libraries\core.a(WInterrupts.c.o)
                0x00003358                attachInterrupt
 .text.detachInterrupt
                0x00003450       0x58 libraries\core.a(WInterrupts.c.o)
                0x00003450                detachInterrupt
 .text.__vector_1
                0x000034a8       0x62 libraries\core.a(WInterrupts.c.o)
                0x000034a8                __vector_1
 .text.__vector_2
                0x0000350a       0x62 libraries\core.a(WInterrupts.c.o)
                0x0000350a                __vector_2
 .text.__vector_3
                0x0000356c       0x62 libraries\core.a(WInterrupts.c.o)
                0x0000356c                __vector_3
 .text.__vector_4
                0x000035ce       0x62 libraries\core.a(WInterrupts.c.o)
                0x000035ce                __vector_4
 .text.__vector_5
                0x00003630       0x62 libraries\core.a(WInterrupts.c.o)
                0x00003630                __vector_5
 .text.__vector_6
                0x00003692       0x62 libraries\core.a(WInterrupts.c.o)
                0x00003692                __vector_6
 .text.__vector_7
                0x000036f4       0x62 libraries\core.a(WInterrupts.c.o)
                0x000036f4                __vector_7
 .text.__vector_8
                0x00003756       0x62 libraries\core.a(WInterrupts.c.o)
                0x00003756                __vector_8
 .text.__vector_23
                0x000037b8       0x90 libraries\core.a(wiring.c.o)
                0x000037b8                __vector_23
 .text.millis   0x00003848       0x1c libraries\core.a(wiring.c.o)
                0x00003848                millis
 .text.micros   0x00003864       0x4c libraries\core.a(wiring.c.o)
                0x00003864                micros
 .text.delay    0x000038b0       0xb2 libraries\core.a(wiring.c.o)
                0x000038b0                delay
 .text.delayMicroseconds
                0x00003962       0x14 libraries\core.a(wiring.c.o)
                0x00003962                delayMicroseconds
 .text.init     0x00003976       0xc4 libraries\core.a(wiring.c.o)
                0x00003976                init
 .text.analogReference
                0x00003a3a        0x6 libraries\core.a(wiring_analog.c.o)
                0x00003a3a                analogReference
 .text.analogRead
                0x00003a40       0x68 libraries\core.a(wiring_analog.c.o)
                0x00003a40                analogRead
 .text.analogWrite
                0x00003aa8      0x1c0 libraries\core.a(wiring_analog.c.o)
                0x00003aa8                analogWrite
 .text.pinMode  0x00003c68       0x7e libraries\core.a(wiring_digital.c.o)
                0x00003c68                pinMode
 .text.turnOffPWM
                0x00003ce6       0xe8 libraries\core.a(wiring_digital.c.o)
 .text.digitalWrite
                0x00003dce       0x66 libraries\core.a(wiring_digital.c.o)
                0x00003dce                digitalWrite
 .text.digitalRead
                0x00003e34       0x60 libraries\core.a(wiring_digital.c.o)
                0x00003e34                digitalRead
 .text.pulseIn  0x00003e94      0x138 libraries\core.a(wiring_pulse.c.o)
                0x00003e94                pulseIn
 .text._Z11serialEventv
                0x00003fcc        0x2 libraries\core.a(HardwareSerial.cpp.o)
                0x00003fcc                serialEvent()
 .text.__vector_25
                0x00003fce       0x7e libraries\core.a(HardwareSerial.cpp.o)
                0x00003fce                __vector_25
 .text._Z12serialEvent1v
                0x0000404c        0x2 libraries\core.a(HardwareSerial.cpp.o)
                0x0000404c                serialEvent1()
 .text.__vector_36
                0x0000404e       0x7e libraries\core.a(HardwareSerial.cpp.o)
                0x0000404e                __vector_36
 .text._Z12serialEvent2v
                0x000040cc        0x2 libraries\core.a(HardwareSerial.cpp.o)
                0x000040cc                serialEvent2()
 .text.__vector_51
                0x000040ce       0x7e libraries\core.a(HardwareSerial.cpp.o)
                0x000040ce                __vector_51
 .text._Z12serialEvent3v
                0x0000414c        0x2 libraries\core.a(HardwareSerial.cpp.o)
                0x0000414c                serialEvent3()
 .text.__vector_54
                0x0000414e       0x7e libraries\core.a(HardwareSerial.cpp.o)
                0x0000414e                __vector_54
 .text._Z14serialEventRunv
                0x000041cc       0x92 libraries\core.a(HardwareSerial.cpp.o)
                0x000041cc                serialEventRun()
 .text.__vector_26
                0x0000425e       0x7e libraries\core.a(HardwareSerial.cpp.o)
                0x0000425e                __vector_26
 .text.__vector_37
                0x000042dc       0x7e libraries\core.a(HardwareSerial.cpp.o)
                0x000042dc                __vector_37
 .text.__vector_52
                0x0000435a       0x7e libraries\core.a(HardwareSerial.cpp.o)
                0x0000435a                __vector_52
 .text.__vector_55
                0x000043d8       0x7e libraries\core.a(HardwareSerial.cpp.o)
                0x000043d8                __vector_55
 .text._ZN14HardwareSerialC2EP11ring_bufferS1_PVhS3_S3_S3_S3_S3_hhhhh
                0x00004456       0x88 libraries\core.a(HardwareSerial.cpp.o)
                0x00004456                HardwareSerial::HardwareSerial(ring_buffer*, ring_buffer*, unsigned char volatile*, unsigned char volatile*, unsigned char volatile*, unsigned char volatile*, unsigned char volatile*, unsigned char volatile*, unsigned char, unsigned char, unsigned char, unsigned char, unsigned char)
 .text._ZN14HardwareSerialC1EP11ring_bufferS1_PVhS3_S3_S3_S3_S3_hhhhh
                0x000044de       0x88 libraries\core.a(HardwareSerial.cpp.o)
                0x000044de                HardwareSerial::HardwareSerial(ring_buffer*, ring_buffer*, unsigned char volatile*, unsigned char volatile*, unsigned char volatile*, unsigned char volatile*, unsigned char volatile*, unsigned char volatile*, unsigned char, unsigned char, unsigned char, unsigned char, unsigned char)
 .text._ZN14HardwareSerial5beginEm
                0x00004566      0x10e libraries\core.a(HardwareSerial.cpp.o)
                0x00004566                HardwareSerial::begin(unsigned long)
 .text._ZN14HardwareSerial5beginEmh
                0x00004674      0x118 libraries\core.a(HardwareSerial.cpp.o)
                0x00004674                HardwareSerial::begin(unsigned long, unsigned char)
 .text._ZN14HardwareSerial3endEv
                0x0000478c       0xcc libraries\core.a(HardwareSerial.cpp.o)
                0x0000478c                HardwareSerial::end()
 .text._ZN14HardwareSerial9availableEv
                0x00004858       0x22 libraries\core.a(HardwareSerial.cpp.o)
                0x00004858                HardwareSerial::available()
 .text._ZN14HardwareSerial4peekEv
                0x0000487a       0x40 libraries\core.a(HardwareSerial.cpp.o)
                0x0000487a                HardwareSerial::peek()
 .text._ZN14HardwareSerial4readEv
                0x000048ba       0x52 libraries\core.a(HardwareSerial.cpp.o)
                0x000048ba                HardwareSerial::read()
 .text._ZN14HardwareSerial5flushEv
                0x0000490c       0x20 libraries\core.a(HardwareSerial.cpp.o)
                0x0000490c                HardwareSerial::flush()
 .text._ZN14HardwareSerial5writeEh
                0x0000492c       0x80 libraries\core.a(HardwareSerial.cpp.o)
                0x0000492c                HardwareSerial::write(unsigned char)
 .text._ZN14HardwareSerialcvbEv
                0x000049ac        0x4 libraries\core.a(HardwareSerial.cpp.o)
                0x000049ac                HardwareSerial::operator bool()
 .text._GLOBAL__I_rx_buffer
                0x000049b0      0x26c libraries\core.a(HardwareSerial.cpp.o)
 .text._ZN9IPAddressC2Ehhhh
                0x00004c1c       0x18 libraries\core.a(IPAddress.cpp.o)
                0x00004c1c                IPAddress::IPAddress(unsigned char, unsigned char, unsigned char, unsigned char)
 .text._ZN9IPAddressC1Ehhhh
                0x00004c34       0x18 libraries\core.a(IPAddress.cpp.o)
                0x00004c34                IPAddress::IPAddress(unsigned char, unsigned char, unsigned char, unsigned char)
 .text._GLOBAL__I__ZN9IPAddressC2Ev
                0x00004c4c       0x1e libraries\core.a(IPAddress.cpp.o)
 .text._ZNK9IPAddress7printToER5Print
                0x00004c6a       0x84 libraries\core.a(IPAddress.cpp.o)
                0x00004c6a                IPAddress::printTo(Print&) const
 .text._ZN9IPAddresseqEPKh
                0x00004cee       0x1e libraries\core.a(IPAddress.cpp.o)
                0x00004cee                IPAddress::operator==(unsigned char const*)
 .text._ZN9IPAddressaSEm
                0x00004d0c       0x24 libraries\core.a(IPAddress.cpp.o)
                0x00004d0c                IPAddress::operator=(unsigned long)
 .text._ZN9IPAddressaSEPKh
                0x00004d30       0x1a libraries\core.a(IPAddress.cpp.o)
                0x00004d30                IPAddress::operator=(unsigned char const*)
 .text._ZN9IPAddressC1EPKh
                0x00004d4a       0x22 libraries\core.a(IPAddress.cpp.o)
                0x00004d4a                IPAddress::IPAddress(unsigned char const*)
 .text._ZN9IPAddressC2EPKh
                0x00004d6c       0x22 libraries\core.a(IPAddress.cpp.o)
                0x00004d6c                IPAddress::IPAddress(unsigned char const*)
 .text._ZN9IPAddressC1Em
                0x00004d8e       0x2c libraries\core.a(IPAddress.cpp.o)
                0x00004d8e                IPAddress::IPAddress(unsigned long)
 .text._ZN9IPAddressC2Em
                0x00004dba       0x2c libraries\core.a(IPAddress.cpp.o)
                0x00004dba                IPAddress::IPAddress(unsigned long)
 .text._ZN9IPAddressC1Ev
                0x00004de6       0x14 libraries\core.a(IPAddress.cpp.o)
                0x00004de6                IPAddress::IPAddress()
 .text._ZN9IPAddressC2Ev
                0x00004dfa       0x14 libraries\core.a(IPAddress.cpp.o)
                0x00004dfa                IPAddress::IPAddress()
 .text._ZN5Print5writeEPKhj
                0x00004e0e       0x54 libraries\core.a(Print.cpp.o)
                0x00004e0e                Print::write(unsigned char const*, unsigned int)
 .text._ZN5Print5printEPK19__FlashStringHelper
                0x00004e62       0x46 libraries\core.a(Print.cpp.o)
                0x00004e62                Print::print(__FlashStringHelper const*)
 .text._ZN5Print5printEc
                0x00004ea8       0x10 libraries\core.a(Print.cpp.o)
                0x00004ea8                Print::print(char)
 .text._ZN5Print5printERK9Printable
                0x00004eb8       0x16 libraries\core.a(Print.cpp.o)
                0x00004eb8                Print::print(Printable const&)
 .text._ZN5Print7printlnEv
                0x00004ece       0x40 libraries\core.a(Print.cpp.o)
                0x00004ece                Print::println()
 .text._ZN5Print7printlnEPK19__FlashStringHelper
                0x00004f0e       0x28 libraries\core.a(Print.cpp.o)
                0x00004f0e                Print::println(__FlashStringHelper const*)
 .text._ZN5Print7printlnEc
                0x00004f36       0x30 libraries\core.a(Print.cpp.o)
                0x00004f36                Print::println(char)
 .text._ZN5Print7printlnERK9Printable
                0x00004f66       0x34 libraries\core.a(Print.cpp.o)
                0x00004f66                Print::println(Printable const&)
 .text._ZN5Print5writeEPKc
                0x00004f9a       0x38 libraries\core.a(Print.cpp.o)
                0x00004f9a                Print::write(char const*)
 .text._ZN5Print11printNumberEmh
                0x00004fd2       0xc8 libraries\core.a(Print.cpp.o)
                0x00004fd2                Print::printNumber(unsigned long, unsigned char)
 .text._ZN5Print5printEmi
                0x0000509a       0x1e libraries\core.a(Print.cpp.o)
                0x0000509a                Print::print(unsigned long, int)
 .text._ZN5Print7printlnEmi
                0x000050b8       0x28 libraries\core.a(Print.cpp.o)
                0x000050b8                Print::println(unsigned long, int)
 .text._ZN5Print5printEji
                0x000050e0       0x22 libraries\core.a(Print.cpp.o)
                0x000050e0                Print::print(unsigned int, int)
 .text._ZN5Print7printlnEji
                0x00005102       0x3a libraries\core.a(Print.cpp.o)
                0x00005102                Print::println(unsigned int, int)
 .text._ZN5Print5printEhi
                0x0000513c       0x24 libraries\core.a(Print.cpp.o)
                0x0000513c                Print::print(unsigned char, int)
 .text._ZN5Print7printlnEhi
                0x00005160       0x3c libraries\core.a(Print.cpp.o)
                0x00005160                Print::println(unsigned char, int)
 .text._ZN5Print5printEli
                0x0000519c       0x80 libraries\core.a(Print.cpp.o)
                0x0000519c                Print::print(long, int)
 .text._ZN5Print7printlnEli
                0x0000521c       0x28 libraries\core.a(Print.cpp.o)
                0x0000521c                Print::println(long, int)
 .text._ZN5Print5printEii
                0x00005244       0x26 libraries\core.a(Print.cpp.o)
                0x00005244                Print::print(int, int)
 .text._ZN5Print7printlnEii
                0x0000526a       0x3e libraries\core.a(Print.cpp.o)
                0x0000526a                Print::println(int, int)
 .text._ZN5Print5printEPKc
                0x000052a8        0x6 libraries\core.a(Print.cpp.o)
                0x000052a8                Print::print(char const*)
 .text._ZN5Print10printFloatEdh
                0x000052ae      0x1c8 libraries\core.a(Print.cpp.o)
                0x000052ae                Print::printFloat(double, unsigned char)
 .text._ZN5Print5printEdi
                0x00005476        0x6 libraries\core.a(Print.cpp.o)
                0x00005476                Print::print(double, int)
 .text._ZN5Print7printlnEdi
                0x0000547c       0x26 libraries\core.a(Print.cpp.o)
                0x0000547c                Print::println(double, int)
 .text._ZN5Print7printlnEPKc
                0x000054a2       0x26 libraries\core.a(Print.cpp.o)
                0x000054a2                Print::println(char const*)
 .text._ZN5Print5printERK6String
                0x000054c8       0x66 libraries\core.a(Print.cpp.o)
                0x000054c8                Print::print(String const&)
 .text._ZN5Print7printlnERK6String
                0x0000552e       0x28 libraries\core.a(Print.cpp.o)
                0x0000552e                Print::println(String const&)
 .text._ZNK6String6charAtEj
                0x00005556       0x22 libraries\core.a(WString.cpp.o)
                0x00005556                String::charAt(unsigned int) const
 .text._ZN6String9setCharAtEjc
                0x00005578       0x1a libraries\core.a(WString.cpp.o)
                0x00005578                String::setCharAt(unsigned int, char)
 .text._ZN6StringixEj
                0x00005592       0x2a libraries\core.a(WString.cpp.o)
                0x00005592                String::operator[](unsigned int)
 .text._ZNK6StringixEj
                0x000055bc       0x22 libraries\core.a(WString.cpp.o)
                0x000055bc                String::operator[](unsigned int) const
 .text._ZN6String7replaceEcc
                0x000055de       0x1e libraries\core.a(WString.cpp.o)
                0x000055de                String::replace(char, char)
 .text._ZNK6String5toIntEv
                0x000055fc       0x22 libraries\core.a(WString.cpp.o)
                0x000055fc                String::toInt() const
 .text._ZN6String4trimEv
                0x0000561e       0xb6 libraries\core.a(WString.cpp.o)
                0x0000561e                String::trim()
 .text._ZN6String11toUpperCaseEv
                0x000056d4       0x28 libraries\core.a(WString.cpp.o)
                0x000056d4                String::toUpperCase()
 .text._ZN6String11toLowerCaseEv
                0x000056fc       0x28 libraries\core.a(WString.cpp.o)
                0x000056fc                String::toLowerCase()
 .text._ZNK6String16equalsIgnoreCaseERKS_
                0x00005724       0x78 libraries\core.a(WString.cpp.o)
                0x00005724                String::equalsIgnoreCase(String const&) const
 .text._ZNK6String11lastIndexOfERKS_j
                0x0000579c       0x9c libraries\core.a(WString.cpp.o)
                0x0000579c                String::lastIndexOf(String const&, unsigned int) const
 .text._ZNK6String11lastIndexOfERKS_
                0x00005838       0x1c libraries\core.a(WString.cpp.o)
                0x00005838                String::lastIndexOf(String const&) const
 .text._ZNK6String7indexOfERKS_j
                0x00005854       0x3c libraries\core.a(WString.cpp.o)
                0x00005854                String::indexOf(String const&, unsigned int) const
 .text._ZNK6String7indexOfERKS_
                0x00005890        0xa libraries\core.a(WString.cpp.o)
                0x00005890                String::indexOf(String const&) const
 .text._ZNK6String11lastIndexOfEcj
                0x0000589a       0x6e libraries\core.a(WString.cpp.o)
                0x0000589a                String::lastIndexOf(char, unsigned int) const
 .text._ZNK6String11lastIndexOfEc
                0x00005908       0x10 libraries\core.a(WString.cpp.o)
                0x00005908                String::lastIndexOf(char) const
 .text._ZNK6String7indexOfEcj
                0x00005918       0x3c libraries\core.a(WString.cpp.o)
                0x00005918                String::indexOf(char, unsigned int) const
 .text._ZNK6String7indexOfEc
                0x00005954        0xa libraries\core.a(WString.cpp.o)
                0x00005954                String::indexOf(char) const
 .text._ZNK6String8getBytesEPhjj
                0x0000595e       0x5a libraries\core.a(WString.cpp.o)
                0x0000595e                String::getBytes(unsigned char*, unsigned int, unsigned int) const
 .text._ZNK6String8endsWithERKS_
                0x000059b8       0x44 libraries\core.a(WString.cpp.o)
                0x000059b8                String::endsWith(String const&) const
 .text._ZNK6String6equalsEPKc
                0x000059fc       0x46 libraries\core.a(WString.cpp.o)
                0x000059fc                String::equals(char const*) const
 .text._ZNK6String9compareToERKS_
                0x00005a42       0x66 libraries\core.a(WString.cpp.o)
                0x00005a42                String::compareTo(String const&) const
 .text._ZNK6StringgeERKS_
                0x00005aa8       0x10 libraries\core.a(WString.cpp.o)
                0x00005aa8                String::operator>=(String const&) const
 .text._ZNK6StringleERKS_
                0x00005ab8       0x12 libraries\core.a(WString.cpp.o)
                0x00005ab8                String::operator<=(String const&) const
 .text._ZNK6StringgtERKS_
                0x00005aca       0x12 libraries\core.a(WString.cpp.o)
                0x00005aca                String::operator>(String const&) const
 .text._ZNK6StringltERKS_
                0x00005adc        0xe libraries\core.a(WString.cpp.o)
                0x00005adc                String::operator<(String const&) const
 .text._ZNK6String6equalsERKS_
                0x00005aea       0x2c libraries\core.a(WString.cpp.o)
                0x00005aea                String::equals(String const&) const
 .text._ZNK6String10startsWithERKS_j
                0x00005b16       0x46 libraries\core.a(WString.cpp.o)
                0x00005b16                String::startsWith(String const&, unsigned int) const
 .text._ZNK6String10startsWithERKS_
                0x00005b5c       0x26 libraries\core.a(WString.cpp.o)
                0x00005b5c                String::startsWith(String const&) const
 .text._ZN6String12changeBufferEj
                0x00005b82       0x34 libraries\core.a(WString.cpp.o)
                0x00005b82                String::changeBuffer(unsigned int)
 .text._ZN6String7replaceERKS_S1_
                0x00005bb6      0x20a libraries\core.a(WString.cpp.o)
                0x00005bb6                String::replace(String const&, String const&)
 .text._ZN6String7reserveEj
                0x00005dc0       0x38 libraries\core.a(WString.cpp.o)
                0x00005dc0                String::reserve(unsigned int)
 .text._ZN6String6concatEPKcj
                0x00005df8       0x5a libraries\core.a(WString.cpp.o)
                0x00005df8                String::concat(char const*, unsigned int)
 .text._ZN6String6concatEm
                0x00005e52       0x64 libraries\core.a(WString.cpp.o)
                0x00005e52                String::concat(unsigned long)
 .text._ZN6String6concatEl
                0x00005eb6       0x64 libraries\core.a(WString.cpp.o)
                0x00005eb6                String::concat(long)
 .text._ZN6String6concatEj
                0x00005f1a       0x5a libraries\core.a(WString.cpp.o)
                0x00005f1a                String::concat(unsigned int)
 .text._ZN6String6concatEi
                0x00005f74       0x62 libraries\core.a(WString.cpp.o)
                0x00005f74                String::concat(int)
 .text._ZN6String6concatEh
                0x00005fd6       0x58 libraries\core.a(WString.cpp.o)
                0x00005fd6                String::concat(unsigned char)
 .text._ZN6String6concatEc
                0x0000602e       0x28 libraries\core.a(WString.cpp.o)
                0x0000602e                String::concat(char)
 .text._ZN6String6concatEPKc
                0x00006056       0x20 libraries\core.a(WString.cpp.o)
                0x00006056                String::concat(char const*)
 .text._ZN6String6concatERKS_
                0x00006076       0x10 libraries\core.a(WString.cpp.o)
                0x00006076                String::concat(String const&)
 .text._ZN6String10invalidateEv
                0x00006086       0x24 libraries\core.a(WString.cpp.o)
                0x00006086                String::invalidate()
 .text._ZplRK15StringSumHelperm
                0x000060aa       0x22 libraries\core.a(WString.cpp.o)
                0x000060aa                operator+(StringSumHelper const&, unsigned long)
 .text._ZplRK15StringSumHelperl
                0x000060cc       0x22 libraries\core.a(WString.cpp.o)
                0x000060cc                operator+(StringSumHelper const&, long)
 .text._ZplRK15StringSumHelperj
                0x000060ee       0x22 libraries\core.a(WString.cpp.o)
                0x000060ee                operator+(StringSumHelper const&, unsigned int)
 .text._ZplRK15StringSumHelperi
                0x00006110       0x22 libraries\core.a(WString.cpp.o)
                0x00006110                operator+(StringSumHelper const&, int)
 .text._ZplRK15StringSumHelperh
                0x00006132       0x22 libraries\core.a(WString.cpp.o)
                0x00006132                operator+(StringSumHelper const&, unsigned char)
 .text._ZplRK15StringSumHelperc
                0x00006154       0x22 libraries\core.a(WString.cpp.o)
                0x00006154                operator+(StringSumHelper const&, char)
 .text._ZplRK15StringSumHelperPKc
                0x00006176       0x38 libraries\core.a(WString.cpp.o)
                0x00006176                operator+(StringSumHelper const&, char const*)
 .text._ZplRK15StringSumHelperRK6String
                0x000061ae       0x2c libraries\core.a(WString.cpp.o)
                0x000061ae                operator+(StringSumHelper const&, String const&)
 .text._ZN6String4copyEPKcj
                0x000061da       0x42 libraries\core.a(WString.cpp.o)
                0x000061da                String::copy(char const*, unsigned int)
 .text._ZN6StringC1EPKc
                0x0000621c       0x34 libraries\core.a(WString.cpp.o)
                0x0000621c                String::String(char const*)
 .text._ZN6StringC2EPKc
                0x00006250       0x34 libraries\core.a(WString.cpp.o)
                0x00006250                String::String(char const*)
 .text._ZN6StringaSEPKc
                0x00006284       0x32 libraries\core.a(WString.cpp.o)
                0x00006284                String::operator=(char const*)
 .text._ZN6StringC1Emh
                0x000062b6       0x64 libraries\core.a(WString.cpp.o)
                0x000062b6                String::String(unsigned long, unsigned char)
 .text._ZN6StringC2Emh
                0x0000631a       0x64 libraries\core.a(WString.cpp.o)
                0x0000631a                String::String(unsigned long, unsigned char)
 .text._ZN6StringC1Elh
                0x0000637e       0x64 libraries\core.a(WString.cpp.o)
                0x0000637e                String::String(long, unsigned char)
 .text._ZN6StringC2Elh
                0x000063e2       0x64 libraries\core.a(WString.cpp.o)
                0x000063e2                String::String(long, unsigned char)
 .text._ZN6StringC1Ejh
                0x00006446       0x62 libraries\core.a(WString.cpp.o)
                0x00006446                String::String(unsigned int, unsigned char)
 .text._ZN6StringC2Ejh
                0x000064a8       0x62 libraries\core.a(WString.cpp.o)
                0x000064a8                String::String(unsigned int, unsigned char)
 .text._ZN6StringC1Eih
                0x0000650a       0x62 libraries\core.a(WString.cpp.o)
                0x0000650a                String::String(int, unsigned char)
 .text._ZN6StringC2Eih
                0x0000656c       0x62 libraries\core.a(WString.cpp.o)
                0x0000656c                String::String(int, unsigned char)
 .text._ZN6StringC1Ehh
                0x000065ce       0x64 libraries\core.a(WString.cpp.o)
                0x000065ce                String::String(unsigned char, unsigned char)
 .text._ZN6StringC2Ehh
                0x00006632       0x64 libraries\core.a(WString.cpp.o)
                0x00006632                String::String(unsigned char, unsigned char)
 .text._ZN6StringC1Ec
                0x00006696       0x34 libraries\core.a(WString.cpp.o)
                0x00006696                String::String(char)
 .text._ZN6StringC2Ec
                0x000066ca       0x34 libraries\core.a(WString.cpp.o)
                0x000066ca                String::String(char)
 .text._ZNK6String9substringEjj
                0x000066fe       0x8e libraries\core.a(WString.cpp.o)
                0x000066fe                String::substring(unsigned int, unsigned int) const
 .text._ZNK6String9substringEj
                0x0000678c       0x18 libraries\core.a(WString.cpp.o)
                0x0000678c                String::substring(unsigned int) const
 .text._ZN6StringaSERKS_
                0x000067a4       0x2e libraries\core.a(WString.cpp.o)
                0x000067a4                String::operator=(String const&)
 .text._ZN6StringC1ERKS_
                0x000067d2       0x16 libraries\core.a(WString.cpp.o)
                0x000067d2                String::String(String const&)
 .text._ZN6StringC2ERKS_
                0x000067e8       0x16 libraries\core.a(WString.cpp.o)
                0x000067e8                String::String(String const&)
 .text._ZN6StringD1Ev
                0x000067fe        0xc libraries\core.a(WString.cpp.o)
                0x000067fe                String::~String()
 .text._ZN6StringD2Ev
                0x0000680a        0xc libraries\core.a(WString.cpp.o)
                0x0000680a                String::~String()
 .text.avr-libc
                0x00006816      0x26a libraries\core.a(malloc.c.o)
                0x00006816                malloc
                0x00006950                free
 .text.avr-libc
                0x00006a80      0x1c2 libraries\core.a(realloc.c.o)
                0x00006a80                realloc
 .text.libgcc   0x00006c42       0x3e d:/programme/winavr/bin/../lib/gcc/avr/4.3.3/avr6\libgcc.a(_mulsi3.o)
                0x00006c42                __mulsi3
 .text.libgcc   0x00006c80       0x28 d:/programme/winavr/bin/../lib/gcc/avr/4.3.3/avr6\libgcc.a(_udivmodhi4.o)
                0x00006c80                __udivmodhi4
 .text.libgcc   0x00006ca8       0x44 d:/programme/winavr/bin/../lib/gcc/avr/4.3.3/avr6\libgcc.a(_udivmodsi4.o)
                0x00006ca8                __udivmodsi4
 .text.libgcc   0x00006cec        0x0 d:/programme/winavr/bin/../lib/gcc/avr/4.3.3/avr6\libgcc.a(_exit.o)
 .text.libgcc   0x00006cec        0x0 d:/programme/winavr/bin/../lib/gcc/avr/4.3.3/avr6\libgcc.a(_clear_bss.o)
 .text.libgcc   0x00006cec        0x0 d:/programme/winavr/bin/../lib/gcc/avr/4.3.3/avr6\libgcc.a(_ctors.o)
 .text.libgcc   0x00006cec       0x38 d:/programme/winavr/bin/../lib/gcc/avr/4.3.3/avr6\libgcc.a(_prologue.o)
                0x00006cec                __prologue_saves__
 .text.libgcc   0x00006d24       0x36 d:/programme/winavr/bin/../lib/gcc/avr/4.3.3/avr6\libgcc.a(_epilogue.o)
                0x00006d24                __epilogue_restores__
 .text.libgcc   0x00006d5a        0xc d:/programme/winavr/bin/../lib/gcc/avr/4.3.3/avr6\libgcc.a(_tablejump.o)
                0x00006d5e                __tablejump__
                0x00006d5a                __tablejump2__
 .text.avr-libc
                0x00006d66       0x4e d:/programme/winavr/bin/../lib/gcc/avr/4.3.3/../../../../avr/lib/avr6\libc.a(atol.o)
                0x00006d66                atol
 .text.avr-libc
                0x00006db4       0x10 d:/programme/winavr/bin/../lib/gcc/avr/4.3.3/../../../../avr/lib/avr6\libc.a(isspace.o)
                0x00006db4                isspace
 .text.avr-libc
                0x00006dc4       0x10 d:/programme/winavr/bin/../lib/gcc/avr/4.3.3/../../../../avr/lib/avr6\libc.a(tolower.o)
                0x00006dc4                tolower
 .text.avr-libc
                0x00006dd4       0x10 d:/programme/winavr/bin/../lib/gcc/avr/4.3.3/../../../../avr/lib/avr6\libc.a(toupper.o)
                0x00006dd4                toupper
 .text.avr-libc
                0x00006de4       0x1a d:/programme/winavr/bin/../lib/gcc/avr/4.3.3/../../../../avr/lib/avr6\libc.a(memcmp.o)
                0x00006de4                memcmp
 .text.avr-libc
                0x00006dfe       0x12 d:/programme/winavr/bin/../lib/gcc/avr/4.3.3/../../../../avr/lib/avr6\libc.a(memcpy.o)
                0x00006dfe                memcpy
 .text.avr-libc
                0x00006e10       0x24 d:/programme/winavr/bin/../lib/gcc/avr/4.3.3/../../../../avr/lib/avr6\libc.a(memmove.o)
                0x00006e10                memmove
 .text.avr-libc
                0x00006e34       0x16 d:/programme/winavr/bin/../lib/gcc/avr/4.3.3/../../../../avr/lib/avr6\libc.a(strchr.o)
                0x00006e34                strchr
 .text.avr-libc
                0x00006e4a       0x12 d:/programme/winavr/bin/../lib/gcc/avr/4.3.3/../../../../avr/lib/avr6\libc.a(strcmp.o)
                0x00006e4a                strcmp
 .text.avr-libc
                0x00006e5c        0xe d:/programme/winavr/bin/../lib/gcc/avr/4.3.3/../../../../avr/lib/avr6\libc.a(strcpy.o)
                0x00006e5c                strcpy
 .text.avr-libc
                0x00006e6a       0x1c d:/programme/winavr/bin/../lib/gcc/avr/4.3.3/../../../../avr/lib/avr6\libc.a(strncmp.o)
                0x00006e6a                strncmp
 .text.avr-libc
                0x00006e86       0x1e d:/programme/winavr/bin/../lib/gcc/avr/4.3.3/../../../../avr/lib/avr6\libc.a(strncpy.o)
                0x00006e86                strncpy
 .text.avr-libc
                0x00006ea4       0x16 d:/programme/winavr/bin/../lib/gcc/avr/4.3.3/../../../../avr/lib/avr6\libc.a(strrchr.o)
                0x00006ea4                strrchr
 .text.avr-libc
                0x00006eba       0x34 d:/programme/winavr/bin/../lib/gcc/avr/4.3.3/../../../../avr/lib/avr6\libc.a(strstr.o)
                0x00006eba                strstr
 .text.avr-libc
                0x00006eee       0x42 d:/programme/winavr/bin/../lib/gcc/avr/4.3.3/../../../../avr/lib/avr6\libc.a(itoa.o)
                0x00006eee                itoa
 .text.avr-libc
                0x00006f30       0x68 d:/programme/winavr/bin/../lib/gcc/avr/4.3.3/../../../../avr/lib/avr6\libc.a(ltoa.o)
                0x00006f30                ltoa
 .text.avr-libc
                0x00006f98       0x2a d:/programme/winavr/bin/../lib/gcc/avr/4.3.3/../../../../avr/lib/avr6\libc.a(mulsi10.o)
                0x00006f98                __mulsi_const_10
 .text.avr-libc
                0x00006fc2       0x4a d:/programme/winavr/bin/../lib/gcc/avr/4.3.3/../../../../avr/lib/avr6\libc.a(ultoa.o)
                0x00006fc2                ultoa
 .text.avr-libc
                0x0000700c       0x2c d:/programme/winavr/bin/../lib/gcc/avr/4.3.3/../../../../avr/lib/avr6\libc.a(utoa.o)
                0x0000700c                utoa
 .text.avr-libc
                0x00007038        0x6 d:/programme/winavr/bin/../lib/gcc/avr/4.3.3/../../../../avr/lib/avr6\libc.a(cty_isfalse.o)
                0x0000703c                __ctype_istrue
                0x00007038                __ctype_isfalse
 .text.avr-libc
                0x0000703e       0x20 d:/programme/winavr/bin/../lib/gcc/avr/4.3.3/../../../../avr/lib/avr6\libc.a(strrev.o)
                0x0000703e                strrev
                0x0000705e                . = ALIGN (0x2)
 *(.fini9)
 .fini9         0x0000705e        0x0 d:/programme/winavr/bin/../lib/gcc/avr/4.3.3/avr6\libgcc.a(_exit.o)
                0x0000705e                exit
                0x0000705e                _exit
 *(.fini9)
 *(.fini8)
 *(.fini8)
 *(.fini7)
 *(.fini7)
 *(.fini6)
 *(.fini6)
 *(.fini5)
 *(.fini5)
 *(.fini4)
 *(.fini4)
 *(.fini3)
 *(.fini3)
 *(.fini2)
 *(.fini2)
 *(.fini1)
 *(.fini1)
 *(.fini0)
 .fini0         0x0000705e        0x4 d:/programme/winavr/bin/../lib/gcc/avr/4.3.3/avr6\libgcc.a(_exit.o)
 *(.fini0)
                0x00007062                _etext = .

.data           0x00800200      0x19c load address 0x00007062
                0x00800200                PROVIDE (__data_start, .)
 *(.data)
 .data          0x00800200        0x0 d:/programme/winavr/bin/../lib/gcc/avr/4.3.3/../../../../avr/lib/avr6/crtm2560.o
 .data          0x00800200        0x0 obj\Debug\fuse.o
 .data          0x00800200       0x17 obj\Debug\libraries\twi.o
 .data          0x00800217       0x20 obj\Debug\libraries\Wire.o
                0x00800217                vtable for TwoWire
                0x00800227                vtable for Stream
 .data          0x00800237       0x12 obj\Debug\main.o
                0x00800237                lastLight
 .data          0x00800249        0x0 libraries\core.a(WInterrupts.c.o)
 .data          0x00800249        0x0 libraries\core.a(wiring.c.o)
 .data          0x00800249        0x0 libraries\core.a(wiring_analog.c.o)
 .data          0x00800249        0x0 libraries\core.a(wiring_digital.c.o)
 .data          0x00800249        0x0 libraries\core.a(wiring_pulse.c.o)
 .data          0x00800249        0x0 libraries\core.a(HardwareSerial.cpp.o)
 .data          0x00800249        0x0 libraries\core.a(IPAddress.cpp.o)
 .data          0x00800249        0xe libraries\core.a(Print.cpp.o)
 .data          0x00800257        0x1 libraries\core.a(WString.cpp.o)
 .data          0x00800258        0x0 libraries\core.a(malloc.c.o)
 .data          0x00800258        0x0 libraries\core.a(realloc.c.o)
 .data          0x00800258        0x0 d:/programme/winavr/bin/../lib/gcc/avr/4.3.3/avr6\libgcc.a(_mulsi3.o)
 .data          0x00800258        0x0 d:/programme/winavr/bin/../lib/gcc/avr/4.3.3/avr6\libgcc.a(_udivmodhi4.o)
 .data          0x00800258        0x0 d:/programme/winavr/bin/../lib/gcc/avr/4.3.3/avr6\libgcc.a(_udivmodsi4.o)
 .data          0x00800258        0x0 d:/programme/winavr/bin/../lib/gcc/avr/4.3.3/avr6\libgcc.a(_exit.o)
 .data          0x00800258        0x0 d:/programme/winavr/bin/../lib/gcc/avr/4.3.3/avr6\libgcc.a(_clear_bss.o)
 .data          0x00800258        0x0 d:/programme/winavr/bin/../lib/gcc/avr/4.3.3/avr6\libgcc.a(_ctors.o)
 .data          0x00800258        0x0 d:/programme/winavr/bin/../lib/gcc/avr/4.3.3/avr6\libgcc.a(_fixunssfsi.o)
 .data          0x00800258        0x0 d:/programme/winavr/bin/../lib/gcc/avr/4.3.3/avr6\libgcc.a(_addsub_sf.o)
 .data          0x00800258        0x0 d:/programme/winavr/bin/../lib/gcc/avr/4.3.3/avr6\libgcc.a(_mul_sf.o)
 .data          0x00800258        0x0 d:/programme/winavr/bin/../lib/gcc/avr/4.3.3/avr6\libgcc.a(_div_sf.o)
 .data          0x00800258        0x0 d:/programme/winavr/bin/../lib/gcc/avr/4.3.3/avr6\libgcc.a(_gt_sf.o)
 .data          0x00800258        0x0 d:/programme/winavr/bin/../lib/gcc/avr/4.3.3/avr6\libgcc.a(_ge_sf.o)
 .data          0x00800258        0x0 d:/programme/winavr/bin/../lib/gcc/avr/4.3.3/avr6\libgcc.a(_lt_sf.o)
 .data          0x00800258        0x0 d:/programme/winavr/bin/../lib/gcc/avr/4.3.3/avr6\libgcc.a(_le_sf.o)
 .data          0x00800258        0x0 d:/programme/winavr/bin/../lib/gcc/avr/4.3.3/avr6\libgcc.a(_unord_sf.o)
 .data          0x00800258        0x0 d:/programme/winavr/bin/../lib/gcc/avr/4.3.3/avr6\libgcc.a(_si_to_sf.o)
 .data          0x00800258        0x0 d:/programme/winavr/bin/../lib/gcc/avr/4.3.3/avr6\libgcc.a(_sf_to_si.o)
 .data          0x00800258        0x8 d:/programme/winavr/bin/../lib/gcc/avr/4.3.3/avr6\libgcc.a(_thenan_sf.o)
                0x00800258                __thenan_sf
 .data          0x00800260        0x0 d:/programme/winavr/bin/../lib/gcc/avr/4.3.3/avr6\libgcc.a(_usi_to_sf.o)
 .data          0x00800260        0x0 d:/programme/winavr/bin/../lib/gcc/avr/4.3.3/avr6\libgcc.a(_prologue.o)
 .data          0x00800260        0x0 d:/programme/winavr/bin/../lib/gcc/avr/4.3.3/avr6\libgcc.a(_epilogue.o)
 .data          0x00800260        0x0 d:/programme/winavr/bin/../lib/gcc/avr/4.3.3/avr6\libgcc.a(_tablejump.o)
 .data          0x00800260        0x0 d:/programme/winavr/bin/../lib/gcc/avr/4.3.3/avr6\libgcc.a(_clzsi2.o)
 .data          0x00800260        0x0 d:/programme/winavr/bin/../lib/gcc/avr/4.3.3/avr6\libgcc.a(_pack_sf.o)
 .data          0x00800260        0x0 d:/programme/winavr/bin/../lib/gcc/avr/4.3.3/avr6\libgcc.a(_unpack_sf.o)
 .data          0x00800260        0x0 d:/programme/winavr/bin/../lib/gcc/avr/4.3.3/avr6\libgcc.a(_fpcmp_parts_sf.o)
 .data          0x00800260      0x100 d:/programme/winavr/bin/../lib/gcc/avr/4.3.3/avr6\libgcc.a(_clz.o)
                0x00800260                __clz_tab
 .data          0x00800360        0x0 d:/programme/winavr/bin/../lib/gcc/avr/4.3.3/../../../../avr/lib/avr6\libc.a(atol.o)
 .data          0x00800360        0x0 d:/programme/winavr/bin/../lib/gcc/avr/4.3.3/../../../../avr/lib/avr6\libc.a(isspace.o)
 .data          0x00800360        0x0 d:/programme/winavr/bin/../lib/gcc/avr/4.3.3/../../../../avr/lib/avr6\libc.a(tolower.o)
 .data          0x00800360        0x0 d:/programme/winavr/bin/../lib/gcc/avr/4.3.3/../../../../avr/lib/avr6\libc.a(toupper.o)
 .data          0x00800360        0x0 d:/programme/winavr/bin/../lib/gcc/avr/4.3.3/../../../../avr/lib/avr6\libc.a(memcmp.o)
 .data          0x00800360        0x0 d:/programme/winavr/bin/../lib/gcc/avr/4.3.3/../../../../avr/lib/avr6\libc.a(memcpy.o)
 .data          0x00800360        0x0 d:/programme/winavr/bin/../lib/gcc/avr/4.3.3/../../../../avr/lib/avr6\libc.a(memmove.o)
 .data          0x00800360        0x0 d:/programme/winavr/bin/../lib/gcc/avr/4.3.3/../../../../avr/lib/avr6\libc.a(strchr.o)
 .data          0x00800360        0x0 d:/programme/winavr/bin/../lib/gcc/avr/4.3.3/../../../../avr/lib/avr6\libc.a(strcmp.o)
 .data          0x00800360        0x0 d:/programme/winavr/bin/../lib/gcc/avr/4.3.3/../../../../avr/lib/avr6\libc.a(strcpy.o)
 .data          0x00800360        0x0 d:/programme/winavr/bin/../lib/gcc/avr/4.3.3/../../../../avr/lib/avr6\libc.a(strncmp.o)
 .data          0x00800360        0x0 d:/programme/winavr/bin/../lib/gcc/avr/4.3.3/../../../../avr/lib/avr6\libc.a(strncpy.o)
 .data          0x00800360        0x0 d:/programme/winavr/bin/../lib/gcc/avr/4.3.3/../../../../avr/lib/avr6\libc.a(strrchr.o)
 .data          0x00800360        0x0 d:/programme/winavr/bin/../lib/gcc/avr/4.3.3/../../../../avr/lib/avr6\libc.a(strstr.o)
 .data          0x00800360        0x0 d:/programme/winavr/bin/../lib/gcc/avr/4.3.3/../../../../avr/lib/avr6\libc.a(itoa.o)
 .data          0x00800360        0x0 d:/programme/winavr/bin/../lib/gcc/avr/4.3.3/../../../../avr/lib/avr6\libc.a(ltoa.o)
 .data          0x00800360        0x0 d:/programme/winavr/bin/../lib/gcc/avr/4.3.3/../../../../avr/lib/avr6\libc.a(mulsi10.o)
 .data          0x00800360        0x0 d:/programme/winavr/bin/../lib/gcc/avr/4.3.3/../../../../avr/lib/avr6\libc.a(ultoa.o)
 .data          0x00800360        0x0 d:/programme/winavr/bin/../lib/gcc/avr/4.3.3/../../../../avr/lib/avr6\libc.a(utoa.o)
 .data          0x00800360        0x0 d:/programme/winavr/bin/../lib/gcc/avr/4.3.3/../../../../avr/lib/avr6\libc.a(cty_isfalse.o)
 .data          0x00800360        0x0 d:/programme/winavr/bin/../lib/gcc/avr/4.3.3/../../../../avr/lib/avr6\libc.a(strrev.o)
 *(.data*)
 .data.analog_reference
                0x00800360        0x1 libraries\core.a(wiring_analog.c.o)
                0x00800360                analog_reference
 .data.__malloc_margin
                0x00800361        0x2 libraries\core.a(malloc.c.o)
                0x00800361                __malloc_margin
 .data.__malloc_heap_start
                0x00800363        0x2 libraries\core.a(malloc.c.o)
                0x00800363                __malloc_heap_start
 .data.__malloc_heap_end
                0x00800365        0x2 libraries\core.a(malloc.c.o)
                0x00800365                __malloc_heap_end
 *(.rodata)
 *(.rodata*)
 .rodata._ZTV14HardwareSerial
                0x00800367       0x10 libraries\core.a(HardwareSerial.cpp.o)
                0x00800367                vtable for HardwareSerial
 .rodata._ZTV6Stream
                0x00800377       0x10 libraries\core.a(HardwareSerial.cpp.o)
 .rodata._ZTV9IPAddress
                0x00800387        0x6 libraries\core.a(IPAddress.cpp.o)
                0x00800387                vtable for IPAddress
 .rodata._ZTV9Printable
                0x0080038d        0x6 libraries\core.a(IPAddress.cpp.o)
                0x0080038d                vtable for Printable
 .rodata._ZTV5Print
                0x00800393        0x8 libraries\core.a(Print.cpp.o)
                0x00800393                vtable for Print
 *(.gnu.linkonce.d*)
                0x0080039c                . = ALIGN (0x2)
 *fill*         0x0080039b        0x1 00
                0x0080039c                _edata = .
                0x0080039c                PROVIDE (__data_end, .)

.bss            0x0080039c      0x5af
                0x0080039c                PROVIDE (__bss_start, .)
 *(.bss)
 .bss           0x0080039c        0x0 d:/programme/winavr/bin/../lib/gcc/avr/4.3.3/../../../../avr/lib/avr6/crtm2560.o
 .bss           0x0080039c        0x0 obj\Debug\fuse.o
 .bss           0x0080039c       0x6e obj\Debug\libraries\twi.o
 .bss           0x0080040a       0x56 obj\Debug\libraries\Wire.o
                0x0080042c                TwoWire::txAddress
                0x0080042b                TwoWire::rxBufferLength
                0x00800452                TwoWire::user_onReceive
                0x0080044e                TwoWire::txBufferLength
                0x0080044d                TwoWire::txBufferIndex
                0x00800454                Wire
                0x0080042d                TwoWire::txBuffer
                0x00800450                TwoWire::user_onRequest
                0x0080042a                TwoWire::rxBufferIndex
                0x0080040a                TwoWire::rxBuffer
                0x0080044f                TwoWire::transmitting
 .bss           0x00800460      0x21f obj\Debug\main.o
                0x00800468                validRead
                0x00800466                rotL
                0x00800464                rotR
                0x00800677                rotSeek
                0x0080066a                accelVal
                0x00800460                speedR
                0x00800676                inter
                0x00800462                speedL
                0x0080046a                str
                0x00800670                calbAccelVal
 .bss           0x0080067f        0x0 libraries\core.a(WInterrupts.c.o)
 .bss           0x0080067f        0x0 libraries\core.a(wiring.c.o)
 .bss           0x0080067f        0x0 libraries\core.a(wiring_analog.c.o)
 .bss           0x0080067f        0x0 libraries\core.a(wiring_digital.c.o)
 .bss           0x0080067f        0x0 libraries\core.a(wiring_pulse.c.o)
 .bss           0x0080067f        0x0 libraries\core.a(HardwareSerial.cpp.o)
 .bss           0x0080067f        0x0 libraries\core.a(IPAddress.cpp.o)
 .bss           0x0080067f        0x0 libraries\core.a(Print.cpp.o)
 .bss           0x0080067f        0x0 libraries\core.a(WString.cpp.o)
 .bss           0x0080067f        0x0 libraries\core.a(malloc.c.o)
 .bss           0x0080067f        0x0 libraries\core.a(realloc.c.o)
 .bss           0x0080067f        0x0 d:/programme/winavr/bin/../lib/gcc/avr/4.3.3/avr6\libgcc.a(_mulsi3.o)
 .bss           0x0080067f        0x0 d:/programme/winavr/bin/../lib/gcc/avr/4.3.3/avr6\libgcc.a(_udivmodhi4.o)
 .bss           0x0080067f        0x0 d:/programme/winavr/bin/../lib/gcc/avr/4.3.3/avr6\libgcc.a(_udivmodsi4.o)
 .bss           0x0080067f        0x0 d:/programme/winavr/bin/../lib/gcc/avr/4.3.3/avr6\libgcc.a(_exit.o)
 .bss           0x0080067f        0x0 d:/programme/winavr/bin/../lib/gcc/avr/4.3.3/avr6\libgcc.a(_clear_bss.o)
 .bss           0x0080067f        0x0 d:/programme/winavr/bin/../lib/gcc/avr/4.3.3/avr6\libgcc.a(_ctors.o)
 .bss           0x0080067f        0x0 d:/programme/winavr/bin/../lib/gcc/avr/4.3.3/avr6\libgcc.a(_fixunssfsi.o)
 .bss           0x0080067f        0x0 d:/programme/winavr/bin/../lib/gcc/avr/4.3.3/avr6\libgcc.a(_addsub_sf.o)
 .bss           0x0080067f        0x0 d:/programme/winavr/bin/../lib/gcc/avr/4.3.3/avr6\libgcc.a(_mul_sf.o)
 .bss           0x0080067f        0x0 d:/programme/winavr/bin/../lib/gcc/avr/4.3.3/avr6\libgcc.a(_div_sf.o)
 .bss           0x0080067f        0x0 d:/programme/winavr/bin/../lib/gcc/avr/4.3.3/avr6\libgcc.a(_gt_sf.o)
 .bss           0x0080067f        0x0 d:/programme/winavr/bin/../lib/gcc/avr/4.3.3/avr6\libgcc.a(_ge_sf.o)
 .bss           0x0080067f        0x0 d:/programme/winavr/bin/../lib/gcc/avr/4.3.3/avr6\libgcc.a(_lt_sf.o)
 .bss           0x0080067f        0x0 d:/programme/winavr/bin/../lib/gcc/avr/4.3.3/avr6\libgcc.a(_le_sf.o)
 .bss           0x0080067f        0x0 d:/programme/winavr/bin/../lib/gcc/avr/4.3.3/avr6\libgcc.a(_unord_sf.o)
 .bss           0x0080067f        0x0 d:/programme/winavr/bin/../lib/gcc/avr/4.3.3/avr6\libgcc.a(_si_to_sf.o)
 .bss           0x0080067f        0x0 d:/programme/winavr/bin/../lib/gcc/avr/4.3.3/avr6\libgcc.a(_sf_to_si.o)
 .bss           0x0080067f        0x0 d:/programme/winavr/bin/../lib/gcc/avr/4.3.3/avr6\libgcc.a(_thenan_sf.o)
 .bss           0x0080067f        0x0 d:/programme/winavr/bin/../lib/gcc/avr/4.3.3/avr6\libgcc.a(_usi_to_sf.o)
 .bss           0x0080067f        0x0 d:/programme/winavr/bin/../lib/gcc/avr/4.3.3/avr6\libgcc.a(_prologue.o)
 .bss           0x0080067f        0x0 d:/programme/winavr/bin/../lib/gcc/avr/4.3.3/avr6\libgcc.a(_epilogue.o)
 .bss           0x0080067f        0x0 d:/programme/winavr/bin/../lib/gcc/avr/4.3.3/avr6\libgcc.a(_tablejump.o)
 .bss           0x0080067f        0x0 d:/programme/winavr/bin/../lib/gcc/avr/4.3.3/avr6\libgcc.a(_clzsi2.o)
 .bss           0x0080067f        0x0 d:/programme/winavr/bin/../lib/gcc/avr/4.3.3/avr6\libgcc.a(_pack_sf.o)
 .bss           0x0080067f        0x0 d:/programme/winavr/bin/../lib/gcc/avr/4.3.3/avr6\libgcc.a(_unpack_sf.o)
 .bss           0x0080067f        0x0 d:/programme/winavr/bin/../lib/gcc/avr/4.3.3/avr6\libgcc.a(_fpcmp_parts_sf.o)
 .bss           0x0080067f        0x0 d:/programme/winavr/bin/../lib/gcc/avr/4.3.3/avr6\libgcc.a(_clz.o)
 .bss           0x0080067f        0x0 d:/programme/winavr/bin/../lib/gcc/avr/4.3.3/../../../../avr/lib/avr6\libc.a(atol.o)
 .bss           0x0080067f        0x0 d:/programme/winavr/bin/../lib/gcc/avr/4.3.3/../../../../avr/lib/avr6\libc.a(isspace.o)
 .bss           0x0080067f        0x0 d:/programme/winavr/bin/../lib/gcc/avr/4.3.3/../../../../avr/lib/avr6\libc.a(tolower.o)
 .bss           0x0080067f        0x0 d:/programme/winavr/bin/../lib/gcc/avr/4.3.3/../../../../avr/lib/avr6\libc.a(toupper.o)
 .bss           0x0080067f        0x0 d:/programme/winavr/bin/../lib/gcc/avr/4.3.3/../../../../avr/lib/avr6\libc.a(memcmp.o)
 .bss           0x0080067f        0x0 d:/programme/winavr/bin/../lib/gcc/avr/4.3.3/../../../../avr/lib/avr6\libc.a(memcpy.o)
 .bss           0x0080067f        0x0 d:/programme/winavr/bin/../lib/gcc/avr/4.3.3/../../../../avr/lib/avr6\libc.a(memmove.o)
 .bss           0x0080067f        0x0 d:/programme/winavr/bin/../lib/gcc/avr/4.3.3/../../../../avr/lib/avr6\libc.a(strchr.o)
 .bss           0x0080067f        0x0 d:/programme/winavr/bin/../lib/gcc/avr/4.3.3/../../../../avr/lib/avr6\libc.a(strcmp.o)
 .bss           0x0080067f        0x0 d:/programme/winavr/bin/../lib/gcc/avr/4.3.3/../../../../avr/lib/avr6\libc.a(strcpy.o)
 .bss           0x0080067f        0x0 d:/programme/winavr/bin/../lib/gcc/avr/4.3.3/../../../../avr/lib/avr6\libc.a(strncmp.o)
 .bss           0x0080067f        0x0 d:/programme/winavr/bin/../lib/gcc/avr/4.3.3/../../../../avr/lib/avr6\libc.a(strncpy.o)
 .bss           0x0080067f        0x0 d:/programme/winavr/bin/../lib/gcc/avr/4.3.3/../../../../avr/lib/avr6\libc.a(strrchr.o)
 .bss           0x0080067f        0x0 d:/programme/winavr/bin/../lib/gcc/avr/4.3.3/../../../../avr/lib/avr6\libc.a(strstr.o)
 .bss           0x0080067f        0x0 d:/programme/winavr/bin/../lib/gcc/avr/4.3.3/../../../../avr/lib/avr6\libc.a(itoa.o)
 .bss           0x0080067f        0x0 d:/programme/winavr/bin/../lib/gcc/avr/4.3.3/../../../../avr/lib/avr6\libc.a(ltoa.o)
 .bss           0x0080067f        0x0 d:/programme/winavr/bin/../lib/gcc/avr/4.3.3/../../../../avr/lib/avr6\libc.a(mulsi10.o)
 .bss           0x0080067f        0x0 d:/programme/winavr/bin/../lib/gcc/avr/4.3.3/../../../../avr/lib/avr6\libc.a(ultoa.o)
 .bss           0x0080067f        0x0 d:/programme/winavr/bin/../lib/gcc/avr/4.3.3/../../../../avr/lib/avr6\libc.a(utoa.o)
 .bss           0x0080067f        0x0 d:/programme/winavr/bin/../lib/gcc/avr/4.3.3/../../../../avr/lib/avr6\libc.a(cty_isfalse.o)
 .bss           0x0080067f        0x0 d:/programme/winavr/bin/../lib/gcc/avr/4.3.3/../../../../avr/lib/avr6\libc.a(strrev.o)
 *(.bss*)
 .bss.intFunc   0x0080067f       0x10 libraries\core.a(WInterrupts.c.o)
 .bss.timer0_overflow_count
                0x0080068f        0x4 libraries\core.a(wiring.c.o)
                0x0080068f                timer0_overflow_count
 .bss.timer0_millis
                0x00800693        0x4 libraries\core.a(wiring.c.o)
                0x00800693                timer0_millis
 .bss.timer0_fract
                0x00800697        0x1 libraries\core.a(wiring.c.o)
 .bss.rx_buffer
                0x00800698       0x44 libraries\core.a(HardwareSerial.cpp.o)
                0x00800698                rx_buffer
 .bss.tx_buffer
                0x008006dc       0x44 libraries\core.a(HardwareSerial.cpp.o)
                0x008006dc                tx_buffer
 .bss.rx_buffer1
                0x00800720       0x44 libraries\core.a(HardwareSerial.cpp.o)
                0x00800720                rx_buffer1
 .bss.tx_buffer1
                0x00800764       0x44 libraries\core.a(HardwareSerial.cpp.o)
                0x00800764                tx_buffer1
 .bss.rx_buffer2
                0x008007a8       0x44 libraries\core.a(HardwareSerial.cpp.o)
                0x008007a8                rx_buffer2
 .bss.tx_buffer2
                0x008007ec       0x44 libraries\core.a(HardwareSerial.cpp.o)
                0x008007ec                tx_buffer2
 .bss.rx_buffer3
                0x00800830       0x44 libraries\core.a(HardwareSerial.cpp.o)
                0x00800830                rx_buffer3
 .bss.tx_buffer3
                0x00800874       0x44 libraries\core.a(HardwareSerial.cpp.o)
                0x00800874                tx_buffer3
 .bss.Serial    0x008008b8       0x22 libraries\core.a(HardwareSerial.cpp.o)
                0x008008b8                Serial
 .bss.Serial1   0x008008da       0x22 libraries\core.a(HardwareSerial.cpp.o)
                0x008008da                Serial1
 .bss.Serial2   0x008008fc       0x22 libraries\core.a(HardwareSerial.cpp.o)
                0x008008fc                Serial2
 .bss.Serial3   0x0080091e       0x22 libraries\core.a(HardwareSerial.cpp.o)
                0x0080091e                Serial3
 .bss._ZL11INADDR_NONE
                0x00800940        0x6 libraries\core.a(IPAddress.cpp.o)
 .bss._ZZN6StringixEjE19dummy_writable_char
                0x00800946        0x1 libraries\core.a(WString.cpp.o)
 *(COMMON)
 COMMON         0x00800947        0x4 libraries\core.a(malloc.c.o)
                0x00800947                __brkval
                0x00800949                __flp
                0x0080094b                PROVIDE (__bss_end, .)
                0x00007062                __data_load_start = LOADADDR (.data)
                0x000071fe                __data_load_end = (__data_load_start + SIZEOF (.data))

.noinit         0x0080094b        0x0
                0x0080094b                PROVIDE (__noinit_start, .)
 *(.noinit*)
                0x0080094b                PROVIDE (__noinit_end, .)
                0x0080094b                _end = .
                0x0080094b                PROVIDE (__heap_start, .)

.eeprom         0x00810000        0x0
 *(.eeprom*)
                0x00810000                __eeprom_end = .

.fuse           0x00820000        0x3
 *(.fuse)
 .fuse          0x00820000        0x3 obj\Debug\fuse.o
                0x00820000                __fuse
 *(.lfuse)
 *(.hfuse)
 *(.efuse)

.lock
 *(.lock*)

.signature
 *(.signature*)

.stab
 *(.stab)

.stabstr
 *(.stabstr)

.stab.excl
 *(.stab.excl)

.stab.exclstr
 *(.stab.exclstr)

.stab.index
 *(.stab.index)

.stab.indexstr
 *(.stab.indexstr)

.comment
 *(.comment)

.debug
 *(.debug)

.line
 *(.line)

.debug_srcinfo
 *(.debug_srcinfo)

.debug_sfnames
 *(.debug_sfnames)

.debug_aranges  0x00000000      0x890
 *(.debug_aranges)
 .debug_aranges
                0x00000000       0x20 obj\Debug\libraries\twi.o
 .debug_aranges
                0x00000020       0x20 obj\Debug\libraries\Wire.o
 .debug_aranges
                0x00000040       0x20 obj\Debug\main.o
 .debug_aranges
                0x00000060       0x68 libraries\core.a(WInterrupts.c.o)
 .debug_aranges
                0x000000c8       0x48 libraries\core.a(wiring.c.o)
 .debug_aranges
                0x00000110       0x30 libraries\core.a(wiring_analog.c.o)
 .debug_aranges
                0x00000140       0x38 libraries\core.a(wiring_digital.c.o)
 .debug_aranges
                0x00000178       0x20 libraries\core.a(wiring_pulse.c.o)
 .debug_aranges
                0x00000198       0xe0 libraries\core.a(HardwareSerial.cpp.o)
 .debug_aranges
                0x00000278       0x80 libraries\core.a(IPAddress.cpp.o)
 .debug_aranges
                0x000002f8       0xf0 libraries\core.a(Print.cpp.o)
 .debug_aranges
                0x000003e8      0x260 libraries\core.a(WString.cpp.o)
 .debug_aranges
                0x00000648       0x28 libraries\core.a(malloc.c.o)
 .debug_aranges
                0x00000670       0x20 libraries\core.a(realloc.c.o)
 .debug_aranges
                0x00000690       0x20 d:/programme/winavr/bin/../lib/gcc/avr/4.3.3/avr6\libgcc.a(_fixunssfsi.o)
 .debug_aranges
                0x000006b0       0x20 d:/programme/winavr/bin/../lib/gcc/avr/4.3.3/avr6\libgcc.a(_addsub_sf.o)
 .debug_aranges
                0x000006d0       0x20 d:/programme/winavr/bin/../lib/gcc/avr/4.3.3/avr6\libgcc.a(_mul_sf.o)
 .debug_aranges
                0x000006f0       0x20 d:/programme/winavr/bin/../lib/gcc/avr/4.3.3/avr6\libgcc.a(_div_sf.o)
 .debug_aranges
                0x00000710       0x20 d:/programme/winavr/bin/../lib/gcc/avr/4.3.3/avr6\libgcc.a(_gt_sf.o)
 .debug_aranges
                0x00000730       0x20 d:/programme/winavr/bin/../lib/gcc/avr/4.3.3/avr6\libgcc.a(_ge_sf.o)
 .debug_aranges
                0x00000750       0x20 d:/programme/winavr/bin/../lib/gcc/avr/4.3.3/avr6\libgcc.a(_lt_sf.o)
 .debug_aranges
                0x00000770       0x20 d:/programme/winavr/bin/../lib/gcc/avr/4.3.3/avr6\libgcc.a(_le_sf.o)
 .debug_aranges
                0x00000790       0x20 d:/programme/winavr/bin/../lib/gcc/avr/4.3.3/avr6\libgcc.a(_unord_sf.o)
 .debug_aranges
                0x000007b0       0x20 d:/programme/winavr/bin/../lib/gcc/avr/4.3.3/avr6\libgcc.a(_si_to_sf.o)
 .debug_aranges
                0x000007d0       0x20 d:/programme/winavr/bin/../lib/gcc/avr/4.3.3/avr6\libgcc.a(_sf_to_si.o)
 .debug_aranges
                0x000007f0       0x20 d:/programme/winavr/bin/../lib/gcc/avr/4.3.3/avr6\libgcc.a(_usi_to_sf.o)
 .debug_aranges
                0x00000810       0x20 d:/programme/winavr/bin/../lib/gcc/avr/4.3.3/avr6\libgcc.a(_clzsi2.o)
 .debug_aranges
                0x00000830       0x20 d:/programme/winavr/bin/../lib/gcc/avr/4.3.3/avr6\libgcc.a(_pack_sf.o)
 .debug_aranges
                0x00000850       0x20 d:/programme/winavr/bin/../lib/gcc/avr/4.3.3/avr6\libgcc.a(_unpack_sf.o)
 .debug_aranges
                0x00000870       0x20 d:/programme/winavr/bin/../lib/gcc/avr/4.3.3/avr6\libgcc.a(_fpcmp_parts_sf.o)

.debug_pubnames
                0x00000000     0x1756
 *(.debug_pubnames)
 .debug_pubnames
                0x00000000       0x1d obj\Debug\fuse.o
 .debug_pubnames
                0x0000001d       0xd8 obj\Debug\libraries\twi.o
 .debug_pubnames
                0x000000f5      0x378 obj\Debug\libraries\Wire.o
 .debug_pubnames
                0x0000046d      0x1a7 obj\Debug\main.o
 .debug_pubnames
                0x00000614       0xb2 libraries\core.a(WInterrupts.c.o)
 .debug_pubnames
                0x000006c6       0x8d libraries\core.a(wiring.c.o)
 .debug_pubnames
                0x00000753       0x5a libraries\core.a(wiring_analog.c.o)
 .debug_pubnames
                0x000007ad       0xda libraries\core.a(wiring_digital.c.o)
 .debug_pubnames
                0x00000887       0x1e libraries\core.a(wiring_pulse.c.o)
 .debug_pubnames
                0x000008a5      0x2c5 libraries\core.a(HardwareSerial.cpp.o)
 .debug_pubnames
                0x00000b6a      0x13d libraries\core.a(IPAddress.cpp.o)
 .debug_pubnames
                0x00000ca7      0x200 libraries\core.a(Print.cpp.o)
 .debug_pubnames
                0x00000ea7      0x5bf libraries\core.a(WString.cpp.o)
 .debug_pubnames
                0x00001466       0x7f libraries\core.a(malloc.c.o)
 .debug_pubnames
                0x000014e5       0x1e libraries\core.a(realloc.c.o)
 .debug_pubnames
                0x00001503       0x23 d:/programme/winavr/bin/../lib/gcc/avr/4.3.3/avr6\libgcc.a(_fixunssfsi.o)
 .debug_pubnames
                0x00001526       0x2c d:/programme/winavr/bin/../lib/gcc/avr/4.3.3/avr6\libgcc.a(_addsub_sf.o)
 .debug_pubnames
                0x00001552       0x1f d:/programme/winavr/bin/../lib/gcc/avr/4.3.3/avr6\libgcc.a(_mul_sf.o)
 .debug_pubnames
                0x00001571       0x1f d:/programme/winavr/bin/../lib/gcc/avr/4.3.3/avr6\libgcc.a(_div_sf.o)
 .debug_pubnames
                0x00001590       0x1e d:/programme/winavr/bin/../lib/gcc/avr/4.3.3/avr6\libgcc.a(_gt_sf.o)
 .debug_pubnames
                0x000015ae       0x1e d:/programme/winavr/bin/../lib/gcc/avr/4.3.3/avr6\libgcc.a(_ge_sf.o)
 .debug_pubnames
                0x000015cc       0x1e d:/programme/winavr/bin/../lib/gcc/avr/4.3.3/avr6\libgcc.a(_lt_sf.o)
 .debug_pubnames
                0x000015ea       0x1e d:/programme/winavr/bin/../lib/gcc/avr/4.3.3/avr6\libgcc.a(_le_sf.o)
 .debug_pubnames
                0x00001608       0x21 d:/programme/winavr/bin/../lib/gcc/avr/4.3.3/avr6\libgcc.a(_unord_sf.o)
 .debug_pubnames
                0x00001629       0x22 d:/programme/winavr/bin/../lib/gcc/avr/4.3.3/avr6\libgcc.a(_si_to_sf.o)
 .debug_pubnames
                0x0000164b       0x20 d:/programme/winavr/bin/../lib/gcc/avr/4.3.3/avr6\libgcc.a(_sf_to_si.o)
 .debug_pubnames
                0x0000166b       0x22 d:/programme/winavr/bin/../lib/gcc/avr/4.3.3/avr6\libgcc.a(_thenan_sf.o)
 .debug_pubnames
                0x0000168d       0x24 d:/programme/winavr/bin/../lib/gcc/avr/4.3.3/avr6\libgcc.a(_usi_to_sf.o)
 .debug_pubnames
                0x000016b1       0x1f d:/programme/winavr/bin/../lib/gcc/avr/4.3.3/avr6\libgcc.a(_clzsi2.o)
 .debug_pubnames
                0x000016d0       0x1f d:/programme/winavr/bin/../lib/gcc/avr/4.3.3/avr6\libgcc.a(_pack_sf.o)
 .debug_pubnames
                0x000016ef       0x21 d:/programme/winavr/bin/../lib/gcc/avr/4.3.3/avr6\libgcc.a(_unpack_sf.o)
 .debug_pubnames
                0x00001710       0x26 d:/programme/winavr/bin/../lib/gcc/avr/4.3.3/avr6\libgcc.a(_fpcmp_parts_sf.o)
 .debug_pubnames
                0x00001736       0x20 d:/programme/winavr/bin/../lib/gcc/avr/4.3.3/avr6\libgcc.a(_clz.o)

.debug_info     0x00000000     0xcc57
 *(.debug_info)
 .debug_info    0x00000000       0xae obj\Debug\fuse.o
 .debug_info    0x000000ae      0x540 obj\Debug\libraries\twi.o
 .debug_info    0x000005ee     0x18a6 obj\Debug\libraries\Wire.o
 .debug_info    0x00001e94      0x820 obj\Debug\main.o
 .debug_info    0x000026b4      0x2d7 libraries\core.a(WInterrupts.c.o)
 .debug_info    0x0000298b      0x37a libraries\core.a(wiring.c.o)
 .debug_info    0x00002d05      0x289 libraries\core.a(wiring_analog.c.o)
 .debug_info    0x00002f8e      0x5d3 libraries\core.a(wiring_digital.c.o)
 .debug_info    0x00003561      0x347 libraries\core.a(wiring_pulse.c.o)
 .debug_info    0x000038a8     0x1f1f libraries\core.a(HardwareSerial.cpp.o)
 .debug_info    0x000057c7      0x897 libraries\core.a(IPAddress.cpp.o)
 .debug_info    0x0000605e     0x1b4b libraries\core.a(Print.cpp.o)
 .debug_info    0x00007ba9     0x21e1 libraries\core.a(WString.cpp.o)
 .debug_info    0x00009d8a      0x229 libraries\core.a(malloc.c.o)
 .debug_info    0x00009fb3      0x194 libraries\core.a(realloc.c.o)
 .debug_info    0x0000a147       0xb1 d:/programme/winavr/bin/../lib/gcc/avr/4.3.3/avr6\libgcc.a(_fixunssfsi.o)
 .debug_info    0x0000a1f8      0x47a d:/programme/winavr/bin/../lib/gcc/avr/4.3.3/avr6\libgcc.a(_addsub_sf.o)
 .debug_info    0x0000a672      0x485 d:/programme/winavr/bin/../lib/gcc/avr/4.3.3/avr6\libgcc.a(_mul_sf.o)
 .debug_info    0x0000aaf7      0x3fc d:/programme/winavr/bin/../lib/gcc/avr/4.3.3/avr6\libgcc.a(_div_sf.o)
 .debug_info    0x0000aef3      0x27f d:/programme/winavr/bin/../lib/gcc/avr/4.3.3/avr6\libgcc.a(_gt_sf.o)
 .debug_info    0x0000b172      0x27f d:/programme/winavr/bin/../lib/gcc/avr/4.3.3/avr6\libgcc.a(_ge_sf.o)
 .debug_info    0x0000b3f1      0x27f d:/programme/winavr/bin/../lib/gcc/avr/4.3.3/avr6\libgcc.a(_lt_sf.o)
 .debug_info    0x0000b670      0x27f d:/programme/winavr/bin/../lib/gcc/avr/4.3.3/avr6\libgcc.a(_le_sf.o)
 .debug_info    0x0000b8ef      0x27f d:/programme/winavr/bin/../lib/gcc/avr/4.3.3/avr6\libgcc.a(_unord_sf.o)
 .debug_info    0x0000bb6e      0x207 d:/programme/winavr/bin/../lib/gcc/avr/4.3.3/avr6\libgcc.a(_si_to_sf.o)
 .debug_info    0x0000bd75      0x2b0 d:/programme/winavr/bin/../lib/gcc/avr/4.3.3/avr6\libgcc.a(_sf_to_si.o)
 .debug_info    0x0000c025      0x12c d:/programme/winavr/bin/../lib/gcc/avr/4.3.3/avr6\libgcc.a(_thenan_sf.o)
 .debug_info    0x0000c151      0x206 d:/programme/winavr/bin/../lib/gcc/avr/4.3.3/avr6\libgcc.a(_usi_to_sf.o)
 .debug_info    0x0000c357      0x117 d:/programme/winavr/bin/../lib/gcc/avr/4.3.3/avr6\libgcc.a(_clzsi2.o)
 .debug_info    0x0000c46e      0x2df d:/programme/winavr/bin/../lib/gcc/avr/4.3.3/avr6\libgcc.a(_pack_sf.o)
 .debug_info    0x0000c74d      0x251 d:/programme/winavr/bin/../lib/gcc/avr/4.3.3/avr6\libgcc.a(_unpack_sf.o)
 .debug_info    0x0000c99e      0x210 d:/programme/winavr/bin/../lib/gcc/avr/4.3.3/avr6\libgcc.a(_fpcmp_parts_sf.o)
 .debug_info    0x0000cbae       0xa9 d:/programme/winavr/bin/../lib/gcc/avr/4.3.3/avr6\libgcc.a(_clz.o)
 *(.gnu.linkonce.wi.*)

.debug_abbrev   0x00000000     0x3415
 *(.debug_abbrev)
 .debug_abbrev  0x00000000       0x73 obj\Debug\fuse.o
 .debug_abbrev  0x00000073      0x164 obj\Debug\libraries\twi.o
 .debug_abbrev  0x000001d7      0x31f obj\Debug\libraries\Wire.o
 .debug_abbrev  0x000004f6      0x250 obj\Debug\main.o
 .debug_abbrev  0x00000746       0xe7 libraries\core.a(WInterrupts.c.o)
 .debug_abbrev  0x0000082d      0x17d libraries\core.a(wiring.c.o)
 .debug_abbrev  0x000009aa      0x117 libraries\core.a(wiring_analog.c.o)
 .debug_abbrev  0x00000ac1      0x167 libraries\core.a(wiring_digital.c.o)
 .debug_abbrev  0x00000c28       0xf8 libraries\core.a(wiring_pulse.c.o)
 .debug_abbrev  0x00000d20      0x48e libraries\core.a(HardwareSerial.cpp.o)
 .debug_abbrev  0x000011ae      0x296 libraries\core.a(IPAddress.cpp.o)
 .debug_abbrev  0x00001444      0x336 libraries\core.a(Print.cpp.o)
 .debug_abbrev  0x0000177a      0x343 libraries\core.a(WString.cpp.o)
 .debug_abbrev  0x00001abd      0x10d libraries\core.a(malloc.c.o)
 .debug_abbrev  0x00001bca       0xc9 libraries\core.a(realloc.c.o)
 .debug_abbrev  0x00001c93       0x5d d:/programme/winavr/bin/../lib/gcc/avr/4.3.3/avr6\libgcc.a(_fixunssfsi.o)
 .debug_abbrev  0x00001cf0      0x1ea d:/programme/winavr/bin/../lib/gcc/avr/4.3.3/avr6\libgcc.a(_addsub_sf.o)
 .debug_abbrev  0x00001eda      0x21b d:/programme/winavr/bin/../lib/gcc/avr/4.3.3/avr6\libgcc.a(_mul_sf.o)
 .debug_abbrev  0x000020f5      0x216 d:/programme/winavr/bin/../lib/gcc/avr/4.3.3/avr6\libgcc.a(_div_sf.o)
 .debug_abbrev  0x0000230b      0x15a d:/programme/winavr/bin/../lib/gcc/avr/4.3.3/avr6\libgcc.a(_gt_sf.o)
 .debug_abbrev  0x00002465      0x15a d:/programme/winavr/bin/../lib/gcc/avr/4.3.3/avr6\libgcc.a(_ge_sf.o)
 .debug_abbrev  0x000025bf      0x15a d:/programme/winavr/bin/../lib/gcc/avr/4.3.3/avr6\libgcc.a(_lt_sf.o)
 .debug_abbrev  0x00002719      0x15a d:/programme/winavr/bin/../lib/gcc/avr/4.3.3/avr6\libgcc.a(_le_sf.o)
 .debug_abbrev  0x00002873      0x15a d:/programme/winavr/bin/../lib/gcc/avr/4.3.3/avr6\libgcc.a(_unord_sf.o)
 .debug_abbrev  0x000029cd      0x148 d:/programme/winavr/bin/../lib/gcc/avr/4.3.3/avr6\libgcc.a(_si_to_sf.o)
 .debug_abbrev  0x00002b15      0x17f d:/programme/winavr/bin/../lib/gcc/avr/4.3.3/avr6\libgcc.a(_sf_to_si.o)
 .debug_abbrev  0x00002c94       0xad d:/programme/winavr/bin/../lib/gcc/avr/4.3.3/avr6\libgcc.a(_thenan_sf.o)
 .debug_abbrev  0x00002d41      0x157 d:/programme/winavr/bin/../lib/gcc/avr/4.3.3/avr6\libgcc.a(_usi_to_sf.o)
 .debug_abbrev  0x00002e98       0xc4 d:/programme/winavr/bin/../lib/gcc/avr/4.3.3/avr6\libgcc.a(_clzsi2.o)
 .debug_abbrev  0x00002f5c      0x1c0 d:/programme/winavr/bin/../lib/gcc/avr/4.3.3/avr6\libgcc.a(_pack_sf.o)
 .debug_abbrev  0x0000311c      0x154 d:/programme/winavr/bin/../lib/gcc/avr/4.3.3/avr6\libgcc.a(_unpack_sf.o)
 .debug_abbrev  0x00003270      0x13b d:/programme/winavr/bin/../lib/gcc/avr/4.3.3/avr6\libgcc.a(_fpcmp_parts_sf.o)
 .debug_abbrev  0x000033ab       0x6a d:/programme/winavr/bin/../lib/gcc/avr/4.3.3/avr6\libgcc.a(_clz.o)

.debug_line     0x00000000     0x67eb
 *(.debug_line)
 .debug_line    0x00000000       0x84 obj\Debug\fuse.o
 .debug_line    0x00000084      0x589 obj\Debug\libraries\twi.o
 .debug_line    0x0000060d      0x514 obj\Debug\libraries\Wire.o
 .debug_line    0x00000b21      0xa34 obj\Debug\main.o
 .debug_line    0x00001555      0x3e0 libraries\core.a(WInterrupts.c.o)
 .debug_line    0x00001935      0x3dd libraries\core.a(wiring.c.o)
 .debug_line    0x00001d12      0x31d libraries\core.a(wiring_analog.c.o)
 .debug_line    0x0000202f      0x32d libraries\core.a(wiring_digital.c.o)
 .debug_line    0x0000235c      0x1e8 libraries\core.a(wiring_pulse.c.o)
 .debug_line    0x00002544      0xb69 libraries\core.a(HardwareSerial.cpp.o)
 .debug_line    0x000030ad      0x45c libraries\core.a(IPAddress.cpp.o)
 .debug_line    0x00003509      0x75a libraries\core.a(Print.cpp.o)
 .debug_line    0x00003c63     0x113e libraries\core.a(WString.cpp.o)
 .debug_line    0x00004da1      0x32a libraries\core.a(malloc.c.o)
 .debug_line    0x000050cb      0x277 libraries\core.a(realloc.c.o)
 .debug_line    0x00005342       0xa7 d:/programme/winavr/bin/../lib/gcc/avr/4.3.3/avr6\libgcc.a(_fixunssfsi.o)
 .debug_line    0x000053e9      0x2af d:/programme/winavr/bin/../lib/gcc/avr/4.3.3/avr6\libgcc.a(_addsub_sf.o)
 .debug_line    0x00005698      0x239 d:/programme/winavr/bin/../lib/gcc/avr/4.3.3/avr6\libgcc.a(_mul_sf.o)
 .debug_line    0x000058d1      0x1d5 d:/programme/winavr/bin/../lib/gcc/avr/4.3.3/avr6\libgcc.a(_div_sf.o)
 .debug_line    0x00005aa6       0xd3 d:/programme/winavr/bin/../lib/gcc/avr/4.3.3/avr6\libgcc.a(_gt_sf.o)
 .debug_line    0x00005b79       0xd3 d:/programme/winavr/bin/../lib/gcc/avr/4.3.3/avr6\libgcc.a(_ge_sf.o)
 .debug_line    0x00005c4c       0xd3 d:/programme/winavr/bin/../lib/gcc/avr/4.3.3/avr6\libgcc.a(_lt_sf.o)
 .debug_line    0x00005d1f       0xd3 d:/programme/winavr/bin/../lib/gcc/avr/4.3.3/avr6\libgcc.a(_le_sf.o)
 .debug_line    0x00005df2       0xcb d:/programme/winavr/bin/../lib/gcc/avr/4.3.3/avr6\libgcc.a(_unord_sf.o)
 .debug_line    0x00005ebd      0x135 d:/programme/winavr/bin/../lib/gcc/avr/4.3.3/avr6\libgcc.a(_si_to_sf.o)
 .debug_line    0x00005ff2      0x109 d:/programme/winavr/bin/../lib/gcc/avr/4.3.3/avr6\libgcc.a(_sf_to_si.o)
 .debug_line    0x000060fb       0x90 d:/programme/winavr/bin/../lib/gcc/avr/4.3.3/avr6\libgcc.a(_thenan_sf.o)
 .debug_line    0x0000618b      0x133 d:/programme/winavr/bin/../lib/gcc/avr/4.3.3/avr6\libgcc.a(_usi_to_sf.o)
 .debug_line    0x000062be       0xa5 d:/programme/winavr/bin/../lib/gcc/avr/4.3.3/avr6\libgcc.a(_clzsi2.o)
 .debug_line    0x00006363      0x18a d:/programme/winavr/bin/../lib/gcc/avr/4.3.3/avr6\libgcc.a(_pack_sf.o)
 .debug_line    0x000064ed      0x14b d:/programme/winavr/bin/../lib/gcc/avr/4.3.3/avr6\libgcc.a(_unpack_sf.o)
 .debug_line    0x00006638      0x137 d:/programme/winavr/bin/../lib/gcc/avr/4.3.3/avr6\libgcc.a(_fpcmp_parts_sf.o)
 .debug_line    0x0000676f       0x7c d:/programme/winavr/bin/../lib/gcc/avr/4.3.3/avr6\libgcc.a(_clz.o)

.debug_frame    0x00000000     0x1130
 *(.debug_frame)
 .debug_frame   0x00000000       0xc0 obj\Debug\libraries\twi.o
 .debug_frame   0x000000c0      0x1d0 obj\Debug\libraries\Wire.o
 .debug_frame   0x00000290      0x180 obj\Debug\main.o
 .debug_frame   0x00000410       0xb0 libraries\core.a(WInterrupts.c.o)
 .debug_frame   0x000004c0       0x70 libraries\core.a(wiring.c.o)
 .debug_frame   0x00000530       0x40 libraries\core.a(wiring_analog.c.o)
 .debug_frame   0x00000570       0x50 libraries\core.a(wiring_digital.c.o)
 .debug_frame   0x000005c0       0x20 libraries\core.a(wiring_pulse.c.o)
 .debug_frame   0x000005e0      0x1a0 libraries\core.a(HardwareSerial.cpp.o)
 .debug_frame   0x00000780       0xe0 libraries\core.a(IPAddress.cpp.o)
 .debug_frame   0x00000860      0x1c0 libraries\core.a(Print.cpp.o)
 .debug_frame   0x00000a20      0x4a0 libraries\core.a(WString.cpp.o)
 .debug_frame   0x00000ec0       0x30 libraries\core.a(malloc.c.o)
 .debug_frame   0x00000ef0       0x20 libraries\core.a(realloc.c.o)
 .debug_frame   0x00000f10       0x20 d:/programme/winavr/bin/../lib/gcc/avr/4.3.3/avr6\libgcc.a(_fixunssfsi.o)
 .debug_frame   0x00000f30       0x40 d:/programme/winavr/bin/../lib/gcc/avr/4.3.3/avr6\libgcc.a(_addsub_sf.o)
 .debug_frame   0x00000f70       0x20 d:/programme/winavr/bin/../lib/gcc/avr/4.3.3/avr6\libgcc.a(_mul_sf.o)
 .debug_frame   0x00000f90       0x20 d:/programme/winavr/bin/../lib/gcc/avr/4.3.3/avr6\libgcc.a(_div_sf.o)
 .debug_frame   0x00000fb0       0x20 d:/programme/winavr/bin/../lib/gcc/avr/4.3.3/avr6\libgcc.a(_gt_sf.o)
 .debug_frame   0x00000fd0       0x20 d:/programme/winavr/bin/../lib/gcc/avr/4.3.3/avr6\libgcc.a(_ge_sf.o)
 .debug_frame   0x00000ff0       0x20 d:/programme/winavr/bin/../lib/gcc/avr/4.3.3/avr6\libgcc.a(_lt_sf.o)
 .debug_frame   0x00001010       0x20 d:/programme/winavr/bin/../lib/gcc/avr/4.3.3/avr6\libgcc.a(_le_sf.o)
 .debug_frame   0x00001030       0x20 d:/programme/winavr/bin/../lib/gcc/avr/4.3.3/avr6\libgcc.a(_unord_sf.o)
 .debug_frame   0x00001050       0x20 d:/programme/winavr/bin/../lib/gcc/avr/4.3.3/avr6\libgcc.a(_si_to_sf.o)
 .debug_frame   0x00001070       0x20 d:/programme/winavr/bin/../lib/gcc/avr/4.3.3/avr6\libgcc.a(_sf_to_si.o)
 .debug_frame   0x00001090       0x20 d:/programme/winavr/bin/../lib/gcc/avr/4.3.3/avr6\libgcc.a(_usi_to_sf.o)
 .debug_frame   0x000010b0       0x20 d:/programme/winavr/bin/../lib/gcc/avr/4.3.3/avr6\libgcc.a(_clzsi2.o)
 .debug_frame   0x000010d0       0x20 d:/programme/winavr/bin/../lib/gcc/avr/4.3.3/avr6\libgcc.a(_pack_sf.o)
 .debug_frame   0x000010f0       0x20 d:/programme/winavr/bin/../lib/gcc/avr/4.3.3/avr6\libgcc.a(_unpack_sf.o)
 .debug_frame   0x00001110       0x20 d:/programme/winavr/bin/../lib/gcc/avr/4.3.3/avr6\libgcc.a(_fpcmp_parts_sf.o)

.debug_str      0x00000000     0x2661
 *(.debug_str)
 .debug_str     0x00000000       0x95 obj\Debug\fuse.o
                                 0xce (size before relaxing)
 .debug_str     0x00000095      0x1d2 obj\Debug\libraries\twi.o
                                0x28c (size before relaxing)
 .debug_str     0x00000267      0xebd obj\Debug\libraries\Wire.o
                               0x1024 (size before relaxing)
 .debug_str     0x00001124      0x2a6 obj\Debug\main.o
                                0x426 (size before relaxing)
 .debug_str     0x000013ca       0xf5 libraries\core.a(WInterrupts.c.o)
                                0x17f (size before relaxing)
 .debug_str     0x000014bf       0xaa libraries\core.a(wiring.c.o)
                                0x152 (size before relaxing)
 .debug_str     0x00001569       0xa7 libraries\core.a(wiring_analog.c.o)
                                0x150 (size before relaxing)
 .debug_str     0x00001610       0xe6 libraries\core.a(wiring_digital.c.o)
                                0x1bd (size before relaxing)
 .debug_str     0x000016f6       0x6d libraries\core.a(wiring_pulse.c.o)
                                0x177 (size before relaxing)
 .debug_str     0x00001763      0x3d0 libraries\core.a(HardwareSerial.cpp.o)
                                0xf42 (size before relaxing)
 .debug_str     0x00001b33      0x1e8 libraries\core.a(IPAddress.cpp.o)
                                0x356 (size before relaxing)
 .debug_str     0x00001d1b      0x385 libraries\core.a(Print.cpp.o)
                                0xc09 (size before relaxing)
 .debug_str     0x000020a0      0x1b8 libraries\core.a(WString.cpp.o)
                                0x9a5 (size before relaxing)
 .debug_str     0x00002258       0xd6 libraries\core.a(malloc.c.o)
                                0x155 (size before relaxing)
 .debug_str     0x0000232e       0x5e libraries\core.a(realloc.c.o)
                                0x119 (size before relaxing)
 .debug_str     0x0000238c       0x80 d:/programme/winavr/bin/../lib/gcc/avr/4.3.3/avr6\libgcc.a(_fixunssfsi.o)
                                 0xfe (size before relaxing)
 .debug_str     0x0000240c      0x147 d:/programme/winavr/bin/../lib/gcc/avr/4.3.3/avr6\libgcc.a(_addsub_sf.o)
                                0x206 (size before relaxing)
 .debug_str     0x00002553       0x27 d:/programme/winavr/bin/../lib/gcc/avr/4.3.3/avr6\libgcc.a(_mul_sf.o)
                                0x1bf (size before relaxing)
 .debug_str     0x0000257a       0x35 d:/programme/winavr/bin/../lib/gcc/avr/4.3.3/avr6\libgcc.a(_div_sf.o)
                                0x1c8 (size before relaxing)
 .debug_str     0x000025af        0x8 d:/programme/winavr/bin/../lib/gcc/avr/4.3.3/avr6\libgcc.a(_gt_sf.o)
                                0x195 (size before relaxing)